Multi CardServer r82 - by evileyes (http://www.infosat.org)
[15:53:18.694] config: parsing file '/tmp/ce2.cfg'
[15:53:18.694] config(8,13): DCW STATS: ON
[15:53:18.694] config(9,18): STATS-WINDOW: 2000 ms
[15:53:18.694] config(13,23): DCWFILTER CHECKSUM: OFF
[15:53:18.694] config(14,21): DCWFILTER REPEAT: OFF
[15:53:18.795] [cxg ] Newcamd Server started on port 15702
[15:53:18.795] HTTP server started on port 15700
[15:53:18.795] Telnet server started on port 15701
[15:53:18.795] CCcam server 0 started on port 15703 (version: 2.0.11)
[15:53:18.795] FreeCCcam Server: invalid port value (0)
[15:53:18.795] Cache server started on port 15704
[15:53:21.725] cc_connect_cli(): recv sha1 timeout
[15:53:21.730] CCcam1: client 'cxu' connected
[15:53:21.730] CCcam1: client 'cxu' running version 2.0.11 build 
[15:53:21.733] cxg : client 'u1' connected (127.0.0.1)
[15:53:21.766] <- ecm from client 'u1' ch 1884:000000:0064:a1669c0c
[15:53:21.786] [CACHEEX GATE] LOCAL_ONLY: unsolicited push dropped ch 1884:000000:00c8
[15:53:21.786] CCcam: client 'cxu' read failed 0
[15:53:21.786] CCcam: client 'cxu' disconnected 
 !!! PHASE1 STATS: 2s | struct 0 (0 repeats suppressed) | cache defer 0 | purge 0 live (0 marked, 0 released, 0 expired) | rotate 0 skipped, 0 refused, 0 below limit of 1 | trust 0 sources | agreement 0 agree, 0 dispute, 0 self, 0 proof, 0 unplaced | keys 0 impossible, 0 near (same), 0 near (other) | timing 0 fast, 0 flat (0 repeats suppressed) | shape 0 full, 0 one-group (0 limited), 0 patterns | cycle offered 0 (0 marked, 0 contra), handed 0 (0 stale, 0 unverified, 0 lines) | negative 0 live (0 proven, 0 refused, 0 lines) | mirror 0 keys, 0 complement-built (0 patterns) | peertrust 0 peers, 0 below the line, 0 skipped | cache guard 0 short, 0 unconfigured | lifecycle 0 fine, 0 coarse, 0 negative restored, 0 bad | fade 0, snapshots 0 ok, 0 failed
[15:53:23.735] CCcam1: client 'cxu' connected
[15:53:23.735] CCcam1: client 'cxu' running version 2.0.11 build 
[15:53:23.790] !!! [CACHEEX GATE] BLOCK_FAKE_CW: fake cw from exchange peer (20000|1) ch 1884:000000:0064
[15:53:24.235] [CACHEEX GATE] CWCHECK: holding cw, 1/2 confirmations ch 1884:000000:0064
[15:53:24.736] => cw to client 'u1' ch 1884:000000:0064 (2970ms)
found cccam cacheex client 'cxu'
[15:53:24.736] CCcam: client 'cxu' read failed 0
[15:53:24.736] CCcam: client 'cxu' disconnected 
[15:53:24.751] newcamd: client 'u1' read failed 0
[15:53:24.751] newcamd: client 'u1' disconnected
