gcc -c -O2 -m64 -I../src -I. -fpack-struct -include port_gnu89.h -std=gnu89 -fpermissive -fcommon -fno-strict-aliasing -Wimplicit-function-declaration -Wno-builtin-declaration-mismatch -Wno-stringop-overread -Wno-stringop-truncation -Wno-format-truncation -Wno-unused-result -Wno-pointer-sign -Wno-deprecated-declarations -Wno-int-conversion -Wno-incompatible-pointer-types -Wno-unused-variable -Wno-unused-but-set-variable -DCLI_CSCACHE -DSRV_CSCACHE -DCHECK_NEXTDCW -DSID_FILTER -DNEWCACHE -DCCCAM_CLI -DRADEGAST_CLI -DCAMD35_CLI -DCS378X_CLI -DHTTP_SRV -DTELNET -DMGCAMD_SRV -DCCCAM_SRV -DCAMD35_SRV -DCS378X_SRV -DFREECCCAM_SRV -DEXPIREDATE -DDCWSWAP -DCACHEEX -DTHREAD_DCW -DMONOTHREAD_ACCEPT -DDEBUG_NETWORK ../src/sha1.c -o x64/sha1.o
cc1: warning: command-line option '-fpermissive' is valid for C++/ObjC++ but not for C
../src/sha1.c: In function 'SHA1_Update':
../src/sha1.c:211:31: warning: taking address of packed member of 'struct <anonymous>' may result in an unaligned pointer value [-Waddress-of-packed-member]
  211 |         SHA1_Transform(context->state, context->buffer);
      |                        ~~~~~~~^~~~~~~
../src/sha1.c:213:35: warning: taking address of packed member of 'struct <anonymous>' may result in an unaligned pointer value [-Waddress-of-packed-member]
  213 |             SHA1_Transform(context->state, data + i);
      |                            ~~~~~~~^~~~~~~
gcc -c -O2 -m64 -I../src -I. -fpack-struct -include port_gnu89.h -std=gnu89 -fpermissive -fcommon -fno-strict-aliasing -Wimplicit-function-declaration -Wno-builtin-declaration-mismatch -Wno-stringop-overread -Wno-stringop-truncation -Wno-format-truncation -Wno-unused-result -Wno-pointer-sign -Wno-deprecated-declarations -Wno-int-conversion -Wno-incompatible-pointer-types -Wno-unused-variable -Wno-unused-but-set-variable -DCLI_CSCACHE -DSRV_CSCACHE -DCHECK_NEXTDCW -DSID_FILTER -DNEWCACHE -DCCCAM_CLI -DRADEGAST_CLI -DCAMD35_CLI -DCS378X_CLI -DHTTP_SRV -DTELNET -DMGCAMD_SRV -DCCCAM_SRV -DCAMD35_SRV -DCS378X_SRV -DFREECCCAM_SRV -DEXPIREDATE -DDCWSWAP -DCACHEEX -DTHREAD_DCW -DMONOTHREAD_ACCEPT -DDEBUG_NETWORK ../src/des.c -o x64/des.o
cc1: warning: command-line option '-fpermissive' is valid for C++/ObjC++ but not for C
gcc -c -O2 -m64 -I../src -I. -fpack-struct -include port_gnu89.h -std=gnu89 -fpermissive -fcommon -fno-strict-aliasing -Wimplicit-function-declaration -Wno-builtin-declaration-mismatch -Wno-stringop-overread -Wno-stringop-truncation -Wno-format-truncation -Wno-unused-result -Wno-pointer-sign -Wno-deprecated-declarations -Wno-int-conversion -Wno-incompatible-pointer-types -Wno-unused-variable -Wno-unused-but-set-variable -DCLI_CSCACHE -DSRV_CSCACHE -DCHECK_NEXTDCW -DSID_FILTER -DNEWCACHE -DCCCAM_CLI -DRADEGAST_CLI -DCAMD35_CLI -DCS378X_CLI -DHTTP_SRV -DTELNET -DMGCAMD_SRV -DCCCAM_SRV -DCAMD35_SRV -DCS378X_SRV -DFREECCCAM_SRV -DEXPIREDATE -DDCWSWAP -DCACHEEX -DTHREAD_DCW -DMONOTHREAD_ACCEPT -DDEBUG_NETWORK ../src/md5.c -o x64/md5.o
cc1: warning: command-line option '-fpermissive' is valid for C++/ObjC++ but not for C
../src/md5.c: In function '__md5_Update':
../src/md5.c:224:41: warning: taking address of packed member of 'struct MD5Context' may result in an unaligned pointer value [-Waddress-of-packed-member]
  224 |                 __md5_Transform (context->state, context->buffer);
      |                                  ~~~~~~~^~~~~~~
../src/md5.c:227:49: warning: taking address of packed member of 'struct MD5Context' may result in an unaligned pointer value [-Waddress-of-packed-member]
  227 |                         __md5_Transform (context->state, &input[i]);
      |                                          ~~~~~~~^~~~~~~
gcc -c -O2 -m64 -I../src -I. -fpack-struct -include port_gnu89.h -std=gnu89 -fpermissive -fcommon -fno-strict-aliasing -Wimplicit-function-declaration -Wno-builtin-declaration-mismatch -Wno-stringop-overread -Wno-stringop-truncation -Wno-format-truncation -Wno-unused-result -Wno-pointer-sign -Wno-deprecated-declarations -Wno-int-conversion -Wno-incompatible-pointer-types -Wno-unused-variable -Wno-unused-but-set-variable -DCLI_CSCACHE -DSRV_CSCACHE -DCHECK_NEXTDCW -DSID_FILTER -DNEWCACHE -DCCCAM_CLI -DRADEGAST_CLI -DCAMD35_CLI -DCS378X_CLI -DHTTP_SRV -DTELNET -DMGCAMD_SRV -DCCCAM_SRV -DCAMD35_SRV -DCS378X_SRV -DFREECCCAM_SRV -DEXPIREDATE -DDCWSWAP -DCACHEEX -DTHREAD_DCW -DMONOTHREAD_ACCEPT -DDEBUG_NETWORK ../src/aes.c -o x64/aes.o
cc1: warning: command-line option '-fpermissive' is valid for C++/ObjC++ but not for C
../src/aes.c: In function 'AES_set_encrypt_key':
../src/aes.c:691:14: warning: taking address of packed member of 'struct aes_key_st' may result in an unaligned pointer value [-Waddress-of-packed-member]
  691 |         rk = key->rd_key;
      |              ^~~
../src/aes.c: In function 'AES_set_decrypt_key':
../src/aes.c:792:14: warning: taking address of packed member of 'struct aes_key_st' may result in an unaligned pointer value [-Waddress-of-packed-member]
  792 |         rk = key->rd_key;
      |              ^~~
../src/aes.c: In function 'AES_encrypt':
../src/aes.c:842:14: warning: taking address of packed member of 'struct aes_key_st' may result in an unaligned pointer value [-Waddress-of-packed-member]
  842 |         rk = key->rd_key;
      |              ^~~
../src/aes.c: In function 'AES_decrypt':
../src/aes.c:1033:14: warning: taking address of packed member of 'struct aes_key_st' may result in an unaligned pointer value [-Waddress-of-packed-member]
 1033 |         rk = key->rd_key;
      |              ^~~
gcc -c -O2 -m64 -I../src -I. -fpack-struct -include port_gnu89.h -std=gnu89 -fpermissive -fcommon -fno-strict-aliasing -Wimplicit-function-declaration -Wno-builtin-declaration-mismatch -Wno-stringop-overread -Wno-stringop-truncation -Wno-format-truncation -Wno-unused-result -Wno-pointer-sign -Wno-deprecated-declarations -Wno-int-conversion -Wno-incompatible-pointer-types -Wno-unused-variable -Wno-unused-but-set-variable -DCLI_CSCACHE -DSRV_CSCACHE -DCHECK_NEXTDCW -DSID_FILTER -DNEWCACHE -DCCCAM_CLI -DRADEGAST_CLI -DCAMD35_CLI -DCS378X_CLI -DHTTP_SRV -DTELNET -DMGCAMD_SRV -DCCCAM_SRV -DCAMD35_SRV -DCS378X_SRV -DFREECCCAM_SRV -DEXPIREDATE -DDCWSWAP -DCACHEEX -DTHREAD_DCW -DMONOTHREAD_ACCEPT -DDEBUG_NETWORK ../src/dcw.c -o x64/dcw.o
cc1: warning: command-line option '-fpermissive' is valid for C++/ObjC++ but not for C
gcc -c -O2 -m64 -I../src -I. -fpack-struct -include port_gnu89.h -std=gnu89 -fpermissive -fcommon -fno-strict-aliasing -Wimplicit-function-declaration -Wno-builtin-declaration-mismatch -Wno-stringop-overread -Wno-stringop-truncation -Wno-format-truncation -Wno-unused-result -Wno-pointer-sign -Wno-deprecated-declarations -Wno-int-conversion -Wno-incompatible-pointer-types -Wno-unused-variable -Wno-unused-but-set-variable -DCLI_CSCACHE -DSRV_CSCACHE -DCHECK_NEXTDCW -DSID_FILTER -DNEWCACHE -DCCCAM_CLI -DRADEGAST_CLI -DCAMD35_CLI -DCS378X_CLI -DHTTP_SRV -DTELNET -DMGCAMD_SRV -DCCCAM_SRV -DCAMD35_SRV -DCS378X_SRV -DFREECCCAM_SRV -DEXPIREDATE -DDCWSWAP -DCACHEEX -DTHREAD_DCW -DMONOTHREAD_ACCEPT -DDEBUG_NETWORK ../src/convert.c -o x64/convert.o
cc1: warning: command-line option '-fpermissive' is valid for C++/ObjC++ but not for C
gcc -c -O2 -m64 -I../src -I. -fpack-struct -include port_gnu89.h -std=gnu89 -fpermissive -fcommon -fno-strict-aliasing -Wimplicit-function-declaration -Wno-builtin-declaration-mismatch -Wno-stringop-overread -Wno-stringop-truncation -Wno-format-truncation -Wno-unused-result -Wno-pointer-sign -Wno-deprecated-declarations -Wno-int-conversion -Wno-incompatible-pointer-types -Wno-unused-variable -Wno-unused-but-set-variable -DCLI_CSCACHE -DSRV_CSCACHE -DCHECK_NEXTDCW -DSID_FILTER -DNEWCACHE -DCCCAM_CLI -DRADEGAST_CLI -DCAMD35_CLI -DCS378X_CLI -DHTTP_SRV -DTELNET -DMGCAMD_SRV -DCCCAM_SRV -DCAMD35_SRV -DCS378X_SRV -DFREECCCAM_SRV -DEXPIREDATE -DDCWSWAP -DCACHEEX -DTHREAD_DCW -DMONOTHREAD_ACCEPT -DDEBUG_NETWORK ../src/tools.c -o x64/tools.o
cc1: warning: command-line option '-fpermissive' is valid for C++/ObjC++ but not for C
gcc -c -O2 -m64 -I../src -I. -fpack-struct -include port_gnu89.h -std=gnu89 -fpermissive -fcommon -fno-strict-aliasing -Wimplicit-function-declaration -Wno-builtin-declaration-mismatch -Wno-stringop-overread -Wno-stringop-truncation -Wno-format-truncation -Wno-unused-result -Wno-pointer-sign -Wno-deprecated-declarations -Wno-int-conversion -Wno-incompatible-pointer-types -Wno-unused-variable -Wno-unused-but-set-variable -DCLI_CSCACHE -DSRV_CSCACHE -DCHECK_NEXTDCW -DSID_FILTER -DNEWCACHE -DCCCAM_CLI -DRADEGAST_CLI -DCAMD35_CLI -DCS378X_CLI -DHTTP_SRV -DTELNET -DMGCAMD_SRV -DCCCAM_SRV -DCAMD35_SRV -DCS378X_SRV -DFREECCCAM_SRV -DEXPIREDATE -DDCWSWAP -DCACHEEX -DTHREAD_DCW -DMONOTHREAD_ACCEPT -DDEBUG_NETWORK ../src/debug.c -o x64/debug.o
cc1: warning: command-line option '-fpermissive' is valid for C++/ObjC++ but not for C
../src/debug.c: In function 'debugf':
../src/debug.c:202:9: warning: second parameter of 'va_start' not last named argument [-Wvarargs]
  202 |         va_start (args, fstr);
      |         ^~~~~~~~
gcc -c -O2 -m64 -I../src -I. -fpack-struct -include port_gnu89.h -std=gnu89 -fpermissive -fcommon -fno-strict-aliasing -Wimplicit-function-declaration -Wno-builtin-declaration-mismatch -Wno-stringop-overread -Wno-stringop-truncation -Wno-format-truncation -Wno-unused-result -Wno-pointer-sign -Wno-deprecated-declarations -Wno-int-conversion -Wno-incompatible-pointer-types -Wno-unused-variable -Wno-unused-but-set-variable -DCLI_CSCACHE -DSRV_CSCACHE -DCHECK_NEXTDCW -DSID_FILTER -DNEWCACHE -DCCCAM_CLI -DRADEGAST_CLI -DCAMD35_CLI -DCS378X_CLI -DHTTP_SRV -DTELNET -DMGCAMD_SRV -DCCCAM_SRV -DCAMD35_SRV -DCS378X_SRV -DFREECCCAM_SRV -DEXPIREDATE -DDCWSWAP -DCACHEEX -DTHREAD_DCW -DMONOTHREAD_ACCEPT -DDEBUG_NETWORK ../src/parser.c -o x64/parser.o
cc1: warning: command-line option '-fpermissive' is valid for C++/ObjC++ but not for C
gcc -c -O2 -m64 -I../src -I. -fpack-struct -include port_gnu89.h -std=gnu89 -fpermissive -fcommon -fno-strict-aliasing -Wimplicit-function-declaration -Wno-builtin-declaration-mismatch -Wno-stringop-overread -Wno-stringop-truncation -Wno-format-truncation -Wno-unused-result -Wno-pointer-sign -Wno-deprecated-declarations -Wno-int-conversion -Wno-incompatible-pointer-types -Wno-unused-variable -Wno-unused-but-set-variable -DCLI_CSCACHE -DSRV_CSCACHE -DCHECK_NEXTDCW -DSID_FILTER -DNEWCACHE -DCCCAM_CLI -DRADEGAST_CLI -DCAMD35_CLI -DCS378X_CLI -DHTTP_SRV -DTELNET -DMGCAMD_SRV -DCCCAM_SRV -DCAMD35_SRV -DCS378X_SRV -DFREECCCAM_SRV -DEXPIREDATE -DDCWSWAP -DCACHEEX -DTHREAD_DCW -DMONOTHREAD_ACCEPT -DDEBUG_NETWORK ../src/ipdata.c -o x64/ipdata.o
cc1: warning: command-line option '-fpermissive' is valid for C++/ObjC++ but not for C
gcc -c -O2 -m64 -I../src -I. -fpack-struct -include port_gnu89.h -std=gnu89 -fpermissive -fcommon -fno-strict-aliasing -Wimplicit-function-declaration -Wno-builtin-declaration-mismatch -Wno-stringop-overread -Wno-stringop-truncation -Wno-format-truncation -Wno-unused-result -Wno-pointer-sign -Wno-deprecated-declarations -Wno-int-conversion -Wno-incompatible-pointer-types -Wno-unused-variable -Wno-unused-but-set-variable -DCLI_CSCACHE -DSRV_CSCACHE -DCHECK_NEXTDCW -DSID_FILTER -DNEWCACHE -DCCCAM_CLI -DRADEGAST_CLI -DCAMD35_CLI -DCS378X_CLI -DHTTP_SRV -DTELNET -DMGCAMD_SRV -DCCCAM_SRV -DCAMD35_SRV -DCS378X_SRV -DFREECCCAM_SRV -DEXPIREDATE -DDCWSWAP -DCACHEEX -DTHREAD_DCW -DMONOTHREAD_ACCEPT -DDEBUG_NETWORK ../src/threads.c -o x64/threads.o
cc1: warning: command-line option '-fpermissive' is valid for C++/ObjC++ but not for C
gcc -c -O2 -m64 -I../src -I. -fpack-struct -include port_gnu89.h -std=gnu89 -fpermissive -fcommon -fno-strict-aliasing -Wimplicit-function-declaration -Wno-builtin-declaration-mismatch -Wno-stringop-overread -Wno-stringop-truncation -Wno-format-truncation -Wno-unused-result -Wno-pointer-sign -Wno-deprecated-declarations -Wno-int-conversion -Wno-incompatible-pointer-types -Wno-unused-variable -Wno-unused-but-set-variable -DCLI_CSCACHE -DSRV_CSCACHE -DCHECK_NEXTDCW -DSID_FILTER -DNEWCACHE -DCCCAM_CLI -DRADEGAST_CLI -DCAMD35_CLI -DCS378X_CLI -DHTTP_SRV -DTELNET -DMGCAMD_SRV -DCCCAM_SRV -DCAMD35_SRV -DCS378X_SRV -DFREECCCAM_SRV -DEXPIREDATE -DDCWSWAP -DCACHEEX -DTHREAD_DCW -DMONOTHREAD_ACCEPT -DDEBUG_NETWORK ../src/sockets.c -o x64/sockets.o
cc1: warning: command-line option '-fpermissive' is valid for C++/ObjC++ but not for C
gcc -c -O2 -m64 -I../src -I. -fpack-struct -include port_gnu89.h -std=gnu89 -fpermissive -fcommon -fno-strict-aliasing -Wimplicit-function-declaration -Wno-builtin-declaration-mismatch -Wno-stringop-overread -Wno-stringop-truncation -Wno-format-truncation -Wno-unused-result -Wno-pointer-sign -Wno-deprecated-declarations -Wno-int-conversion -Wno-incompatible-pointer-types -Wno-unused-variable -Wno-unused-but-set-variable -DCLI_CSCACHE -DSRV_CSCACHE -DCHECK_NEXTDCW -DSID_FILTER -DNEWCACHE -DCCCAM_CLI -DRADEGAST_CLI -DCAMD35_CLI -DCS378X_CLI -DHTTP_SRV -DTELNET -DMGCAMD_SRV -DCCCAM_SRV -DCAMD35_SRV -DCS378X_SRV -DFREECCCAM_SRV -DEXPIREDATE -DDCWSWAP -DCACHEEX -DTHREAD_DCW -DMONOTHREAD_ACCEPT -DDEBUG_NETWORK ../src/msg-newcamd.c -o x64/msg-newcamd.o
cc1: warning: command-line option '-fpermissive' is valid for C++/ObjC++ but not for C
gcc -c -O2 -m64 -I../src -I. -fpack-struct -include port_gnu89.h -std=gnu89 -fpermissive -fcommon -fno-strict-aliasing -Wimplicit-function-declaration -Wno-builtin-declaration-mismatch -Wno-stringop-overread -Wno-stringop-truncation -Wno-format-truncation -Wno-unused-result -Wno-pointer-sign -Wno-deprecated-declarations -Wno-int-conversion -Wno-incompatible-pointer-types -Wno-unused-variable -Wno-unused-but-set-variable -DCLI_CSCACHE -DSRV_CSCACHE -DCHECK_NEXTDCW -DSID_FILTER -DNEWCACHE -DCCCAM_CLI -DRADEGAST_CLI -DCAMD35_CLI -DCS378X_CLI -DHTTP_SRV -DTELNET -DMGCAMD_SRV -DCCCAM_SRV -DCAMD35_SRV -DCS378X_SRV -DFREECCCAM_SRV -DEXPIREDATE -DDCWSWAP -DCACHEEX -DTHREAD_DCW -DMONOTHREAD_ACCEPT -DDEBUG_NETWORK ../src/msg-cccam.c -o x64/msg-cccam.o
cc1: warning: command-line option '-fpermissive' is valid for C++/ObjC++ but not for C
gcc -c -O2 -m64 -I../src -I. -fpack-struct -include port_gnu89.h -std=gnu89 -fpermissive -fcommon -fno-strict-aliasing -Wimplicit-function-declaration -Wno-builtin-declaration-mismatch -Wno-stringop-overread -Wno-stringop-truncation -Wno-format-truncation -Wno-unused-result -Wno-pointer-sign -Wno-deprecated-declarations -Wno-int-conversion -Wno-incompatible-pointer-types -Wno-unused-variable -Wno-unused-but-set-variable -DCLI_CSCACHE -DSRV_CSCACHE -DCHECK_NEXTDCW -DSID_FILTER -DNEWCACHE -DCCCAM_CLI -DRADEGAST_CLI -DCAMD35_CLI -DCS378X_CLI -DHTTP_SRV -DTELNET -DMGCAMD_SRV -DCCCAM_SRV -DCAMD35_SRV -DCS378X_SRV -DFREECCCAM_SRV -DEXPIREDATE -DDCWSWAP -DCACHEEX -DTHREAD_DCW -DMONOTHREAD_ACCEPT -DDEBUG_NETWORK ../src/msg-radegast.c -o x64/msg-radegast.o
cc1: warning: command-line option '-fpermissive' is valid for C++/ObjC++ but not for C
gcc -c -O2 -m64 -I../src -I. -fpack-struct -include port_gnu89.h -std=gnu89 -fpermissive -fcommon -fno-strict-aliasing -Wimplicit-function-declaration -Wno-builtin-declaration-mismatch -Wno-stringop-overread -Wno-stringop-truncation -Wno-format-truncation -Wno-unused-result -Wno-pointer-sign -Wno-deprecated-declarations -Wno-int-conversion -Wno-incompatible-pointer-types -Wno-unused-variable -Wno-unused-but-set-variable -DCLI_CSCACHE -DSRV_CSCACHE -DCHECK_NEXTDCW -DSID_FILTER -DNEWCACHE -DCCCAM_CLI -DRADEGAST_CLI -DCAMD35_CLI -DCS378X_CLI -DHTTP_SRV -DTELNET -DMGCAMD_SRV -DCCCAM_SRV -DCAMD35_SRV -DCS378X_SRV -DFREECCCAM_SRV -DEXPIREDATE -DDCWSWAP -DCACHEEX -DTHREAD_DCW -DMONOTHREAD_ACCEPT -DDEBUG_NETWORK ../src/config.c -o x64/config.o
cc1: warning: command-line option '-fpermissive' is valid for C++/ObjC++ but not for C
../src/config.c: In function 'read_config':
../src/config.c:1699:109: warning: taking address of packed member of 'struct camd35_client_data' may result in an unaligned pointer value [-Waddress-of-packed-member]
 1699 |                                 camd35_init_data( cli->user, cli->pass, &cli->encryptkey, &cli->decryptkey, &cli->ucrc);
      |                                                                                                             ^~~~~~~~~~
../src/config.c:1804:109: warning: taking address of packed member of 'struct camd35_client_data' may result in an unaligned pointer value [-Waddress-of-packed-member]
 1804 |                                 camd35_init_data( cli->user, cli->pass, &cli->encryptkey, &cli->decryptkey, &cli->ucrc);
      |                                                                                                             ^~~~~~~~~~
../src/config.c:1829:109: warning: taking address of packed member of 'struct server_data' may result in an unaligned pointer value [-Waddress-of-packed-member]
 1829 |                                 camd35_init_data( srv->user, srv->pass, &srv->encryptkey, &srv->decryptkey, &srv->ucrc);
      |                                                                                                             ^~~~~~~~~~
../src/config.c:1866:101: warning: taking address of packed member of 'struct server_data' may result in an unaligned pointer value [-Waddress-of-packed-member]
 1866 |                         camd35_init_data( srv->user, srv->pass, &srv->encryptkey, &srv->decryptkey, &srv->ucrc);
      |                                                                                                     ^~~~~~~~~~
gcc -c -O2 -m64 -I../src -I. -fpack-struct -include port_gnu89.h -std=gnu89 -fpermissive -fcommon -fno-strict-aliasing -Wimplicit-function-declaration -Wno-builtin-declaration-mismatch -Wno-stringop-overread -Wno-stringop-truncation -Wno-format-truncation -Wno-unused-result -Wno-pointer-sign -Wno-deprecated-declarations -Wno-int-conversion -Wno-incompatible-pointer-types -Wno-unused-variable -Wno-unused-but-set-variable -DCLI_CSCACHE -DSRV_CSCACHE -DCHECK_NEXTDCW -DSID_FILTER -DNEWCACHE -DCCCAM_CLI -DRADEGAST_CLI -DCAMD35_CLI -DCS378X_CLI -DHTTP_SRV -DTELNET -DMGCAMD_SRV -DCCCAM_SRV -DCAMD35_SRV -DCS378X_SRV -DFREECCCAM_SRV -DEXPIREDATE -DDCWSWAP -DCACHEEX -DTHREAD_DCW -DMONOTHREAD_ACCEPT -DDEBUG_NETWORK ../src/ecmdata.c -o x64/ecmdata.o
cc1: warning: command-line option '-fpermissive' is valid for C++/ObjC++ but not for C
gcc -c -O2 -m64 -I../src -I. -fpack-struct -include port_gnu89.h -std=gnu89 -fpermissive -fcommon -fno-strict-aliasing -Wimplicit-function-declaration -Wno-builtin-declaration-mismatch -Wno-stringop-overread -Wno-stringop-truncation -Wno-format-truncation -Wno-unused-result -Wno-pointer-sign -Wno-deprecated-declarations -Wno-int-conversion -Wno-incompatible-pointer-types -Wno-unused-variable -Wno-unused-but-set-variable -DCLI_CSCACHE -DSRV_CSCACHE -DCHECK_NEXTDCW -DSID_FILTER -DNEWCACHE -DCCCAM_CLI -DRADEGAST_CLI -DCAMD35_CLI -DCS378X_CLI -DHTTP_SRV -DTELNET -DMGCAMD_SRV -DCCCAM_SRV -DCAMD35_SRV -DCS378X_SRV -DFREECCCAM_SRV -DEXPIREDATE -DDCWSWAP -DCACHEEX -DTHREAD_DCW -DMONOTHREAD_ACCEPT -DDEBUG_NETWORK ../src/httpserver.c -o x64/httpserver.o
cc1: warning: command-line option '-fpermissive' is valid for C++/ObjC++ but not for C
../src/httpserver.c:7398:45: warning: 'struct http_request' declared inside parameter list will not be visible outside of this definition or declaration
 7398 | static void http_send_json(int sock, struct http_request *req)
      |                                             ^~~~~~~~~~~~
../src/httpserver.c: In function 'http_send_json':
../src/httpserver.c:7490:42: warning: implicit declaration of function 'cwlog_capacity' [-Wimplicit-function-declaration]
 7490 |                 in.cwlog_cap = cwlogon ? cwlog_capacity() : 0;
      |                                          ^~~~~~~~~~~~~~
../src/httpserver.c: In function 'http_hex_token':
../src/httpserver.c:7558:18: warning: implicit declaration of function 'open'; did you mean 'popen'? [-Wimplicit-function-declaration]
 7558 |         int fd = open("/dev/urandom", 0); /* O_RDONLY */
      |                  ^~~~
      |                  popen
gcc -c -O2 -m64 -I../src -I. -fpack-struct -include port_gnu89.h -std=gnu89 -fpermissive -fcommon -fno-strict-aliasing -Wimplicit-function-declaration -Wno-builtin-declaration-mismatch -Wno-stringop-overread -Wno-stringop-truncation -Wno-format-truncation -Wno-unused-result -Wno-pointer-sign -Wno-deprecated-declarations -Wno-int-conversion -Wno-incompatible-pointer-types -Wno-unused-variable -Wno-unused-but-set-variable -DCLI_CSCACHE -DSRV_CSCACHE -DCHECK_NEXTDCW -DSID_FILTER -DNEWCACHE -DCCCAM_CLI -DRADEGAST_CLI -DCAMD35_CLI -DCS378X_CLI -DHTTP_SRV -DTELNET -DMGCAMD_SRV -DCCCAM_SRV -DCAMD35_SRV -DCS378X_SRV -DFREECCCAM_SRV -DEXPIREDATE -DDCWSWAP -DCACHEEX -DTHREAD_DCW -DMONOTHREAD_ACCEPT -DDEBUG_NETWORK ../src/telnet.c -o x64/telnet.o
cc1: warning: command-line option '-fpermissive' is valid for C++/ObjC++ but not for C
gcc -c -O2 -m64 -I../src -I. -fpack-struct -include port_gnu89.h -std=gnu89 -fpermissive -fcommon -fno-strict-aliasing -Wimplicit-function-declaration -Wno-builtin-declaration-mismatch -Wno-stringop-overread -Wno-stringop-truncation -Wno-format-truncation -Wno-unused-result -Wno-pointer-sign -Wno-deprecated-declarations -Wno-int-conversion -Wno-incompatible-pointer-types -Wno-unused-variable -Wno-unused-but-set-variable -DCLI_CSCACHE -DSRV_CSCACHE -DCHECK_NEXTDCW -DSID_FILTER -DNEWCACHE -DCCCAM_CLI -DRADEGAST_CLI -DCAMD35_CLI -DCS378X_CLI -DHTTP_SRV -DTELNET -DMGCAMD_SRV -DCCCAM_SRV -DCAMD35_SRV -DCS378X_SRV -DFREECCCAM_SRV -DEXPIREDATE -DDCWSWAP -DCACHEEX -DTHREAD_DCW -DMONOTHREAD_ACCEPT -DDEBUG_NETWORK ../src/main.c -o x64/main.o
cc1: warning: command-line option '-fpermissive' is valid for C++/ObjC++ but not for C
gcc -c -O2 -m64 -I../src -I. -fpack-struct -include port_gnu89.h -std=gnu89 -fpermissive -fcommon -fno-strict-aliasing -Wimplicit-function-declaration -Wno-builtin-declaration-mismatch -Wno-stringop-overread -Wno-stringop-truncation -Wno-format-truncation -Wno-unused-result -Wno-pointer-sign -Wno-deprecated-declarations -Wno-int-conversion -Wno-incompatible-pointer-types -Wno-unused-variable -Wno-unused-but-set-variable -DCLI_CSCACHE -DSRV_CSCACHE -DCHECK_NEXTDCW -DSID_FILTER -DNEWCACHE -DCCCAM_CLI -DRADEGAST_CLI -DCAMD35_CLI -DCS378X_CLI -DHTTP_SRV -DTELNET -DMGCAMD_SRV -DCCCAM_SRV -DCAMD35_SRV -DCS378X_SRV -DFREECCCAM_SRV -DEXPIREDATE -DDCWSWAP -DCACHEEX -DTHREAD_DCW -DMONOTHREAD_ACCEPT -DDEBUG_NETWORK ../src/loginthrottle.c -o x64/loginthrottle.o
cc1: warning: command-line option '-fpermissive' is valid for C++/ObjC++ but not for C
gcc -c -O2 -m64 -I../src -I. -fpack-struct -include port_gnu89.h -std=gnu89 -fpermissive -fcommon -fno-strict-aliasing -Wimplicit-function-declaration -Wno-builtin-declaration-mismatch -Wno-stringop-overread -Wno-stringop-truncation -Wno-format-truncation -Wno-unused-result -Wno-pointer-sign -Wno-deprecated-declarations -Wno-int-conversion -Wno-incompatible-pointer-types -Wno-unused-variable -Wno-unused-but-set-variable -DCLI_CSCACHE -DSRV_CSCACHE -DCHECK_NEXTDCW -DSID_FILTER -DNEWCACHE -DCCCAM_CLI -DRADEGAST_CLI -DCAMD35_CLI -DCS378X_CLI -DHTTP_SRV -DTELNET -DMGCAMD_SRV -DCCCAM_SRV -DCAMD35_SRV -DCS378X_SRV -DFREECCCAM_SRV -DEXPIREDATE -DDCWSWAP -DCACHEEX -DTHREAD_DCW -DMONOTHREAD_ACCEPT -DDEBUG_NETWORK ../src/peerrep.c -o x64/peerrep.o
cc1: warning: command-line option '-fpermissive' is valid for C++/ObjC++ but not for C
gcc -c -O2 -m64 -I../src -I. -fpack-struct -include port_gnu89.h -std=gnu89 -fpermissive -fcommon -fno-strict-aliasing -Wimplicit-function-declaration -Wno-builtin-declaration-mismatch -Wno-stringop-overread -Wno-stringop-truncation -Wno-format-truncation -Wno-unused-result -Wno-pointer-sign -Wno-deprecated-declarations -Wno-int-conversion -Wno-incompatible-pointer-types -Wno-unused-variable -Wno-unused-but-set-variable -DCLI_CSCACHE -DSRV_CSCACHE -DCHECK_NEXTDCW -DSID_FILTER -DNEWCACHE -DCCCAM_CLI -DRADEGAST_CLI -DCAMD35_CLI -DCS378X_CLI -DHTTP_SRV -DTELNET -DMGCAMD_SRV -DCCCAM_SRV -DCAMD35_SRV -DCS378X_SRV -DFREECCCAM_SRV -DEXPIREDATE -DDCWSWAP -DCACHEEX -DTHREAD_DCW -DMONOTHREAD_ACCEPT -DDEBUG_NETWORK ../src/cwconsensus.c -o x64/cwconsensus.o
cc1: warning: command-line option '-fpermissive' is valid for C++/ObjC++ but not for C
gcc -c -O2 -m64 -I../src -I. -fpack-struct -include port_gnu89.h -std=gnu89 -fpermissive -fcommon -fno-strict-aliasing -Wimplicit-function-declaration -Wno-builtin-declaration-mismatch -Wno-stringop-overread -Wno-stringop-truncation -Wno-format-truncation -Wno-unused-result -Wno-pointer-sign -Wno-deprecated-declarations -Wno-int-conversion -Wno-incompatible-pointer-types -Wno-unused-variable -Wno-unused-but-set-variable -DCLI_CSCACHE -DSRV_CSCACHE -DCHECK_NEXTDCW -DSID_FILTER -DNEWCACHE -DCCCAM_CLI -DRADEGAST_CLI -DCAMD35_CLI -DCS378X_CLI -DHTTP_SRV -DTELNET -DMGCAMD_SRV -DCCCAM_SRV -DCAMD35_SRV -DCS378X_SRV -DFREECCCAM_SRV -DEXPIREDATE -DDCWSWAP -DCACHEEX -DTHREAD_DCW -DMONOTHREAD_ACCEPT -DDEBUG_NETWORK ../src/monjson.c -o x64/monjson.o
cc1: warning: command-line option '-fpermissive' is valid for C++/ObjC++ but not for C
gcc -o x64/multics -O2 -m64 -I../src -I. -fpack-struct -include port_gnu89.h -std=gnu89 -fpermissive -fcommon -fno-strict-aliasing -Wimplicit-function-declaration -Wno-builtin-declaration-mismatch -Wno-stringop-overread -Wno-stringop-truncation -Wno-format-truncation -Wno-unused-result -Wno-pointer-sign -Wno-deprecated-declarations -Wno-int-conversion -Wno-incompatible-pointer-types -Wno-unused-variable -Wno-unused-but-set-variable -DCLI_CSCACHE -DSRV_CSCACHE -DCHECK_NEXTDCW -DSID_FILTER -DNEWCACHE -DCCCAM_CLI -DRADEGAST_CLI -DCAMD35_CLI -DCS378X_CLI -DHTTP_SRV -DTELNET -DMGCAMD_SRV -DCCCAM_SRV -DCAMD35_SRV -DCS378X_SRV -DFREECCCAM_SRV -DEXPIREDATE -DDCWSWAP -DCACHEEX -DTHREAD_DCW -DMONOTHREAD_ACCEPT -DDEBUG_NETWORK x64/sha1.o x64/des.o x64/md5.o x64/aes.o x64/dcw.o x64/convert.o x64/tools.o x64/debug.o x64/parser.o x64/ipdata.o x64/threads.o x64/sockets.o x64/msg-newcamd.o x64/msg-cccam.o x64/msg-radegast.o x64/config.o x64/ecmdata.o x64/httpserver.o x64/telnet.o x64/main.o x64/loginthrottle.o x64/peerrep.o x64/cwconsensus.o x64/monjson.o -lpthread
