==54931== Memcheck, a memory error detector
==54931== Copyright (C) 2002-2024, and GNU GPL'd, by Julian Seward et al.
==54931== Using Valgrind-3.24.0 and LibVEX; rerun with -h for copyright info
==54931== Command: x64/mem-vg/multics -C ../docs/memcheck-4.1/valgrind.cfg
==54931== 
==54931== 
==54931== Process terminating with default action of signal 15 (SIGTERM)
==54931==    at 0x48FE72E: __syscall_cancel_arch (syscall_cancel.S:56)
==54931==    by 0x48F3387: __internal_syscall_cancel (cancellation.c:49)
==54931==    by 0x493FCF9: clock_nanosleep@@GLIBC_2.17 (clock_nanosleep.c:48)
==54931==    by 0x494B112: nanosleep (nanosleep.c:25)
==54931==    by 0x495CAE7: sleep (sleep.c:55)
==54931==    by 0x167645: mainprocess (main.c:2513)
==54931==    by 0x167AF5: main (main.c:2782)
==54931== 
==54931== HEAP SUMMARY:
==54931==     in use at exit: 35,536 bytes in 46 blocks
==54931==   total heap usage: 72 allocs, 26 frees, 60,562 bytes allocated
==54931== 
==54931== LEAK SUMMARY:
==54931==    definitely lost: 0 bytes in 0 blocks
==54931==    indirectly lost: 0 bytes in 0 blocks
==54931==      possibly lost: 5,984 bytes in 22 blocks
==54931==    still reachable: 26,480 bytes in 21 blocks
==54931==         suppressed: 3,072 bytes in 3 blocks
==54931== Reachable blocks (those to which a pointer was found) are not shown.
==54931== To see them, rerun with: --leak-check=full --show-leak-kinds=all
==54931== 
==54931== For lists of detected and suppressed errors, rerun with: -s
==54931== ERROR SUMMARY: 0 errors from 0 contexts (suppressed: 1 from 1)
