D71 -- the `jm` target failed inside the wing and passed alone: a recipe race,
not a server bug.  (TASK R14c, 2026-10-08)

WHAT THIS FILE SHOWS
  ARM 1 (before): `make -C tests jm` inside a full `make -k all` wing on the M1
    tree (run "R14b-1"): phases 1-5 pass, phase 6 finds no DISTRUST escalation
    to read, phases 7-8 fail because the document has no ladder record yet,
    and make ends with `stability.mk:4496: jm] Error 1`.
  The failing run's own peer logs are kept beside this file in
  `d71-jm-fail-logs/` -- they are the proof it was timing, not code:
  `.jm-b.log` (the peer the flood was aimed at) never logged a single
  "got request": it was pinged and went online, but only AFTER the flood loop
  had already ended.  `make -C tests jm` run alone, minutes before that wing,
  was 8/8 (see ARM 2's isolated run).
  ARM 2 (after): the readiness wait + sleep 3 landed in the recipe; the same
    target on the same tree, inside the next full wing, is 8/8 and the wing is
    green.

The fix, exactly as it stands in tests/stability.mk -- comment above the rule,
one new line inside the recipe, and the sleep of the flood loop changed 1 -> 3.
No assertion changed, no src/ file touched:

    # TASK R14 (D71): the readiness wait this recipe was missing. A peer only
    # becomes askable after its ping round-trip, and the 2026-10-08 wing run drove
    # the 20 find attempts in the seconds BEFORE B logged "come Online", so B never
    # saw a TYPE_REQUEST and phases 6-8 had nothing to read (the target passed on
    # an isolated re-run, which is what made it a recipe bug rather than a server
    # one). The wait below is bounded at 20 s and changes no assertion; the try
    # loop's sleep is 3 s like the pr target's, not 1.

recipe line added (tab-indented, trailing backslash; the recipe line below is
the flood loop, whose trailing `sleep 1` became `sleep 3`):

    for i in $$(seq 1 40); do grep -q "cache: Peer (127.0.0.1:$(JM_B)) come Online" .jm-srv.log && break; sleep 0.5; done; \
    for i in $$(seq 1 20); do grep -q "got request" .jm-b.log && break; sid=$$(printf '%02X' $$(( 100 + (i % 14) ))); NC_ECMS=1 ./$(NCCLIENT) 127.0.0.1 $(JM_NPORT) u1 p1 $(PR_KEY) 0 1884 0x$$sid > /dev/null 2>&1; sleep 3; done; \

The failing run's own peer logs (d71-jm-fail-logs/):

  .jm-b.log -- peer B, the one the flood was aimed at (records every packet):
      PEER: bound 127.0.0.1:16944, target 127.0.0.1:16942, cw=10203060405060F070809080A0B0C010
      PEER: got MultiCS ping (peer id 0002)
      PEER: sent TYPE_HELLO_ACK -- recvport and ping are now set server-side
      PEER: advertised card 18840000
      PEER: ignored packet type 19 (len 6)
  Five lines: no "got request".  The flood had nothing to reach.

  .jm-a.log -- peer A, which did get requests, and got pinged again at the very
  end of the run: the server's ping round-trip for B landed after the flood
  loop was over.  That is the race in one file.

    ---- ARM 1: before the fix, inside the R14b-1 full wing ----

  [ ok ] phase 1: the stranger's /json is the same 401 every page pays
  [ ok ] phase 2: the document parses and carries the six sections
  [ ok ] phase 3: the dcwstats section carries every named counter as integers
  [ ok ] phase 4: the ladder section shows the armed thresholds and an empty list
  [ ok ] phase 5: the online honest peer is a row with a ping and no ladder record
[FAIL] phase 6: no distrust escalation to read
Traceback (most recent call last):
  File "<string>", line 1, in <module>
AssertionError
[FAIL] phase 7: the live ladder record is missing from the document
Traceback (most recent call last):
  File "<string>", line 1, in <module>
AssertionError
[FAIL] phase 8: the row merge did not happen
[FAIL] logs kept under tests/.jm*
make: *** [stability.mk:4496: jm] Error 1

    [isolated] make -C tests jm, run alone on the same tree, BEFORE the edit:
    rc=0, 8/8 phases, all four /json sections read -- saved as /tmp/jm-alone-1.log
    at the time; the same target is 8/8 in ARM 2 below.

    ---- ARM 2: after the fix, inside the wing (post-M36 full acceptance run) ----

    [in-suite] make -k all -> the jm target, same phases, same /json document:

  [ ok ] phase 1: the stranger's /json is the same 401 every page pays
  [ ok ] phase 2: the document parses and carries the six sections
  [ ok ] phase 3: the dcwstats section carries every named counter as integers
  [ ok ] phase 4: the ladder section shows the armed thresholds and an empty list
  [ ok ] phase 5: the online honest peer is a row with a ping and no ladder record
  [ ok ] phase 6: the flood really escalated (the evidence is live, not read back)
  [ ok ] phase 7: the live ladder record is in the document (distrust or beyond, 3+ events -- the 150 ms flood keeps climbing)
  [ ok ] phase 8: the record is merged into the row, and a stats build shows the flood in cycle-contradiction

    The whole wing of that run is green: 453 `[ ok ]` lines, 0 `[FAIL]`, rc 0 --
    docs/evidence-R14/wing-post-m36.log.  The isolated run after the edit was
    8/8 as well (jm-alone-2.log at the time).  The readiness wait did its job:
    the same 20-try flood that used to miss B now finds it, and phases 6-8 read
    a real distrust record out of the live document.

    ---- ARM 3: the focused nine-target loop, same tree, quiet machine ----

    [in-suite] make -k cy au pr jm pq sk cn vl ri -> the whole loop is rc 0
    with 69 [ ok ] and 0 [FAIL]; the jm phases read:

  [ ok ] phase 1: the stranger's /json is the same 401 every page pays
  [ ok ] phase 2: the document parses and carries the six sections
  [ ok ] phase 3: the dcwstats section carries every named counter as integers
  [ ok ] phase 4: the ladder section shows the armed thresholds and an empty list
  [ ok ] phase 5: the online honest peer is a row with a ping and no ladder record
  [ ok ] phase 6: the flood really escalated (the evidence is live, not read back)
  [ ok ] phase 7: the live ladder record is in the document (distrust or beyond, 3+ events -- the 150 ms flood keeps climbing)
  [ ok ] phase 8: the record is merged into the row, and a stats build shows the flood in cycle-contradiction

    Evidence: docs/evidence-R14/wing-targets-post-m1.log
