R14 D76 post-fix full wing attempt (2026-10-09)
Command: make -s -C tests MCS_WING_OK=1 -k all
Outcome: INCOMPLETE. The 900-second command wait expired with no aggregate count or
make exit status. At interruption the run had reached the ASan-backed `ps`
profile regression; `tests/.ps-asan.log` recorded server startup, but the recipe
had not emitted its result. The parent make disappeared without a final marker,
leaving one `multics-asan` process on ports 16740/16741; it was explicitly killed
(PID 53748), and a follow-up process/port check was empty. This transcript is a
partial execution record only: it is NOT a green full-wing result and no total
of the partial `[ ok ]` lines is claimed. The focused post-D76 `stability`
target remains independently verified 10/10 in `d76-stability-path.log`.

--- partial command output follows ---
  [ ok ] HTTP / answered 200
  [ ok ] empty config refused with exit 1 (was SIGSEGV/139)
  [ ok ] DCWFILTER REPEAT parsed
  [ ok ] DCWFILTER CHECKSUM parsed
  [ ok ] unknown sub-option reported by name
  [ ok ] SOFT-FAIL-WINDOW parsed
  [ ok ] RETRY-WINDOW clamped 10 -> 500 ms
  [ ok ] stock: started and still alive after 6 s
  [ ok ] stock: HTTP answered 200
  [ ok ] stock: SIGHUP terminates it (r82a has no hot-reload handler)
  [ ok ] stock: restarted cleanly and HTTP answered 200 again
  [ ok ] stock: shut down
  [ ok ] configured: started and still alive after 6 s
  [ ok ] configured: HTTP answered 200
  [ ok ] configured: SIGHUP terminates it (r82a has no hot-reload handler)
  [ ok ] configured: restarted cleanly and HTTP answered 200 again
  [ ok ] configured: shut down
  (http poll: 200)
  ncclient: MultiCS Newcamd client harness
    [ ok ] stage 1: connected and read the 14-byte keymod
           keymod = 01569739816A47F1F3FB470205E9
    [ ok ] stage 2: the 'MCS' marker verifies -- this is MultiCS
    [ ok ] stage 3: login key derived
           sessionkey = D8106652A0C12000A7DB9FCCC02CF700
    [ ok ] stage 4: login sent (41 bytes, md5-crypt = $1$abcdefgh$wfBfK8YL8MFpMAYtvMlvA.)
    [ ok ] stage 5: LOGIN_ACK -- the server accepted the client
           post-login key: des_login_key_get(deskey, passwdcrypt (len 34))
           post-login sessionkey = B220B0F90DA62100685C69618DAA0200
           cs_message_send returned 90, socket fd=3
           poll(300) right after send -> 0, revents=0x0 (0x10=HUP 0x8=POLLERR)
    [ ok ] stage 6: ECM 1/2 sent (64 bytes, ch 1884:000000:0064)
           reply type 0x80, len=3, dcw=
    [ ok ] stage 6: decode-failed (all-zero) -- expected with no card server
    [ ok ] stage 6: ECM 2/2 sent (64 bytes, ch 1884:000000:0064)
           reply type 0x80, len=3, dcw=
    [ ok ] stage 6: decode-failed (all-zero) -- expected with no card server
  == 6 stages passed ==
  [ ok ] the server answered both ECMs (decode-failed is correct with no card server)
  [ ok ] the server SURVIVED both ECMs -- regression guard for the NULL ecm deref
  [ ok ] a real Newcamd client drove the real server through the ECM path
  [ ok ] the client RECEIVED A CONTROL WORD, twice
  [ ok ] and it is exactly the CW the peer pushed
  [ ok ] the server accepted the cache peer
  [ ok ] TASK 1.0b: GR10 suppressed the re-push at runtime
  [ ok ] TASK 1.2: RETRY_HARD detected at runtime
  [ ok ] TASK 1.1: origin is DCW_SOURCE_CACHE / PEER_CSP|1, as GR1 requires
  [ ok ] TASK 1.6: rotation recorded the source to avoid
  [ ok ] the server survived the whole sequence
  [ ok ] two services, one key: both ECMs answered with the same cw
  [ ok ] two services, one key: 1 reuse proof(s), as required
  [ ok ] two services, one key: 1 purge(s), as required
  [ ok ] two services, one key: server survived
  [ ok ] GR6: one service, one key: both ECMs answered with the same cw
  [ ok ] GR6: one service, one key: 0 reuse proof(s), as required
  [ ok ] GR6: one service, one key: 0 purge(s), as required
  [ ok ] GR6: one service, one key: server survived
  [ ok ] M6: both seeded peers completed the CSP handshake (2 online)
  [ ok ] M6: each peer sent at least two unsolicited pushes (8 / 8)
  [ ok ] M6: server accepted 2 CSP cache replies (GR10 path)
  [ ok ] M6: poisoned invalid MD5 bytes produced no CW REUSE PROOF
  [ ok ] M6: server stayed alive throughout the unsolicited-push test
  [ ok ] M6: CSP reuse proof requires an explicitly valid local ECM MD5
  [ ok ] learned the ecm hash for sid 0064: a1669c0c
  [ ok ] ON: 8 retry events fed the trust engine
  [ ok ] ON: the working client still got all 6 cw(s)
  [ ok ] ON: 13 deferral(s) of the unverified cache entry
  [ ok ] ON: deferring still left the client answered (3 cw(s)) -- no black screen
  [ ok ] ON: server survived
  [ ok ] OFF: 8 retry events fed the trust engine
  [ ok ] OFF: the working client still got all 6 cw(s)
  [ ok ] OFF: no deferral, stock behaviour kept
  [ ok ] OFF: the same entry WAS served, so ON is what withheld it
  [ ok ] OFF: server survived
  [ ok ] the client still received a control word (2)
  [ ok ] and it is exactly the structurally impossible key, untouched
  [ ok ] TASK 1.8: the scan ran on the real delivery path (1 line(s))
  [ ok ] GR1: attributed to DCW_SOURCE_CACHE(1) / PEER_CSP|1, not to a card server
  [ ok ] and the line says so: evidence, not a filter
  [ ok ] the peer re-pushed the SAME key 3 times after the first delivery
  [ ok ] TASK 1.8: the repeats produced no further line (3 pushes, 1 report)
  [ ok ] the server survived the whole sequence
  [ ok ] the option was parsed and reported at startup
  [ ok ] and so was STATS-WINDOW
  [ ok ] the events below the limit were counted and tolerated (2 line(s))
  [ ok ] exactly ONE avoidance line -- one log line per confirmed event, not one per bad cw
  [ ok ] and exactly 2 below-limit lines: events 1 and 2 tolerated, event 3 avoided
  [ ok ] the avoidance line says the limit was reached, not merely that a retry happened
  [ ok ] STATS-WINDOW emitted 3 summary line(s)
  [ ok ] and the line reports the limit actually in force, not the default
  [ ok ] the client was answered throughout (4 cw(s)) -- the tolerance black-screened nothing
  [ ok ] server survived
  [ ok ] ON: 3 s window: the reuse proof placed exactly 1 mark
  [ ok ] ON: 3 s window: 1 expire line(s), as required
  [ ok ] ON: 3 s window: the expire line names the SAME channel (1884:000000:00c8) and source the mark line named (GR8)
  [ ok ] ON: 3 s window: and the window it expired against
  [ ok ] ON: 3 s window: server survived
  [ ok ] OFF: the default: the reuse proof placed exactly 1 mark
  [ ok ] OFF: the default: 0 expire line(s), as required
  [ ok ] OFF: the default: server survived
  [ ok ] a disagreement alone accused nobody -- GR3, no client failure, no proof
  [ ok ] phase 1's client was served a key: it is a failure, not a delivery, that accuses
  [ ok ] and nothing was marked for it either
  [ ok ] the disagreement WAS recorded: 1 dispute, 0 self, 0 proof
  [ ok ] exactly ONE mismatch line for one confirmed event
  [ ok ] GR1: the accused source (1/65538) is the one the client held a key from
  [ ok ] the dissenter (1/65537) is named and is NOT the accused
  [ ok ] the cache entry was marked, on the accused source and no other
  [ ok ] the ledger counted exactly one proof and no self-disputes
  [ ok ] every failure had an identity to be placed against (0 unplaced)
  [ ok ] the client kept being served (3 cw(s)): a proof must not black-screen a channel
  [ ok ] the re-asks were classified as retries (2), not zaps
  [ ok ] server survived
  [ ok ] the peer measured its own pair of keys: 3 bit flips, checksum still valid
  [ ok ] phase 1's honest key really was delivered (so its silence means something)
  [ ok ] no entropy and no collision verdict on honest traffic (GR3: it must stay quiet)
  [ ok ] and the stats line counts zero of each, not just the log
  [ ok ] phase 2 delivered the derived key itself, so the verdict is about the key that arrived
  [ ok ] exactly ONE collision line for one derived key
  [ ok ] and the server measured the same 3 bits the peer intended
  [ ok ] GR1: both keys came from the same source, so the verdict is attributable
  [ ok ] the line names BOTH keys, byte for byte as the peer pushed them (GR8: exact evidence)
  [ ok ] the derived key is not also accused of low entropy (the two halves are independent)
  [ ok ] the stats summary counts exactly one same-source near miss (waited for the window, not for a sleep)
  [ ok ] server survived
  [ ok ] the card server connected and advertised CAID 1884
  [ ok ] the evidence lines are back: the SERVER filter is a FILTER, not an addition (DBG_ALL=0), and the window is 2 s on a 5 s wakeup
  [ info ] phase1-honest: 16 ECM(s) on 16 distinct services, 16 control words delivered so far
  [ ok ] phase 1: 16 honest replies (55-75 ms, floor 42 ms) produced NO verdict of any kind
  [ ok ] and the stats line agrees: 0 fast, 0 flat, so the silence is a measurement and not an absence
  [ info ] phase2-metronome: 40 ECM(s) on 40 distinct services, 56 control words delivered so far
  [ ok ] phase 2: 40 replies at exactly 55 ms are reported as a metronome
  [ ok ] and the line says in words that it is not proof, so it cannot be read as an accusation
  [ ok ] and it did NOT score: trust is still 0 sources -- FLAT is outside CWT_SCOREMASK (GR3)
  [ ok ] a 55 ms reply was never called fast: the floor is a floor and 55 > 42
  [ info ] phase3-instant: 8 ECM(s) on 8 distinct services, 64 control words delivered so far
  [ ok ] phase 3: instant answers are reported once per service: 8 lines for 8 services
  [ ok ] and the line states what makes it impossible rather than just scoring it
  [ ok ] and THIS one scored: trust went 0 -> 8 sources, one per service -- GR4 granularity, shown live
  [ ok ] and the stats line counts every reply of both kinds, including the ones the report window suppressed
  [ ok ] the card server confirms it answered instantly
  [ ok ] and that it took its metronome turns
  [ ok ] every client was served throughout: 64 of 64 control words delivered, none of this cost a viewer anything
  [ ok ] server survived
  [ ok ] the first cache peer is online and has advertised its card
  [ info ] phase1-honest: 4 request(s), 4 control word(s) delivered so far
  [ ok ] phase 1: four honest keys reached four clients (the positive control)
  [ ok ] and produced no plausibility line at all
  [ ok ] with the stats line agreeing: every key of full shape, none one-group, no patterns
  [ info ] trust before any forgery: 0 source(s)
  [ info ] phase2a-two-forged: 2 request(s), 4 control word(s) delivered so far
  [ ok ] phase 2a: two forged keys are counted and NOT convicted -- two is not a pattern
  [ info ] phase2b-four-forged: 2 request(s), 4 control word(s) delivered so far
  [ ok ] phase 2b: the third key crossed the line and produced exactly ONE line
  [ ok ] and it names WHICH group is broken (4) -- one damaged byte, not four accidents
  [ ok ] and carries the count and the rate the verdict was formed on (GR8: the evidence, not just the verdict)
  [ ok ] and says in words that delivery was not touched (no silent action)
  [ ok ] the stats line counts all four damaged keys, not only the one that was reported
  [ ok ] and exactly one pattern was announced while every key stayed counted
  [ ok ] and it SCORED: trust went 0 -> 1 entr(ies), for the service that crossed the line (GR4)
  [ ok ] GR2/GR3: refused keys produced no proof, no reuse proof, no rotation -- a refused key is a timeout, not an accusation
  [ ok ] and no client received anything from that peer: the checksum filter refused all four forged keys (4 delivery(s) before, 4 after)
  [ ok ] and the collision layer stayed quiet: the forged keys are 57-70 bits apart, far past its 16-bit threshold
  [ info ] phase3-one-in-eleven: 11 request(s), 14 control word(s) delivered so far
  [ ok ] phase 3: one forged key in eleven (9 %, under the 20 % line) on a FRESH source added no line
  [ ok ] it is still counted (five one-group keys in total) and simply never becomes a pattern
  [ ok ] and the pattern count stayed at 1, so phase 3 changed no score at all
  [ ok ] and every valid key in all three phases reached its client (4 + 10): none of this cost a viewer anything
  [ info ] the third peer reported 1 broken key(s) and 10 repaired one(s)
  [ ok ] and its own instrument confirms the 1-in-11 mix the phase was built from
  [ ok ] server survived
  [ ok ] the peer is online and has advertised its card
  [ ok ] phase 1: three declared keys, correctly marked, all three delivered
  [ ok ] and an agreeing source earned no cycle line at all
  [ ok ] the stats line reads: offered 3 (3 marked, 0 contra), handed 3 (0 stale, 0 unverified, 0 lines)
  [ ok ] phase 2: both contradictory keys were refused before any client (deliveries stayed 3)
  [ ok ] phase 2: the contradiction produced exactly ONE line -- the second key throttled (one per window)
  [ ok ] and it names the halves: the ECM declared CW0 and the peer declared CW1
  [ ok ] and says WHERE it saw it (offered by the peer, not handed to a client)
  [ ok ] and says in words that nothing was done -- a measurement, not an action
  [ ok ] GR3: a declared cycle is evidence, not proof -- trust stayed at 0 source(s)
  [ ok ] the stats line reads: offered 5 (5 marked, 2 contra), handed 3 (0 stale, 0 unverified, 1 line)
  [ ok ] phase 3: the undeclared key was refused by the gate (deliveries 3) and earned NO new line
  [ ok ] and the layer kept the two apart: offered 6 but only 5 marked -- silence counted, never accused
  [ ok ] server survived
  [ ok ] the peer is online and has advertised its card
  [ ok ] phase 2: the reuse proof filed the key itself, exactly once (CW NEGATIVE MARK)
  [ ok ] and the mark says in words what it now guarantees
  [ ok ] phase 3: the third offer of the same poison was refused, one line
  [ ok ] and the refusal names the moment it acted: before any client
  [ ok ] and says in words that the refusal moved no score and disabled nothing
  [ ok ] the reuse proof(s) behind the mark: 2
  [ ok ] GR3 in the positive direction: exactly the two pre-proof deliveries happened, the third reply reached nobody
  [ ok ] the stats line remembers: 1 live, 1 proven, 1 refused, 1 line
  [ ok ] server survived
  [ ok ] the peer is online and has advertised its card
  [ ok ] phase 1: three honest keys, three deliveries
  [ ok ] the mirror layer saw all three and said nothing: mirror 3 keys, 0 complement-built
  [ ok ] phase 2: both mirror keys PASSED the checksum layer and were DELIVERED (deliveries 3 -> 5)
  [ ok ] and 2.4 read them as full shape: zero plausibility lines -- the construction is invisible to every structural layer
  [ ok ] the mirror layer counted both silently: mirror 5 keys, 2 complement-built, still no line (two keys are not a pattern)
  [ ok ] and no score moved on two keys (GR3: one key never convicts)
  [ ok ] phase 3: the third mirror key crossed the pattern -- exactly ONE line
  [ ok ] and it names the construction: the second half is the complement of the first
  [ ok ] and carries the pair count the verdict was formed on (GR8)
  [ ok ] and says in words that delivery was not touched
  [ ok ] the mirror key was delivered anyway -- the layer observes, it does not gate (the gate belongs to a later decision)
  [ ok ] and it SCORED: trust went 0 -> 1 entr(ies) -- edit evidence, softly (GR3/GR4)
  [ ok ] no cross-fire: fresh keys triggered no reuse proof and no negative memory
  [ ok ] the stats line remembers: mirror 6 keys, 3 complement-built, 1 pattern
  [ ok ] server survived
  [ ok ] peer B is online at the cache server
  [ ok ] phase 1: three services, three honest keys, three deliveries
  [ ok ] the coarse tier watched and said nothing: no crossing, nobody below the line
  [ ok ] phase 2: the fixed key came back for a second service -- one CW-reuse proof
  [ ok ] and a third service completes the second proof
  [ ok ] two proofs on one (peer, caid) cross the coarse line: exactly ONE sentence
  [ ok ] and it names the counts that did it: 2 proof(s), on this caid
  [ ok ] and it says what the brake is NOT: nothing is disconnected, no client touched
  [ ok ] the stats line remembers: 1 1 0
  [ ok ] B answered all three poisoned services: the brake arms on the second OFFER, after the ask
  [ ok ] phase 3: B's share of the fan-out is skipped -- its request count froze at 3
  [ ok ] and A is asked instead: 1 request(s) answered -- the skip is per-peer, not a blackout
  [ ok ] the client got its key anyway: one more delivery, from A (skipping a poisoner costs a client nothing)
  [ ok ] the stats line carries the brake: 1 1 1
  [ ok ] server survived
  [ ok ] phase 1: three services, three honest deliveries
  [ ok ] the guard watched honest traffic and said nothing: cache guard 0 short, 0 unconfigured
  [ ok ] phase 2: the stranger's pushes are SEEN now -- exactly one line in the window
  [ ok ] and the line names the sender: 127.0.0.1:16643
  [ ok ] the stats remember: cache guard 0 short, 2 unconfigured
  [ ok ] and stock's treatment is unchanged: a dark sender still delivers nothing (deliveries stay 3)
  [ ok ] phase 3: A's truncated reply is dropped before any parse -- exactly one line
  [ ok ] and it names the evidence: 8 bytes against a 13-byte minimum
  [ ok ] the stats remember: cache guard 1 short, 26 unconfigured
  [ ok ] A's next reply, intact, delivers: the gate costs a well-formed sender nothing
  [ ok ] two events, two lines, no noise: the window kept its word
  [ ok ] server survived
  [ ok ] phase 1: two services, two honest deliveries -- the rig is alive
  [ ok ] the cache thread is writing snapshots: 9 ok, none failed
  [ ok ] phase 2: the reused poison key is proven and filed (one CW NEGATIVE MARK)
  [ ok ] the conviction is on disk: exactly one NG line in the state file
  [ ok ] idle past the grace, the fade relaxed the condemned entries: 7 move(s)
  [ ok ] the fine tier is on disk too: 2 TF line(s)
  [ ok ] phase 3: the restart read its state back -- the loader spoke once, at startup
  [ ok ] the conviction came back: at least one negative entry restored
  [ ok ] the garbage line was refused whole and counted, nothing half-applied
  [ ok ] the stats remember both: 1 negative restored, 1 bad line
  [ ok ] the first fresh offer of the same poison is refused at ingest after the restart
  [ ok ] and it is the restored conviction biting, not a new one: no second mark
  [ ok ] deliveries unchanged: the pre-proof two only, the third reached nobody
  [ ok ] no snapshot failure across both runs (fade/snapshots '0 1 0')
  [ ok ] server survived
  [ ok ] phase 1: the right credentials open the page
  [ ok ] no credentials: 401
  [ ok ] wrong credentials: 401
  [ ok ] a 400-char Basic payload is refused without decoding (pass[256] stays pass[256])
  [ ok ] 30 header lines: the parser stops at 20, the request is still just unauthorised
  [ ok ] a 600-byte header value is truncated at the field, not past it
  [ ok ] a 700-byte request line wrote nothing past path[512], and the server still serves
  [ ok ] a POST body with 40 pairs stops at postlist's 20, still 401
  [ ok ] phase 3: the pass-only file that stock served wide open answers 401 now
  [ ok ] and the same parser probes get the same refusals on it
  [ ok ] both servers' logs are clean: no crash, no backtrace, all probes survived
  [ ok ] both servers survived
  [ ok ] no page carries the raw username markup (index, newcamd, client detail, debug)
  [ ok ] the escaped form is what the pages render: 2 page(s) show &lt;script&gt;
  [ ok ] the interface still serves: index answered 200
  [ ok ] the poisoned name logged in fine (the fix is at render, not at login)
  [ ok ] the server log is clean
  [ ok ] server survived
  [ ok ] the 62-char name flowed through the layers: 5 ring line(s) name it
  [ ok ] /debug renders the named lines escaped: 5 occurrence(s)
  [ ok ] the name appears whole (max legal), the LINE bounded: longest run
  [ ok ] a 900-char login attempt is refused as unknown user, and the refusal line itself is clamped (longest B-run: 0)
  [ ok ] the interface still serves
  [ ok ] the server log is clean
  [ ok ] server survived
  [ ok ] the server SURVIVED the refused cache-table allocation (pre-fix: SIGSEGV on the first ECM)
  [ ok ] every failed attempt said so, once, bounded: 10 line(s) for two ECMs
  [ ok ] the bite really fired: 10 table allocation(s) refused
  [ ok ] the interface still serves with the cache table missing
  [ ok ] the phase-1 server log is clean
  [ ok ] phase 2: a real cache peer's CW was delivered to a real client (the guards did not touch the happy path)
  [ ok ] and it is exactly the CW the peer pushed
  [ ok ] the fresh table was allocated and the peer came online
  [ ok ] the clean run survived the whole sequence
  [ ok ] exactly two parse warnings, one per truncated field, naming the config lines
  [ ok ] the control pair logs in untouched
  [ ok ] the 70-char name entry logs in through its truncated 63-char form (pre-fix: the stored name was mangled with the password's bytes)
  [ ok ] the 70-char password entry logs in through its truncated form (pre-fix: userhash was destroyed, 'unknown user' for its own pass)
  [ ok ] the pre-fix failure signature is gone: no configured user is 'unknown'
  [ ok ] the server log is clean
  [ ok ] server survived
  [ ok ] phase 1: the peer recorded the server's request for the hash
  [ ok ] phase 1: the first waiter died (cache-only profile, silent peer)
  [ ok ] phase 3: the stored key answers peer requests (6/6) -- the auto-answer gate is open
  [ ok ] phase 4: the SAME ECM from a second client is served from the stored key
  [ ok ] and it is exactly the key the peer pushed
  [ ok ] the server survived the whole sequence
