  [warn] ARCHITECTURE.md:140 -> srv-newcamd.c:985 : no identifier from that sentence near it (cs_check_sendcw is at 1003)
  [warn] ARCHITECTURE.md:142 -> srv-newcamd.c:862 : no identifier from that sentence near it (cs_senddcw_cli is at 880)
  [warn] ARCHITECTURE.md:206 -> clustredcache.c:1590 : no identifier from that sentence near it (cw_cache_data is at 1532)
  [warn] ARCHITECTURE.md:207 -> clustredcache.c:1594 : no identifier from that sentence near it (cw_cache_data is at 1532)
  [warn] ARCHITECTURE.md:221 -> httpserver.c:3707 : no identifier from that sentence near it (getpeerbyid is at 3879)
  [warn] ARCHITECTURE.md:263 -> setdcw.c:654 : no identifier from that sentence near it (srctype is at 630)
  [warn] ARCHITECTURE.md:274 -> srv-newcamd.c:829 : no identifier from that sentence near it (DCW_SOURCE_CSCLIENT is at 847)
  [warn] ARCHITECTURE.md:277 -> httpserver.c:2992 : no identifier from that sentence near it (src2string is at 3155)
  [warn] ARCHITECTURE.md:331 -> setdcw.c:589 : no identifier from that sentence near it (lockecm is at 607)
  [warn] ARCHITECTURE.md:379 -> config.c:1246 : no identifier from that sentence near it (threshold is at 1466)
  [warn] ARCHITECTURE.md:380 -> config.c:1264 : no identifier from that sentence near it (SERVICE is at 1484)
  [warn] ARCHITECTURE.md:382 -> config.c:1292 : no identifier from that sentence near it (STATS is at 1511)
  [warn] ARCHITECTURE.md:385 -> config.c:5748 : no identifier from that sentence near it (update_cache_servers is at 6289)
  [warn] ARCHITECTURE.md:389 -> config.c:207 : no identifier from that sentence near it (init_config is at 236)
  [warn] ARCHITECTURE.md:408 -> httpserver.c:7041 : no identifier from that sentence near it (fopen is at 7114)
  [warn] ARCHITECTURE.md:409 -> httpserver.c:98 : no identifier from that sentence near it (HTTP_UPDATE_DIV is at 117)
  [warn] ARCHITECTURE.md:443 -> clustredcache.c:1035 : no identifier from that sentence near it (cache_send_fwdreply is at 1196)
  [warn] ARCHITECTURE.md:458 -> config.c:3076 : no identifier from that sentence near it (CACHE is at 2846)
  [warn] ARCHITECTURE.md:484 -> main.c:1389 : no identifier from that sentence near it (trust_lock is at 1423)
  [warn] ARCHITECTURE.md:525 -> clustredcache.c:372 : no identifier from that sentence near it (MAX_CACHE_INDEX is at 394)
  [warn] ARCHITECTURE.md:611 -> main.c:1389 : no identifier from that sentence near it (STAT_DCW_SUCCESS is at 1603)
  [warn] ARCHITECTURE.md:612 -> main.c:1431 : no identifier from that sentence near it (RETRY_HARD is at 1645)
  [warn] ARCHITECTURE.md:613 -> srv-newcamd.c:862 : no identifier from that sentence near it (cs_senddcw_cli is at 880)
  [warn] ARCHITECTURE.md:614 -> main.c:1154 : no identifier from that sentence near it (agreement is at 1361)
  [warn] ARCHITECTURE.md:678 -> setdcw.c:532 : no identifier from that sentence near it (STAT_DCW_SUCCESS is at 609)
  [warn] ARCHITECTURE.md:679 -> main.c:1171 : no identifier from that sentence near it (cwentropy_lowdiv is at 1378)
  [warn] ARCHITECTURE.md:961 -> clustredcache.c:676 : no identifier from that sentence near it (put_ecm2cache is at 824)
  [warn] ARCHITECTURE.md:962 -> clustredcache.c:541 : no identifier from that sentence near it (checkcycle is at 653)
  [warn] ARCHITECTURE.md:976 -> setdcw.c:678 : no identifier from that sentence near it (clients_check_sendcw is at 715)
  [warn] ARCHITECTURE.md:1046 -> clustredcache.c:1872 : no identifier from that sentence near it (cache_purge_mark is at 2313)
  [warn] ARCHITECTURE.md:1047 -> clustredcache.c:1496 : no identifier from that sentence near it (cache_setdcw is at 1657)
  [warn] ARCHITECTURE.md:1678 -> config.c:3819 : no identifier from that sentence near it (maxfailedecm is at 4151)
  [warn] ARCHITECTURE.md:1693 -> config.c:6530 : no identifier from that sentence near it (dcw_badlist_commit is at 6877)
  [warn] ARCHITECTURE.md:1696 -> th-cfg.c:51 : no identifier from that sentence near it (dcw_badlist_commit is at 74)
  [warn] ARCHITECTURE.md:1698 -> config.c:6625 : no identifier from that sentence near it (dcw_badlist_commit is at 6877)
  [warn] BLACKSCREEN.md:182 -> dcw.c:214 : no identifier from that sentence near it (ishalfnulledcw is at 230)
  [warn] BLACKSCREEN.md:182 -> dcw.h:25 : no identifier from that sentence near it (ishalfnulledcw is at 45)
  [warn] BLACKSCREEN.md:212 -> clustredcache.c:541 : no identifier from that sentence near it (checkcycle is at 653)
  [warn] DECISIONS.md:105 -> srv-newcamd.c:895 : no identifier from that sentence near it (enablefreeze is at 911)
  [warn] DECISIONS.md:161 -> srv-newcamd.c:985 : no identifier from that sentence near it (cs_check_sendcw is at 1003)
  [warn] DECISIONS.md:176 -> config.c:5795 : no identifier from that sentence near it (remove_newcamd_clients is at 6336)
  [warn] DECISIONS.md:309 -> clustredcache.c:1706 : no identifier from that sentence near it (cache_setdcw is at 1657)
  [warn] DECISIONS.md:2202 -> clustredcache.c:955 : no identifier from that sentence near it (cards is at 1042)
  [warn] DECISIONS.md:2480 -> config.c:2017 : no identifier from that sentence near it (read_config is at 878)
  [warn] DECISIONS.md:2571 -> clustredcache.c:753 : no identifier from that sentence near it (put_ecm2cache is at 824)
  [warn] DISCUSSION.md:10 -> clustredcache.c:1609 : no identifier from that sentence near it (cache_setdcw is at 1657)
  [warn] DISCUSSION.md:94 -> config.c:4103 : no identifier from that sentence near it (cw1cycle is at 4644)
  [warn] DISCUSSION.md:206 -> main.c:2638 : no identifier from that sentence near it (REVISION_STR is at 2673)
  [warn] ORIGIN.md:51 -> clustredcache.c:562 : no identifier from that sentence near it (get_cache2ecm is at 682)
  [warn] ORIGIN.md:79 -> config.c:6926 : no identifier from that sentence near it (cfg_set_id_counters is at 7428)
  [warn] ORIGIN.md:119 -> main.c:2230 : no identifier from that sentence near it (DCW_SOURCE_MGCLIENT is at 2258)
  [warn] REPORT-3.7-ar.md:18 -> config.c:845 : no identifier from that sentence near it (read_config is at 878)
  [warn] REPORT-4.4-ar.md:17 -> clustredcache.c:1706 : no identifier from that sentence near it (cache_setdcw is at 1657)
  [warn] REPORT-R13-ar.md:242 -> telnet.c:280 : no identifier from that sentence near it (dcwstats_reset is at 300)
  [warn] REPORT-R13-ar.md:299 -> config.c:2914 : no identifier from that sentence near it (sprintf is at 3096)
  [warn] REPORT-R13-ar.md:299 -> cli-newcamd.c:310 : no identifier from that sentence near it (sprintf is at 93)
  [warn] REPORT-R13-ar.md:303 -> config.c:2634 : no identifier from that sentence near it (CWCHECK is at 2652)
  [warn] SCOPE.md:54 -> clustredcache.c:541 : no identifier from that sentence near it (checkcycle is at 653)
  [warn] SCOPE.md:55 -> clustredcache.c:1609 : no identifier from that sentence near it (CACHE is at 1713)
  [warn] STATUS.md:27 -> srv-cccam.c:534 : no identifier from that sentence near it (struct is at 572)
  [warn] STATUS.md:27 -> config.c:3015 : no identifier from that sentence near it (struct is at 3036)
  [warn] STATUS.md:306 -> main.c:2581 : no identifier from that sentence near it (install_handler is at 2616)
  [warn] STATUS.md:311 -> main.c:2581 : no identifier from that sentence near it (install_handler is at 2616)
  [warn] STATUS.md:475 -> clustredcache.c:1561 : no identifier from that sentence near it (cache_setdcw is at 1657)
  [warn] STATUS.md:624 -> clustredcache.c:1561 : no identifier from that sentence near it (cache_setdcw is at 1657)
  [warn] STATUS.md:660 -> clustredcache.c:1561 : no identifier from that sentence near it (cache_setdcw is at 1657)
  doc-ref sweep: 436 references checked, 0 out of range
  doc-ref content check (advisory): 345 inspected, 66 worth a second look
