make: Entering directory '/home/user/mcs/tests'
  [ ok ] phase 1: the stranger's /json is the same 401 every page pays
  [ ok ] phase 2: the document parses and carries the six sections
  [ ok ] phase 3: the dcwstats section carries every named counter as integers
  [ ok ] phase 4: the ladder section shows the armed thresholds and an empty list
  [ ok ] phase 5: the online honest peer is a row with a ping and no ladder record
  [ ok ] phase 6: the flood really escalated (the evidence is live, not read back)
  [ ok ] phase 7: the live ladder record is in the document (distrust or beyond, 3+ events -- the 150 ms flood keeps climbing)
  [ ok ] phase 8: the record is merged into the row, and a stats build shows the flood in cycle-contradiction
make: Leaving directory '/home/user/mcs/tests'

M4_BIN_DEFAULT=../bin/multics-r82a-dev-x64
M4_RELEASE_DEV_RC=0
M4_X64_EPHEMERAL_PRESENT_AFTER_RELEASE_DEV=no
M4_JM_RC=0
make: Entering directory '/home/user/mcs/tests'
  [ ok ] stats build: the line arms the counters (DCW STATS: ON)
  [ ok ] the config parsed to the end
  [ ok ] profile DCW TIMEOUT: 1500 still applied (the STATS sub-word did not swallow it)
  [ ok ] file reload: the reset runs, the line re-arms (2x + Config file Changed)
  [ ok ] no line, no counters: the default stays silent
  [ ok ] a typo reads OFF, visibly (BOGUS -> DCW STATS: OFF)
  [ ok ] stock build: the line parses but is inert, one warning says so
  [ ok ] the stock build parsed the same config to the end
make: Leaving directory '/home/user/mcs/tests'

M3_STATS_BIN_DEFAULT=../bin/multics-r82a-stats-x64
M3_DS_RC=0

M4_SEVEN_TARGETS_AFTER_RELEASE_DEV (x64/multics absent at suite start): rc=0
make: Entering directory '/home/user/mcs/tests'
  [ ok ] phase 1: wrong logins are denied
  [ ok ] phase 1: three wrong logins took 3ms total -- the stock door answers instantly
  [ ok ] phase 1: wrong Basic credentials get instant 401s
  [ ok ] phase 1: the log stays silent (off = stock, byte for byte)
  [ ok ] phase 2: the guesses paid 250/253ms, 500/504ms, 1000/1004ms (base 250, doubling)
  [ ok ] phase 2: the right password logs in right away (44ms)
  [ ok ] phase 2: a good login reset the count -- the next typo is 250ms again (254ms)
  [ ok ] phase 2: the http door pays too (0.500757s for the first wrong Basic)
  [ ok ] phase 2: correct http credentials still open the page
  [ ok ] phase 2: the log said why -- failure #3, delaying 1000ms
  [ ok ] phase 3: the listed address logs in
  [ ok ] phase 3: and opens the http page
  [ ok ] phase 3: the stranger's telnet connection closes before any credential
  [ ok ] phase 3: the stranger's http request never becomes a page ('000')
  [ ok ] phase 3: the refusal is logged with the address
  [ ok ] phase 3: the compliant server's log is clean
  [ ok ] phase 1: the honest find is served by the lone honest peer
  [ ok ] phase 2: the third confirmed event escalated to distrust
  [ ok ] phase 2: the file carries B's record (stage 3 at check time -- the 250 ms flood keeps climbing past distrust)
  [ ok ] phase 3: the fresh channel was asked to A only (A 3, B 1) -- distrust means we stop asking
  [ ok ] phase 3: the sixth event escalated to isolate (4 and 5 still landed: distrust listens)
  [ ok ] phase 3: the isolated peer's pushes are refused at the door
  [ ok ] phase 3: keeping the pushes coming walked B to ban (arrivals counted, reason signed)
  [ ok ] phase 3: the file pinned the ban (stage 3)
  [ ok ] phase 3: the pings to the banned peer stopped
  [ ok ] phase 3: the ledger froze at the ban (10 events, drops past FLAG_DISABLE are stock-silent)
  [ ok ] phase 4: after the restart the file re-arms the ban, said once
  [ ok ] phase 4: the mesh still serves through the honest peer
  [ ok ] phase 5: after the operator removed the line, the mesh is whole again
  [ ok ] phase 5: the recovered peer receives finds again (B 2)
  [ ok ] phase 1: the stranger's /json is the same 401 every page pays
  [ ok ] phase 2: the document parses and carries the six sections
  [ ok ] phase 3: the dcwstats section carries every named counter as integers
  [ ok ] phase 4: the ladder section shows the armed thresholds and an empty list
  [ ok ] phase 5: the online honest peer is a row with a ping and no ladder record
  [ ok ] phase 6: the flood really escalated (the evidence is live, not read back)
  [ ok ] phase 7: the live ladder record is in the document (distrust or beyond, 3+ events -- the 150 ms flood keeps climbing)
  [ ok ] phase 8: the record is merged into the row, and a stats build shows the flood in cycle-contradiction
  [ ok ] HTTP / answered 200 with an overlong quoted config
  [ ok ] the server survived the overlong quoted config (pre-fix: ASan stack-buffer-overflow at read_config:2017)
  [ ok ] the truncated title (400 -> 254) is on the home page
  [ ok ] one Basic login mints a 256-bit session token (HttpOnly, SameSite=Strict)
  [ ok ] the skin is internal and self-contained: inline css, viewport, zero external refs
  [ ok ] the token alone opens every page -- no password re-send
  [ ok ] the door did not move: a forged token and a stranger both take the same 401
  [ ok ] logout expires the cookie and the dead token is refused
  [ ok ] Arabic is a real mode: rtl html, Arabic menu, the cookie carries it across pages
  [ ok ] ?lang=en flips straight back to LTR English
  [ ok ] /style.css still serves the builtin skin for legacy tools
  [ ok ] a dead token cannot read /json either (the logout really locked it)
  [ ok ] the stock FILE STYLESHEET override still wins with a plain link
  [ -- ] P1: consensus OFF, stock first-wins
  [ ok ] P1: OFF delivers exactly as stock and says nothing
  [ -- ] P2: consensus ON, a lone honest peer is held then released
  [ ok ] P2: the lone key is held for corroboration, then released by the window
  [ -- ] P3/P4: two honest voters deliver early; the late fake never lands
  [ ok ] P3: two honest voters corroborate and deliver BEFORE the window
  [ ok ] P4: with the fake listening, the clean key still delivered and the fake never landed
  [ -- ] P1: the trap -- same key, B's wrong mark answers first, A is +400 ms
  [ ok ] P1: the wrong mark is refused (1) AND the honest +400 ms reply delivers -- no node poison
  [ -- ] P2: a fresh key on a fresh channel -- the mesh is whole
  [ ok ] P2: the second round trips too (2 refusals total -- per-reply, never per-key)
make: Leaving directory '/home/user/mcs/tests'
active_multics_after_seven_targets=0
M4_SEVEN_TARGETS: au pr jm pq sk cn ri; ok=57 failures=0 rc=0; x64/multics absent at suite start and end.
