.gitignore: OK
bin-frozen-D53/multics-r82a-stats-x64: OK
bin-frozen-D53/multics-r82a-stock-x64: OK
bin/multics-r82a-arm: OK
bin/multics-r82a-dev-x64: OK
bin/multics-r82a-mipsel: OK
bin/multics-r82a-queue-stats-x64: OK
bin/multics-r82a-queue-x64: OK
bin/multics-r82a-sh4: OK
bin/multics-r82a-stats-x64: OK
bin/multics-r82a-stock-x64: OK
docs/ARCHITECTURE.md: OK
docs/BLACKSCREEN.md: OK
docs/BUILD-PATCHES.md: OK
docs/DECISIONS.md: OK
docs/DISCUSSION.md: OK
docs/FIELD-GUIDE-ar.md: OK
docs/INDEX-ar.md: OK
docs/INVENTORY-ar.md: OK
docs/ORIGIN.md: OK
docs/PATCH-PLAN.md: OK
docs/PROJECT-PLAN-ar.md: OK
docs/REPORT-2.10-ar.md: OK
docs/REPORT-2.4-ar.md: OK
docs/REPORT-2.5-ar.md: OK
docs/REPORT-2.6-ar.md: OK
docs/REPORT-2.7-ar.md: OK
docs/REPORT-2.8-ar.md: OK
docs/REPORT-2.9-ar.md: OK
docs/REPORT-3.1-ar.md: OK
docs/REPORT-3.10-ar.md: OK
docs/REPORT-3.11-ar.md: OK
docs/REPORT-3.12-ar.md: OK
docs/REPORT-3.13-ar.md: OK
docs/REPORT-3.14-ar.md: OK
docs/REPORT-3.15-ar.md: OK
docs/REPORT-3.16-ar.md: OK
docs/REPORT-3.17-ar.md: OK
docs/REPORT-3.18-ar.md: OK
docs/REPORT-3.19-ar.md: OK
docs/REPORT-3.2-ar.md: OK
docs/REPORT-3.3-ar.md: OK
docs/REPORT-3.4-ar.md: OK
docs/REPORT-3.5-ar.md: OK
docs/REPORT-3.6-ar.md: OK
docs/REPORT-3.7-ar.md: OK
docs/REPORT-3.8-ar.md: OK
docs/REPORT-3.8b-ar.md: OK
docs/REPORT-3.9-ar.md: OK
docs/REPORT-4.1-ar.md: OK
docs/REPORT-4.2-ar.md: OK
docs/REPORT-4.3-ar.md: OK
docs/REPORT-4.4-ar.md: OK
docs/REPORT-4.5-ar.md: OK
docs/REPORT-R1-ar.md: OK
docs/REPORT-R11-ar.md: OK
docs/REPORT-R12-ar.md: OK
docs/REPORT-R13-ar.md: OK
docs/REPORT-R2-ar.md: OK
docs/REPORT-R3-ar.md: OK
docs/REPORT-R4-ar.md: OK
docs/REPORT-R5-ar.md: OK
docs/REPORT-R6-ar.md: OK
docs/REPORT-R7-ar.md: OK
docs/REPORT-R8-ar.md: OK
docs/ROADMAP-ar.md: OK
docs/RUNBOOK-cold-restore-ar.md: OK
docs/SCOPE.md: OK
docs/STATUS.md: OK
docs/all310-run.log: OK
docs/all311-run.log: OK
docs/all312-run.log: OK
docs/all313-run.log: OK
docs/all314-run.log: OK
docs/all36-run.log: OK
docs/all37-run.log: OK
docs/all38-run.log: OK
docs/all39-run.log: OK
docs/evidence-R13/.ce-nc1.out: OK
docs/evidence-R13/.ce-nc2.out: OK
docs/evidence-R13/.ce-s1.log: OK
docs/evidence-R13/.ce-s2.log: OK
docs/evidence-R13/.ce-s3.log: OK
docs/evidence-R13/.oh-srv.log: OK
docs/evidence-R13/ce-post-R13-default.out: OK
docs/evidence-R13/ce-post-R13.out: OK
docs/evidence-R13/ce-repro.sh: OK
docs/evidence-R13/ce2-srv.log: OK
docs/evidence-R13/concurrency-collision.log: OK
docs/evidence-R13/cr2-s2.log: OK
docs/evidence-R13/exp-A.cfg: OK
docs/evidence-R13/exp-A.log: OK
docs/evidence-R13/exp-B.cfg: OK
docs/evidence-R13/exp-B.log: OK
docs/evidence-R13/exp-C.cfg: OK
docs/evidence-R13/exp-C.log: OK
docs/evidence-R13/exp.sh: OK
docs/evidence-R13/fullwing-final.log: OK
docs/evidence-R13/fullwing-partial-r13a.log: OK
docs/evidence-R13/fullwing-r13-pretelnet.log: OK
docs/evidence-R13/impl.log: OK
docs/evidence-R13/md5check.log: OK
docs/evidence-R13/memcheck-exec-mode.log: OK
docs/evidence-R13/memcheck-live-post-R13.log: OK
docs/evidence-R13/memcheck-stale-srclist.log: OK
docs/evidence-R13/memcheck-units-post-R13.log: OK
docs/evidence-R13/oh-post-R13.out: OK
docs/evidence-R13/pkill-comm-live.log: OK
docs/evidence-R13/preflight-live.log: OK
docs/evidence-R13/tl1-post-R13.out: OK
docs/evidence-R13/tl1-srv.log: OK
docs/evidence-R13/unit.log: OK
docs/evidence-R13/wing2.log: OK
docs/evidence-R13/wing3.log: OK
docs/evidence-R14/ce-after-ncclient-dep.out: OK
docs/evidence-R14/ce-missing-ncclient-dep.log: OK
docs/evidence-R14/d70-sha1-rodata.log: OK
docs/evidence-R14/d70-sha1-rodata.sh: OK
docs/evidence-R14/d71-jm-fail-logs/.jm-a.log: OK
docs/evidence-R14/d71-jm-fail-logs/.jm-b.log: OK
docs/evidence-R14/d71-jm-fail-logs/.jm-srv.cfg: OK
docs/evidence-R14/d71-jm-in-suite.log: OK
docs/evidence-R14/docrefs-post-m5.log: OK
docs/evidence-R14/docrefs-post-m6.log: OK
docs/evidence-R14/m1-align-test.out: OK
docs/evidence-R14/m1-freshbuild.log: OK
docs/evidence-R14/m1-ubsan-probe.log: OK
docs/evidence-R14/m1-ubsan-probe.sh: OK
docs/evidence-R14/m1-unit-suite.log: OK
docs/evidence-R14/m3-m4-path-smoke.log: OK
docs/evidence-R14/m38-explicit-optin-wing.log: OK
docs/evidence-R14/m38-guard-checks.log: OK
docs/evidence-R14/m38-jm-optin.log: OK
docs/evidence-R14/m5-unsafe-api-gate.log: OK
docs/evidence-R14/m6-csp-unasked.log: OK
docs/evidence-R14/m6-cwreuse-retention.log: OK
docs/evidence-R14/m6-fullwing.log: OK
docs/evidence-R14/m6-guard-ablation.log: OK
docs/evidence-R14/m6-unit-suite.log: OK
docs/evidence-R14/md5check.log: OK
docs/evidence-R14/tl2-post-R14.out: OK
docs/evidence-R14/tl2-srv.log: OK
docs/evidence-R14/wing-post-m36.log: OK
docs/evidence-R14/wing-targets-post-m1.log: OK
docs/evidence-R14/x64-flavours-post-m38.log: OK
docs/evidence-R14/x64-flavours-post-m5.log: OK
docs/evidence-R14/x64-flavours-post-m6.log: OK
docs/interference-R12/postfix-trap-peerA.log: OK
docs/interference-R12/postfix-trap-peerB.log: OK
docs/interference-R12/postfix-trap-srv.log: OK
docs/interference-R12/prefix-trap-peerA.log: OK
docs/interference-R12/prefix-trap-peerB.log: OK
docs/interference-R12/prefix-trap-srv.log: OK
docs/memcheck-4.1/RESULT.txt: OK
docs/memcheck-4.1/asan-empty.cfg: OK
docs/memcheck-4.1/asan-empty.log: OK
docs/memcheck-4.1/asan-live-before.txt: OK
docs/memcheck-4.1/asan-live.log: OK
docs/memcheck-4.1/asan.cfg: OK
docs/memcheck-4.1/asan.summary: OK
docs/memcheck-4.1/compile-test_cache_purge.log: OK
docs/memcheck-4.1/compile-test_cache_relay.log: OK
docs/memcheck-4.1/compile-test_cache_threshold.log: OK
docs/memcheck-4.1/compile-test_cacheguard.log: OK
docs/memcheck-4.1/compile-test_cachepref.log: OK
docs/memcheck-4.1/compile-test_cfgfield.log: OK
docs/memcheck-4.1/compile-test_cw_reuse.log: OK
docs/memcheck-4.1/compile-test_cwcm.log: OK
docs/memcheck-4.1/compile-test_cwcycle.log: OK
docs/memcheck-4.1/compile-test_cwentropy.log: OK
docs/memcheck-4.1/compile-test_cwneg.log: OK
docs/memcheck-4.1/compile-test_cwplaus.log: OK
docs/memcheck-4.1/compile-test_cwtime.log: OK
docs/memcheck-4.1/compile-test_dcw.log: OK
docs/memcheck-4.1/compile-test_dcwfilter.log: OK
docs/memcheck-4.1/compile-test_dcwstats.log: OK
docs/memcheck-4.1/compile-test_dcwstruct.log: OK
docs/memcheck-4.1/compile-test_debugcore.log: OK
docs/memcheck-4.1/compile-test_htmlesc.log: OK
docs/memcheck-4.1/compile-test_ledger.log: OK
docs/memcheck-4.1/compile-test_parser.log: OK
docs/memcheck-4.1/compile-test_peer_origin.log: OK
docs/memcheck-4.1/compile-test_peercard.log: OK
docs/memcheck-4.1/compile-test_phase1cfg.log: OK
docs/memcheck-4.1/compile-test_retry_detect.log: OK
docs/memcheck-4.1/compile-test_rotation.log: OK
docs/memcheck-4.1/compile-test_trust.log: OK
docs/memcheck-4.1/compile-test_trustagg.log: OK
docs/memcheck-4.1/compile-test_trustlife.log: OK
docs/memcheck-4.1/make-n-test.txt: OK
docs/memcheck-4.1/srv-mem-asan-link.log: OK
docs/memcheck-4.1/srv-mem-tsan-link.log: OK
docs/memcheck-4.1/srv-mem-vg-link.log: OK
docs/memcheck-4.1/tsan-empty.cfg: OK
docs/memcheck-4.1/tsan-empty.log: OK
docs/memcheck-4.1/tsan-live.log: OK
docs/memcheck-4.1/tsan-races.txt: OK
docs/memcheck-4.1/tsan.cfg: OK
docs/memcheck-4.1/tsan.summary: OK
docs/memcheck-4.1/valgrind-empty.cfg: OK
docs/memcheck-4.1/valgrind-empty.log: OK
docs/memcheck-4.1/valgrind-live-before.txt: OK
docs/memcheck-4.1/valgrind-live.log: OK
docs/memcheck-4.1/valgrind.cfg: OK
docs/memcheck-4.1/valgrind.summary: OK
docs/soak-4.2/RESULT.txt: OK
docs/soak-4.2/client-last.log: OK
docs/soak-4.2/client.log: OK
docs/soak-4.2/page.html: OK
docs/soak-4.2/peer-cycle.log: OK
docs/soak-4.2/peer-forged.log: OK
docs/soak-4.2/peer-mirror.log: OK
docs/soak-4.2/peer-reply.log: OK
docs/soak-4.2/peer-repush-rotate.log: OK
docs/soak-4.2/peer-repush-same.log: OK
docs/soak-4.2/peer-short.log: OK
docs/soak-4.2/peer-stranger.log: OK
docs/soak-4.2/rss.txt: OK
docs/soak-4.2/server.log: OK
docs/soak-4.2/soak.cfg: OK
docs/soak-4.2/stats-samples.txt: OK
docs/soak-4.2/telnet-end.txt: OK
make-cross/Makefile: OK
make-cross/cross-arm/multics: OK
make-cross/cross-mipsel/multics: OK
make-cross/cross-sh4/multics: OK
make-x64/Makefile: OK
make-x64/memcheck.sh: OK
make-x64/memcheck.supp: OK
make-x64/port_gnu89.h: OK
make-x64/probe_cardsids.c: OK
make-x64/probe_parsequotes.c: OK
make-x64/probe_xmlescape.c: OK
make-x64/test_cache_purge.c: OK
make-x64/test_cache_relay.c: OK
make-x64/test_cache_threshold.c: OK
make-x64/test_cacheex_gates.c: OK
make-x64/test_cacheguard.c: OK
make-x64/test_cachepref.c: OK
make-x64/test_cachequeue.c: OK
make-x64/test_cfgfield.c: OK
make-x64/test_cw_reuse.c: OK
make-x64/test_cwcm.c: OK
make-x64/test_cwconsensus.c: OK
make-x64/test_cwcycle.c: OK
make-x64/test_cwentropy.c: OK
make-x64/test_cwlog.c: OK
make-x64/test_cwneg.c: OK
make-x64/test_cwplaus.c: OK
make-x64/test_cwtime.c: OK
make-x64/test_dcw.c: OK
make-x64/test_dcwfilter.c: OK
make-x64/test_dcwstats.c: OK
make-x64/test_dcwstruct.c: OK
make-x64/test_debugcore.c: OK
make-x64/test_htmlesc.c: OK
make-x64/test_ledger.c: OK
make-x64/test_loginthrottle.c: OK
make-x64/test_m1align.c: OK
make-x64/test_monjson.c: OK
make-x64/test_parser.c: OK
make-x64/test_peer_origin.c: OK
make-x64/test_peercard.c: OK
make-x64/test_peerrep.c: OK
make-x64/test_phase1cfg.c: OK
make-x64/test_retry_detect.c: OK
make-x64/test_rotation.c: OK
make-x64/test_safestr.c: OK
make-x64/test_trust.c: OK
make-x64/test_trustagg.c: OK
make-x64/test_trustlife.c: OK
multics-ready.cfg: OK
multics-sample.cfg: OK
multics.log: OK
src/Makefile: OK
src/aes.c: OK
src/aes.h: OK
src/base64.c: OK
src/bmsearch.c: OK
src/cache_purge.h: OK
src/cache_relay.h: OK
src/cache_threshold.h: OK
src/cacheex.c: OK
src/cacheex.h: OK
src/cacheex_gates.h: OK
src/cacheguard.h: OK
src/cachepref.h: OK
src/cachequeue.c: OK
src/cachequeue.h: OK
src/cfgfield.h: OK
src/cli-camd35.c: OK
src/cli-cccam.c: OK
src/cli-common.c: OK
src/cli-cs378x.c: OK
src/cli-newcamd.c: OK
src/cli-radegast.c: OK
src/clustredcache.c: OK
src/common.h: OK
src/config.c: OK
src/config.h: OK
src/convert.c: OK
src/convert.h: OK
src/country.c: OK
src/crc32.c: OK
src/cw1cycle: OK
src/cw_reuse.h: OK
src/cwcm.h: OK
src/cwconsensus.c: OK
src/cwconsensus.h: OK
src/cwcycle.h: OK
src/cwentropy.h: OK
src/cwlog.c: OK
src/cwlog.h: OK
src/cwneg.h: OK
src/cwplaus.h: OK
src/cwtime.h: OK
src/dcw.c: OK
src/dcw.h: OK
src/dcwfilter.c: OK
src/dcwfilter.h: OK
src/dcwstats.h: OK
src/dcwstruct.h: OK
src/debug.c: OK
src/debug.h: OK
src/debugcore.h: OK
src/des.c: OK
src/des.h: OK
src/dyn_buffer.c: OK
src/ecmdata.c: OK
src/ecmdata.h: OK
src/htmlesc.h: OK
src/httpbuffer.c: OK
src/httpserver.c: OK
src/httpserver.h: OK
src/httpstyle.c: OK
src/images.c: OK
src/ipdata.c: OK
src/ipdata.h: OK
src/ipenc.c: OK
src/iplock.c: OK
src/ledger.h: OK
src/loadbalance.c: OK
src/loginthrottle.c: OK
src/loginthrottle.h: OK
src/lzoconf.h: OK
src/main.c: OK
src/main.h: OK
src/md5.c: OK
src/md5.h: OK
src/monjson.c: OK
src/monjson.h: OK
src/msg-camd35.c: OK
src/msg-cccam.c: OK
src/msg-cccam.h: OK
src/msg-newcamd.c: OK
src/msg-newcamd.h: OK
src/msg-radegast.c: OK
src/msg-radegast.h: OK
src/parser.c: OK
src/parser.h: OK
src/peer_cards.h: OK
src/peer_origin.h: OK
src/peerrep.c: OK
src/peerrep.h: OK
src/pipe.c: OK
src/pipe.h: OK
src/retry_detect.h: OK
src/rotation.h: OK
src/safe_string.h: OK
src/setdcw.c: OK
src/sha1.c: OK
src/sha1.h: OK
src/sockets.c: OK
src/sockets.h: OK
src/srv-camd35.c: OK
src/srv-cccam.c: OK
src/srv-common.c: OK
src/srv-cs378x.c: OK
src/srv-freecccam.c: OK
src/srv-mgcamd.c: OK
src/srv-newcamd.c: OK
src/srv-radegast.c: OK
src/statsline.h: OK
src/telnet.c: OK
src/telnet.h: OK
src/th-cfg.c: OK
src/th-date.c: OK
src/th-dns.c: OK
src/th-ecm.c: OK
src/th-srv.c: OK
src/threads.c: OK
src/threads.h: OK
src/tools.c: OK
src/tools.h: OK
src/trust.h: OK
src/trustagg.h: OK
src/trustlife.h: OK
src/twin.c: OK
src/twin.h: OK
start-multics.sh: OK
tests/.dbg-pr.cfg: OK
tests/Makefile: OK
tests/UNSAFE-API-LINT.md: OK
tests/autelnet.py: OK
tests/ca-bite.c: OK
tests/cachepeer.c: OK
tests/cardfill.c: OK
tests/cedcw.py: OK
tests/cxpeer.c: OK
tests/docrefs.sh: OK
tests/dt-probe.c: OK
tests/lint_unsafe_apis.py: OK
tests/multics-filter.cfg: OK
tests/multics-live.cfg: OK
tests/ncclient.c: OK
tests/ncserver.c: OK
tests/soak.sh: OK
tests/sp-peer.c: OK
tests/stability.mk: OK
tests/telnetprobe.py: OK
tests/u-probe.c: OK
tests/unsafe-api-baseline.tsv: OK
