PEER: bound 127.0.0.1:17107, target 127.0.0.1:17101, cw=11223366445566FF77889998AABBCC31
PEER: got MultiCS ping (peer id 0006)
PEER: sent TYPE_HELLO_ACK -- recvport and ping are now set server-side
PEER: advertised card 18840000
PEER: got request sid 008A hash 71CCEEB2
PEER: fresh key #1: groups 1-3 intact, group 4 BROKEN
PEER: replied CW for ch 1884:0000 sid 008A hash 71CCEEB2 mark 2 (1/1000000)
PEER: got request sid 009B hash E944BE03
PEER: fresh key #2: 66 bit(s) from the previous one, groups 1-3 intact, group 4 BROKEN
PEER: replied CW for ch 1884:0000 sid 009B hash E944BE03 mark 2 (2/1000000)
PEER: got request sid 00AC hash 07C4EF54
PEER: fresh key #3: 70 bit(s) from the previous one, groups 1-3 intact, group 4 BROKEN
PEER: replied CW for ch 1884:0000 sid 00AC hash 07C4EF54 mark 2 (3/1000000)
PEER: got request sid 00BD hash C90920A5
PEER: fresh key #4: 57 bit(s) from the previous one, groups 1-3 intact, group 4 BROKEN
PEER: replied CW for ch 1884:0000 sid 00BD hash C90920A5 mark 2 (4/1000000)
PEER: got request sid 00CE hash 43322FF6
PEER: fresh key #5: 69 bit(s) from the previous one, groups 1-3 intact, group 4 BROKEN
PEER: replied CW for ch 1884:0000 sid 00CE hash 43322FF6 mark 2 (5/1000000)
PEER: got request sid 00DF hash 66B08047
PEER: fresh key #6: 63 bit(s) from the previous one, groups 1-3 intact, group 4 BROKEN
PEER: replied CW for ch 1884:0000 sid 00DF hash 66B08047 mark 2 (6/1000000)
PEER: got request sid 00F0 hash 6EE1CF98
PEER: fresh key #7: 70 bit(s) from the previous one, groups 1-3 intact, group 4 BROKEN
PEER: replied CW for ch 1884:0000 sid 00F0 hash 6EE1CF98 mark 2 (7/1000000)
PEER: got request sid 0101 hash 29903FE9
PEER: fresh key #8: 69 bit(s) from the previous one, groups 1-3 intact, group 4 BROKEN
PEER: replied CW for ch 1884:0000 sid 0101 hash 29903FE9 mark 2 (8/1000000)
PEER: got request sid 0112 hash 410B113A
PEER: fresh key #9: 67 bit(s) from the previous one, groups 1-3 intact, group 4 BROKEN
PEER: replied CW for ch 1884:0000 sid 0112 hash 410B113A mark 2 (9/1000000)
PEER: got request sid 0123 hash 0D15418B
PEER: fresh key #10: 63 bit(s) from the previous one, groups 1-3 intact, group 4 BROKEN
PEER: replied CW for ch 1884:0000 sid 0123 hash 0D15418B mark 2 (10/1000000)
PEER: got request sid 0134 hash 21E7B0DC
PEER: fresh key #11: 62 bit(s) from the previous one, groups 1-3 intact, group 4 BROKEN
PEER: replied CW for ch 1884:0000 sid 0134 hash 21E7B0DC mark 2 (11/1000000)
PEER: got request sid 0145 hash 1FEE212D
PEER: fresh key #12: 61 bit(s) from the previous one, groups 1-3 intact, group 4 BROKEN
PEER: replied CW for ch 1884:0000 sid 0145 hash 1FEE212D mark 2 (12/1000000)
PEER: got request sid 0156 hash B168B07E
PEER: fresh key #13: 69 bit(s) from the previous one, groups 1-3 intact, group 4 BROKEN
PEER: replied CW for ch 1884:0000 sid 0156 hash B168B07E mark 2 (13/1000000)
PEER: got request sid 0167 hash 649E21CF
PEER: fresh key #14: 66 bit(s) from the previous one, groups 1-3 intact, group 4 BROKEN
PEER: replied CW for ch 1884:0000 sid 0167 hash 649E21CF mark 2 (14/1000000)
PEER: got request sid 0178 hash 9F979320
PEER: fresh key #15: 67 bit(s) from the previous one, groups 1-3 intact, group 4 BROKEN
PEER: replied CW for ch 1884:0000 sid 0178 hash 9F979320 mark 2 (15/1000000)
PEER: got request sid 0189 hash 64536271
PEER: fresh key #16: 64 bit(s) from the previous one, groups 1-3 intact, group 4 BROKEN
PEER: replied CW for ch 1884:0000 sid 0189 hash 64536271 mark 2 (16/1000000)
PEER: got request sid 019A hash DBCB31C2
PEER: fresh key #17: 66 bit(s) from the previous one, groups 1-3 intact, group 4 BROKEN
PEER: replied CW for ch 1884:0000 sid 019A hash DBCB31C2 mark 2 (17/1000000)
PEER: got request sid 01AB hash FA4B6313
PEER: fresh key #18: 62 bit(s) from the previous one, groups 1-3 intact, group 4 BROKEN
PEER: replied CW for ch 1884:0000 sid 01AB hash FA4B6313 mark 2 (18/1000000)
PEER: got request sid 01BC hash 4D71B364
PEER: fresh key #19: 64 bit(s) from the previous one, groups 1-3 intact, group 4 BROKEN
PEER: replied CW for ch 1884:0000 sid 01BC hash 4D71B364 mark 2 (19/1000000)
PEER: got request sid 01CD hash C9C1A4B5
PEER: fresh key #20: 58 bit(s) from the previous one, groups 1-3 intact, group 4 BROKEN
PEER: replied CW for ch 1884:0000 sid 01CD hash C9C1A4B5 mark 2 (20/1000000)
PEER: got MultiCS ping (peer id 0006)
PEER: sent TYPE_HELLO_ACK -- recvport and ping are now set server-side
PEER: got request sid 01DE hash 5936F406
PEER: fresh key #21: 71 bit(s) from the previous one, groups 1-3 intact, group 4 BROKEN
PEER: replied CW for ch 1884:0000 sid 01DE hash 5936F406 mark 2 (21/1000000)
PEER: got request sid 01EF hash 61684357
PEER: fresh key #22: 61 bit(s) from the previous one, groups 1-3 intact, group 4 BROKEN
PEER: replied CW for ch 1884:0000 sid 01EF hash 61684357 mark 2 (22/1000000)
PEER: got request sid 0200 hash 1C16B3A8
PEER: fresh key #23: 70 bit(s) from the previous one, groups 1-3 intact, group 4 BROKEN
PEER: replied CW for ch 1884:0000 sid 0200 hash 1C16B3A8 mark 2 (23/1000000)
PEER: got request sid 0211 hash 339184F9
PEER: fresh key #24: 59 bit(s) from the previous one, groups 1-3 intact, group 4 BROKEN
PEER: replied CW for ch 1884:0000 sid 0211 hash 339184F9 mark 2 (24/1000000)
PEER: got request sid 0222 hash FF9BB54A
PEER: fresh key #25: 69 bit(s) from the previous one, groups 1-3 intact, group 4 BROKEN
PEER: replied CW for ch 1884:0000 sid 0222 hash FF9BB54A mark 2 (25/1000000)
PEER: got request sid 0233 hash ED2DE59B
PEER: fresh key #26: 63 bit(s) from the previous one, groups 1-3 intact, group 4 BROKEN
PEER: replied CW for ch 1884:0000 sid 0233 hash ED2DE59B mark 2 (26/1000000)
PEER: got request sid 0244 hash 127494EC
PEER: fresh key #27: 59 bit(s) from the previous one, groups 1-3 intact, group 4 BROKEN
PEER: replied CW for ch 1884:0000 sid 0244 hash 127494EC mark 2 (27/1000000)
PEER: got request sid 0255 hash A3EF243D
PEER: fresh key #28: 61 bit(s) from the previous one, groups 1-3 intact, group 4 BROKEN
PEER: replied CW for ch 1884:0000 sid 0255 hash A3EF243D mark 2 (28/1000000)
PEER: got request sid 0266 hash 5724958E
PEER: fresh key #29: 74 bit(s) from the previous one, groups 1-3 intact, group 4 BROKEN
PEER: replied CW for ch 1884:0000 sid 0266 hash 5724958E mark 2 (29/1000000)
PEER: got request sid 0277 hash 921E06DF
PEER: fresh key #30: 61 bit(s) from the previous one, groups 1-3 intact, group 4 BROKEN
PEER: replied CW for ch 1884:0000 sid 0277 hash 921E06DF mark 2 (30/1000000)
PEER: got request sid 0288 hash 56D9D630
PEER: fresh key #31: 64 bit(s) from the previous one, groups 1-3 intact, group 4 BROKEN
PEER: replied CW for ch 1884:0000 sid 0288 hash 56D9D630 mark 2 (31/1000000)
PEER: got request sid 0299 hash 51582681
PEER: fresh key #32: 70 bit(s) from the previous one, groups 1-3 intact, group 4 BROKEN
PEER: replied CW for ch 1884:0000 sid 0299 hash 51582681 mark 2 (32/1000000)
PEER: got request sid 02AA hash C56C35D2
PEER: fresh key #33: 63 bit(s) from the previous one, groups 1-3 intact, group 4 BROKEN
PEER: replied CW for ch 1884:0000 sid 02AA hash C56C35D2 mark 2 (33/1000000)
PEER: got request sid 02BB hash 3FF82723
PEER: fresh key #34: 70 bit(s) from the previous one, groups 1-3 intact, group 4 BROKEN
PEER: replied CW for ch 1884:0000 sid 02BB hash 3FF82723 mark 2 (34/1000000)
PEER: got request sid 02CC hash BC481874
PEER: fresh key #35: 67 bit(s) from the previous one, groups 1-3 intact, group 4 BROKEN
PEER: replied CW for ch 1884:0000 sid 02CC hash BC481874 mark 2 (35/1000000)
PEER: got request sid 02DD hash 4BBD67C5
PEER: fresh key #36: 65 bit(s) from the previous one, groups 1-3 intact, group 4 BROKEN
PEER: replied CW for ch 1884:0000 sid 02DD hash 4BBD67C5 mark 2 (36/1000000)
PEER: got request sid 02EE hash 53EEB716
PEER: fresh key #37: 65 bit(s) from the previous one, groups 1-3 intact, group 4 BROKEN
PEER: replied CW for ch 1884:0000 sid 02EE hash 53EEB716 mark 2 (37/1000000)
PEER: got request sid 02FF hash 0E9D2767
PEER: fresh key #38: 69 bit(s) from the previous one, groups 1-3 intact, group 4 BROKEN
PEER: replied CW for ch 1884:0000 sid 02FF hash 0E9D2767 mark 2 (38/1000000)
PEER: got request sid 0310 hash D2C397B8
PEER: fresh key #39: 62 bit(s) from the previous one, groups 1-3 intact, group 4 BROKEN
PEER: replied CW for ch 1884:0000 sid 0310 hash D2C397B8 mark 2 (39/1000000)
PEER: got request sid 0321 hash F2222909
PEER: fresh key #40: 68 bit(s) from the previous one, groups 1-3 intact, group 4 BROKEN
PEER: replied CW for ch 1884:0000 sid 0321 hash F2222909 mark 2 (40/1000000)
PEER: got MultiCS ping (peer id 0006)
PEER: sent TYPE_HELLO_ACK -- recvport and ping are now set server-side
PEER: got request sid 0332 hash DFB4595A
PEER: fresh key #41: 63 bit(s) from the previous one, groups 1-3 intact, group 4 BROKEN
PEER: replied CW for ch 1884:0000 sid 0332 hash DFB4595A mark 2 (41/1000000)
PEER: got request sid 0343 hash 04FB08AB
PEER: fresh key #42: 71 bit(s) from the previous one, groups 1-3 intact, group 4 BROKEN
PEER: replied CW for ch 1884:0000 sid 0343 hash 04FB08AB mark 2 (42/1000000)
PEER: got request sid 0354 hash 967597FC
PEER: fresh key #43: 60 bit(s) from the previous one, groups 1-3 intact, group 4 BROKEN
PEER: replied CW for ch 1884:0000 sid 0354 hash 967597FC mark 2 (43/1000000)
PEER: got request sid 0365 hash 49AB094D
PEER: fresh key #44: 71 bit(s) from the previous one, groups 1-3 intact, group 4 BROKEN
PEER: replied CW for ch 1884:0000 sid 0365 hash 49AB094D mark 2 (44/1000000)
PEER: got request sid 0376 hash 65D1599E
PEER: fresh key #45: 62 bit(s) from the previous one, groups 1-3 intact, group 4 BROKEN
PEER: replied CW for ch 1884:0000 sid 0376 hash 65D1599E mark 2 (45/1000000)
PEER: got request sid 0387 hash C3868AEF
PEER: fresh key #46: 65 bit(s) from the previous one, groups 1-3 intact, group 4 BROKEN
PEER: replied CW for ch 1884:0000 sid 0387 hash C3868AEF mark 2 (46/1000000)
PEER: got request sid 0398 hash 43DE9A40
PEER: fresh key #47: 64 bit(s) from the previous one, groups 1-3 intact, group 4 BROKEN
PEER: replied CW for ch 1884:0000 sid 0398 hash 43DE9A40 mark 2 (47/1000000)
PEER: got request sid 03A9 hash B7F2A991
PEER: fresh key #48: 66 bit(s) from the previous one, groups 1-3 intact, group 4 BROKEN
PEER: replied CW for ch 1884:0000 sid 03A9 hash B7F2A991 mark 2 (48/1000000)
PEER: got request sid 03BA hash 327E9AE2
PEER: fresh key #49: 64 bit(s) from the previous one, groups 1-3 intact, group 4 BROKEN
PEER: replied CW for ch 1884:0000 sid 03BA hash 327E9AE2 mark 2 (49/1000000)
PEER: got request sid 03CB hash AECE8C33
PEER: fresh key #50: 61 bit(s) from the previous one, groups 1-3 intact, group 4 BROKEN
PEER: replied CW for ch 1884:0000 sid 03CB hash AECE8C33 mark 2 (50/1000000)
PEER: got request sid 03DC hash 3E43DB84
PEER: fresh key #51: 69 bit(s) from the previous one, groups 1-3 intact, group 4 BROKEN
PEER: replied CW for ch 1884:0000 sid 03DC hash 3E43DB84 mark 2 (51/1000000)
PEER: got request sid 03ED hash 76C22BD5
PEER: fresh key #52: 62 bit(s) from the previous one, groups 1-3 intact, group 4 BROKEN
PEER: replied CW for ch 1884:0000 sid 03ED hash 76C22BD5 mark 2 (52/1000000)
PEER: got request sid 03FE hash 01239B26
PEER: fresh key #53: 66 bit(s) from the previous one, groups 1-3 intact, group 4 BROKEN
PEER: replied CW for ch 1884:0000 sid 03FE hash 01239B26 mark 2 (53/1000000)
PEER: got request sid 040F hash C54A0B77
PEER: fresh key #54: 68 bit(s) from the previous one, groups 1-3 intact, group 4 BROKEN
PEER: replied CW for ch 1884:0000 sid 040F hash C54A0B77 mark 2 (54/1000000)
PEER: got request sid 0420 hash E4A89CC8
PEER: fresh key #55: 68 bit(s) from the previous one, groups 1-3 intact, group 4 BROKEN
PEER: replied CW for ch 1884:0000 sid 0420 hash E4A89CC8 mark 2 (55/1000000)
PEER: got request sid 0431 hash D23ACD19
PEER: fresh key #56: 59 bit(s) from the previous one, groups 1-3 intact, group 4 BROKEN
PEER: replied CW for ch 1884:0000 sid 0431 hash D23ACD19 mark 2 (56/1000000)
PEER: got request sid 0442 hash F7817C6A
PEER: fresh key #57: 64 bit(s) from the previous one, groups 1-3 intact, group 4 BROKEN
PEER: replied CW for ch 1884:0000 sid 0442 hash F7817C6A mark 2 (57/1000000)
PEER: got request sid 0453 hash 88FFCCBB
PEER: fresh key #58: 66 bit(s) from the previous one, groups 1-3 intact, group 4 BROKEN
PEER: replied CW for ch 1884:0000 sid 0453 hash 88FFCCBB mark 2 (58/1000000)
PEER: got request sid 0464 hash A1669C0C
PEER: fresh key #59: 65 bit(s) from the previous one, groups 1-3 intact, group 4 BROKEN
PEER: replied CW for ch 1884:0000 sid 0464 hash A1669C0C mark 2 (59/1000000)
PEER: got request sid 0475 hash 5857CD5D
PEER: fresh key #60: 63 bit(s) from the previous one, groups 1-3 intact, group 4 BROKEN
PEER: replied CW for ch 1884:0000 sid 0475 hash 5857CD5D mark 2 (60/1000000)
PEER: got MultiCS ping (peer id 0006)
PEER: sent TYPE_HELLO_ACK -- recvport and ping are now set server-side
PEER: got request sid 0486 hash B60CFEAE
PEER: fresh key #61: 67 bit(s) from the previous one, groups 1-3 intact, group 4 BROKEN
PEER: replied CW for ch 1884:0000 sid 0486 hash B60CFEAE mark 2 (61/1000000)
PEER: got request sid 0497 hash 36650DFF
PEER: fresh key #62: 63 bit(s) from the previous one, groups 1-3 intact, group 4 BROKEN
PEER: replied CW for ch 1884:0000 sid 0497 hash 36650DFF mark 2 (62/1000000)
PEER: got request sid 04A8 hash AA791D50
PEER: fresh key #63: 66 bit(s) from the previous one, groups 1-3 intact, group 4 BROKEN
PEER: replied CW for ch 1884:0000 sid 04A8 hash AA791D50 mark 2 (63/1000000)
PEER: got request sid 04B9 hash 25050EA1
PEER: fresh key #64: 64 bit(s) from the previous one, groups 1-3 intact, group 4 BROKEN
PEER: replied CW for ch 1884:0000 sid 04B9 hash 25050EA1 mark 2 (64/1000000)
PEER: got request sid 04CA hash 432B5EF2
PEER: fresh key #65: 64 bit(s) from the previous one, groups 1-3 intact, group 4 BROKEN
PEER: replied CW for ch 1884:0000 sid 04CA hash 432B5EF2 mark 2 (65/1000000)
PEER: got request sid 04DB hash E6971043
PEER: fresh key #66: 70 bit(s) from the previous one, groups 1-3 intact, group 4 BROKEN
PEER: replied CW for ch 1884:0000 sid 04DB hash E6971043 mark 2 (66/1000000)
PEER: got request sid 04EC hash 69489F94
PEER: fresh key #67: 66 bit(s) from the previous one, groups 1-3 intact, group 4 BROKEN
PEER: replied CW for ch 1884:0000 sid 04EC hash 69489F94 mark 2 (67/1000000)
PEER: got request sid 04FD hash F3AA0EE5
PEER: fresh key #68: 59 bit(s) from the previous one, groups 1-3 intact, group 4 BROKEN
PEER: replied CW for ch 1884:0000 sid 04FD hash F3AA0EE5 mark 2 (68/1000000)
PEER: got request sid 050E hash B7D07F36
PEER: fresh key #69: 69 bit(s) from the previous one, groups 1-3 intact, group 4 BROKEN
PEER: replied CW for ch 1884:0000 sid 050E hash B7D07F36 mark 2 (69/1000000)
PEER: got request sid 051F hash D72F1087
PEER: fresh key #70: 63 bit(s) from the previous one, groups 1-3 intact, group 4 BROKEN
PEER: replied CW for ch 1884:0000 sid 051F hash D72F1087 mark 2 (70/1000000)
PEER: got request sid 0530 hash C4C140D8
PEER: fresh key #71: 69 bit(s) from the previous one, groups 1-3 intact, group 4 BROKEN
PEER: replied CW for ch 1884:0000 sid 0530 hash C4C140D8 mark 2 (71/1000000)
PEER: got request sid 0541 hash 91DB7129
PEER: fresh key #72: 63 bit(s) from the previous one, groups 1-3 intact, group 4 BROKEN
PEER: replied CW for ch 1884:0000 sid 0541 hash 91DB7129 mark 2 (72/1000000)
PEER: got request sid 0552 hash 7B86407A
PEER: fresh key #73: 71 bit(s) from the previous one, groups 1-3 intact, group 4 BROKEN
PEER: replied CW for ch 1884:0000 sid 0552 hash 7B86407A mark 2 (73/1000000)
PEER: got request sid 0563 hash 93ED0FCB
PEER: fresh key #74: 59 bit(s) from the previous one, groups 1-3 intact, group 4 BROKEN
PEER: replied CW for ch 1884:0000 sid 0563 hash 93ED0FCB mark 2 (74/1000000)
PEER: got request sid 0574 hash 4ADE411C
PEER: fresh key #75: 63 bit(s) from the previous one, groups 1-3 intact, group 4 BROKEN
PEER: replied CW for ch 1884:0000 sid 0574 hash 4ADE411C mark 2 (75/1000000)
PEER: got request sid 0585 hash A893726D
PEER: fresh key #76: 66 bit(s) from the previous one, groups 1-3 intact, group 4 BROKEN
PEER: replied CW for ch 1884:0000 sid 0585 hash A893726D mark 2 (76/1000000)
PEER: got request sid 0596 hash 28EB81BE
PEER: fresh key #77: 68 bit(s) from the previous one, groups 1-3 intact, group 4 BROKEN
PEER: replied CW for ch 1884:0000 sid 0596 hash 28EB81BE mark 2 (77/1000000)
PEER: got request sid 05A7 hash 7869D20F
PEER: fresh key #78: 57 bit(s) from the previous one, groups 1-3 intact, group 4 BROKEN
PEER: replied CW for ch 1884:0000 sid 05A7 hash 7869D20F mark 2 (78/1000000)
PEER: got request sid 05B8 hash 330A2160
PEER: fresh key #79: 74 bit(s) from the previous one, groups 1-3 intact, group 4 BROKEN
PEER: replied CW for ch 1884:0000 sid 05B8 hash 330A2160 mark 2 (79/1000000)
PEER: got request sid 05C9 hash 35B1D2B1
PEER: fresh key #80: 62 bit(s) from the previous one, groups 1-3 intact, group 4 BROKEN
PEER: replied CW for ch 1884:0000 sid 05C9 hash 35B1D2B1 mark 2 (80/1000000)
PEER: got MultiCS ping (peer id 0006)
PEER: sent TYPE_HELLO_ACK -- recvport and ping are now set server-side
PEER: got request sid 05DA hash D91D8402
PEER: fresh key #81: 69 bit(s) from the previous one, groups 1-3 intact, group 4 BROKEN
PEER: replied CW for ch 1884:0000 sid 05DA hash D91D8402 mark 2 (81/1000000)
PEER: got request sid 05EB hash 5BCF1353
PEER: fresh key #82: 60 bit(s) from the previous one, groups 1-3 intact, group 4 BROKEN
PEER: replied CW for ch 1884:0000 sid 05EB hash 5BCF1353 mark 2 (82/1000000)
PEER: got request sid 05FC hash E63082A4
PEER: fresh key #83: 64 bit(s) from the previous one, groups 1-3 intact, group 4 BROKEN
PEER: replied CW for ch 1884:0000 sid 05FC hash E63082A4 mark 2 (83/1000000)
PEER: got request sid 060D hash AA56F2F5
PEER: fresh key #84: 62 bit(s) from the previous one, groups 1-3 intact, group 4 BROKEN
PEER: replied CW for ch 1884:0000 sid 060D hash AA56F2F5 mark 2 (84/1000000)
PEER: got request sid 061E hash F9F56346
PEER: fresh key #85: 68 bit(s) from the previous one, groups 1-3 intact, group 4 BROKEN
PEER: replied CW for ch 1884:0000 sid 061E hash F9F56346 mark 2 (85/1000000)
PEER: got request sid 062F hash B747B497
PEER: fresh key #86: 65 bit(s) from the previous one, groups 1-3 intact, group 4 BROKEN
PEER: replied CW for ch 1884:0000 sid 062F hash B747B497 mark 2 (86/1000000)
PEER: got request sid 0640 hash 8461E4E8
PEER: fresh key #87: 64 bit(s) from the previous one, groups 1-3 intact, group 4 BROKEN
PEER: replied CW for ch 1884:0000 sid 0640 hash 8461E4E8 mark 2 (87/1000000)
PEER: got request sid 0651 hash 6E0CB439
PEER: fresh key #88: 70 bit(s) from the previous one, groups 1-3 intact, group 4 BROKEN
PEER: replied CW for ch 1884:0000 sid 0651 hash 6E0CB439 mark 2 (88/1000000)
PEER: got request sid 0662 hash 8673838A
PEER: fresh key #89: 69 bit(s) from the previous one, groups 1-3 intact, group 4 BROKEN
PEER: replied CW for ch 1884:0000 sid 0662 hash 8673838A mark 2 (89/1000000)
PEER: got request sid 0673 hash 3D64B4DB
PEER: fresh key #90: 58 bit(s) from the previous one, groups 1-3 intact, group 4 BROKEN
PEER: replied CW for ch 1884:0000 sid 0673 hash 3D64B4DB mark 2 (90/1000000)
PEER: got request sid 0684 hash E48B052C
PEER: fresh key #91: 65 bit(s) from the previous one, groups 1-3 intact, group 4 BROKEN
PEER: replied CW for ch 1884:0000 sid 0684 hash E48B052C mark 2 (91/1000000)
PEER: got request sid 0695 hash A50BF67D
PEER: fresh key #92: 69 bit(s) from the previous one, groups 1-3 intact, group 4 BROKEN
PEER: replied CW for ch 1884:0000 sid 0695 hash A50BF67D mark 2 (92/1000000)
PEER: got request sid 06A6 hash 6AF045CE
PEER: fresh key #93: 52 bit(s) from the previous one, groups 1-3 intact, group 4 BROKEN
PEER: replied CW for ch 1884:0000 sid 06A6 hash 6AF045CE mark 2 (93/1000000)
PEER: got request sid 06B7 hash 2590951F
PEER: fresh key #94: 71 bit(s) from the previous one, groups 1-3 intact, group 4 BROKEN
PEER: replied CW for ch 1884:0000 sid 06B7 hash 2590951F mark 2 (94/1000000)
PEER: got request sid 06C8 hash 28384670
PEER: fresh key #95: 64 bit(s) from the previous one, groups 1-3 intact, group 4 BROKEN
PEER: replied CW for ch 1884:0000 sid 06C8 hash 28384670 mark 2 (95/1000000)
PEER: got request sid 06D9 hash CBA3F7C1
PEER: fresh key #96: 72 bit(s) from the previous one, groups 1-3 intact, group 4 BROKEN
PEER: replied CW for ch 1884:0000 sid 06D9 hash CBA3F7C1 mark 2 (96/1000000)
PEER: got request sid 06EA hash 4E558712
PEER: fresh key #97: 62 bit(s) from the previous one, groups 1-3 intact, group 4 BROKEN
PEER: replied CW for ch 1884:0000 sid 06EA hash 4E558712 mark 2 (97/1000000)
PEER: got request sid 06FB hash 29C7B763
PEER: fresh key #98: 63 bit(s) from the previous one, groups 1-3 intact, group 4 BROKEN
PEER: replied CW for ch 1884:0000 sid 06FB hash 29C7B763 mark 2 (98/1000000)
PEER: got request sid 070C hash 9CDD66B4
PEER: fresh key #99: 64 bit(s) from the previous one, groups 1-3 intact, group 4 BROKEN
PEER: replied CW for ch 1884:0000 sid 070C hash 9CDD66B4 mark 2 (99/1000000)
PEER: got request sid 071D hash EC7BD705
PEER: fresh key #100: 64 bit(s) from the previous one, groups 1-3 intact, group 4 BROKEN
PEER: replied CW for ch 1884:0000 sid 071D hash EC7BD705 mark 2 (100/1000000)
PEER: got MultiCS ping (peer id 0006)
PEER: sent TYPE_HELLO_ACK -- recvport and ping are now set server-side
PEER: got request sid 072E hash A9CE2856
PEER: fresh key #101: 63 bit(s) from the previous one, groups 1-3 intact, group 4 BROKEN
PEER: replied CW for ch 1884:0000 sid 072E hash A9CE2856 mark 2 (101/1000000)
PEER: got request sid 073F hash 76E858A7
PEER: fresh key #102: 65 bit(s) from the previous one, groups 1-3 intact, group 4 BROKEN
PEER: replied CW for ch 1884:0000 sid 073F hash 76E858A7 mark 2 (102/1000000)
PEER: got request sid 0750 hash 609327F8
PEER: fresh key #103: 66 bit(s) from the previous one, groups 1-3 intact, group 4 BROKEN
PEER: replied CW for ch 1884:0000 sid 0750 hash 609327F8 mark 2 (103/1000000)
PEER: got request sid 0761 hash 87117849
PEER: fresh key #104: 70 bit(s) from the previous one, groups 1-3 intact, group 4 BROKEN
PEER: replied CW for ch 1884:0000 sid 0761 hash 87117849 mark 2 (104/1000000)
PEER: got request sid 0772 hash 1C54879A
PEER: fresh key #105: 70 bit(s) from the previous one, groups 1-3 intact, group 4 BROKEN
PEER: replied CW for ch 1884:0000 sid 0772 hash 1C54879A mark 2 (105/1000000)
PEER: got request sid 0783 hash D71178EB
PEER: fresh key #106: 59 bit(s) from the previous one, groups 1-3 intact, group 4 BROKEN
PEER: replied CW for ch 1884:0000 sid 0783 hash D71178EB mark 2 (106/1000000)
PEER: got request sid 0794 hash 97926A3C
PEER: fresh key #107: 74 bit(s) from the previous one, groups 1-3 intact, group 4 BROKEN
PEER: replied CW for ch 1884:0000 sid 0794 hash 97926A3C mark 2 (107/1000000)
PEER: got request sid 07A5 hash 5D76B98D
PEER: fresh key #108: 58 bit(s) from the previous one, groups 1-3 intact, group 4 BROKEN
PEER: replied CW for ch 1884:0000 sid 07A5 hash 5D76B98D mark 2 (108/1000000)
PEER: got request sid 07B6 hash 181708DE
PEER: fresh key #109: 63 bit(s) from the previous one, groups 1-3 intact, group 4 BROKEN
PEER: replied CW for ch 1884:0000 sid 07B6 hash 181708DE mark 2 (109/1000000)
PEER: got request sid 07C7 hash 1ABEBA2F
PEER: fresh key #110: 67 bit(s) from the previous one, groups 1-3 intact, group 4 BROKEN
PEER: replied CW for ch 1884:0000 sid 07C7 hash 1ABEBA2F mark 2 (110/1000000)
PEER: got request sid 07D8 hash 43E50A80
PEER: fresh key #111: 68 bit(s) from the previous one, groups 1-3 intact, group 4 BROKEN
PEER: replied CW for ch 1884:0000 sid 07D8 hash 43E50A80 mark 2 (111/1000000)
PEER: got request sid 07E9 hash B67C7BD1
PEER: fresh key #112: 69 bit(s) from the previous one, groups 1-3 intact, group 4 BROKEN
PEER: replied CW for ch 1884:0000 sid 07E9 hash B67C7BD1 mark 2 (112/1000000)
PEER: got request sid 07FA hash 1C4E2B22
PEER: fresh key #113: 60 bit(s) from the previous one, groups 1-3 intact, group 4 BROKEN
PEER: replied CW for ch 1884:0000 sid 07FA hash 1C4E2B22 mark 2 (113/1000000)
PEER: got request sid 080B hash 8F63DA73
PEER: fresh key #114: 66 bit(s) from the previous one, groups 1-3 intact, group 4 BROKEN
PEER: replied CW for ch 1884:0000 sid 080B hash 8F63DA73 mark 2 (114/1000000)
PEER: got request sid 081C hash DF024AC4
PEER: fresh key #115: 61 bit(s) from the previous one, groups 1-3 intact, group 4 BROKEN
PEER: replied CW for ch 1884:0000 sid 081C hash DF024AC4 mark 2 (115/1000000)
PEER: got request sid 082D hash 9C549C15
PEER: fresh key #116: 64 bit(s) from the previous one, groups 1-3 intact, group 4 BROKEN
PEER: replied CW for ch 1884:0000 sid 082D hash 9C549C15 mark 2 (116/1000000)
PEER: got request sid 083E hash 696ECC66
PEER: fresh key #117: 68 bit(s) from the previous one, groups 1-3 intact, group 4 BROKEN
PEER: replied CW for ch 1884:0000 sid 083E hash 696ECC66 mark 2 (117/1000000)
PEER: got request sid 084F hash 5410DCB7
PEER: fresh key #118: 72 bit(s) from the previous one, groups 1-3 intact, group 4 BROKEN
PEER: replied CW for ch 1884:0000 sid 084F hash 5410DCB7 mark 2 (118/1000000)
PEER: got request sid 0860 hash 7997EC08
PEER: fresh key #119: 59 bit(s) from the previous one, groups 1-3 intact, group 4 BROKEN
PEER: replied CW for ch 1884:0000 sid 0860 hash 7997EC08 mark 2 (119/1000000)
PEER: got request sid 0871 hash 0EDAFB59
PEER: fresh key #120: 69 bit(s) from the previous one, groups 1-3 intact, group 4 BROKEN
PEER: replied CW for ch 1884:0000 sid 0871 hash 0EDAFB59 mark 2 (120/1000000)
PEER: got MultiCS ping (peer id 0006)
PEER: sent TYPE_HELLO_ACK -- recvport and ping are now set server-side
PEER: got request sid 0882 hash C997ECAA
PEER: fresh key #121: 65 bit(s) from the previous one, groups 1-3 intact, group 4 BROKEN
PEER: replied CW for ch 1884:0000 sid 0882 hash C997ECAA mark 2 (121/1000000)
PEER: got request sid 0893 hash 8A18DDFB
PEER: fresh key #122: 59 bit(s) from the previous one, groups 1-3 intact, group 4 BROKEN
PEER: replied CW for ch 1884:0000 sid 0893 hash 8A18DDFB mark 2 (122/1000000)
PEER: got request sid 08A4 hash 4FFD2D4C
PEER: fresh key #123: 70 bit(s) from the previous one, groups 1-3 intact, group 4 BROKEN
PEER: replied CW for ch 1884:0000 sid 08A4 hash 4FFD2D4C mark 2 (123/1000000)
PEER: got request sid 08B5 hash B47B7D9D
PEER: fresh key #124: 57 bit(s) from the previous one, groups 1-3 intact, group 4 BROKEN
PEER: replied CW for ch 1884:0000 sid 08B5 hash B47B7D9D mark 2 (124/1000000)
PEER: got request sid 08C6 hash 43980CEE
PEER: fresh key #125: 75 bit(s) from the previous one, groups 1-3 intact, group 4 BROKEN
PEER: replied CW for ch 1884:0000 sid 08C6 hash 43980CEE mark 2 (125/1000000)
PEER: got request sid 08D7 hash 366B7E3F
PEER: fresh key #126: 57 bit(s) from the previous one, groups 1-3 intact, group 4 BROKEN
PEER: replied CW for ch 1884:0000 sid 08D7 hash 366B7E3F mark 2 (126/1000000)
PEER: got request sid 08E8 hash A902EF90
PEER: fresh key #127: 65 bit(s) from the previous one, groups 1-3 intact, group 4 BROKEN
PEER: replied CW for ch 1884:0000 sid 08E8 hash A902EF90 mark 2 (127/1000000)
PEER: got request sid 08F9 hash 0ED49EE1
PEER: fresh key #128: 59 bit(s) from the previous one, groups 1-3 intact, group 4 BROKEN
PEER: replied CW for ch 1884:0000 sid 08F9 hash 0ED49EE1 mark 2 (128/1000000)
PEER: got request sid 090A hash 81EA4E32
PEER: fresh key #129: 68 bit(s) from the previous one, groups 1-3 intact, group 4 BROKEN
PEER: replied CW for ch 1884:0000 sid 090A hash 81EA4E32 mark 2 (129/1000000)
PEER: got request sid 091B hash D188BE83
PEER: fresh key #130: 70 bit(s) from the previous one, groups 1-3 intact, group 4 BROKEN
PEER: replied CW for ch 1884:0000 sid 091B hash D188BE83 mark 2 (130/1000000)
PEER: got request sid 092C hash AE9F2ED4
PEER: fresh key #131: 67 bit(s) from the previous one, groups 1-3 intact, group 4 BROKEN
PEER: replied CW for ch 1884:0000 sid 092C hash AE9F2ED4 mark 2 (131/1000000)
PEER: got request sid 093D hash 5BF54025
PEER: fresh key #132: 57 bit(s) from the previous one, groups 1-3 intact, group 4 BROKEN
PEER: replied CW for ch 1884:0000 sid 093D hash 5BF54025 mark 2 (132/1000000)
PEER: got request sid 094E hash 46975076
PEER: fresh key #133: 71 bit(s) from the previous one, groups 1-3 intact, group 4 BROKEN
PEER: replied CW for ch 1884:0000 sid 094E hash 46975076 mark 2 (133/1000000)
PEER: got request sid 095F hash 6C1E5FC7
PEER: fresh key #134: 59 bit(s) from the previous one, groups 1-3 intact, group 4 BROKEN
PEER: replied CW for ch 1884:0000 sid 095F hash 6C1E5FC7 mark 2 (134/1000000)
PEER: got request sid 0970 hash 01616F18
PEER: fresh key #135: 70 bit(s) from the previous one, groups 1-3 intact, group 4 BROKEN
PEER: replied CW for ch 1884:0000 sid 0970 hash 01616F18 mark 2 (135/1000000)
PEER: got request sid 0981 hash BC1E6069
PEER: fresh key #136: 61 bit(s) from the previous one, groups 1-3 intact, group 4 BROKEN
PEER: replied CW for ch 1884:0000 sid 0981 hash BC1E6069 mark 2 (136/1000000)
PEER: got request sid 0992 hash 2E44B0BA
PEER: fresh key #137: 67 bit(s) from the previous one, groups 1-3 intact, group 4 BROKEN
PEER: replied CW for ch 1884:0000 sid 0992 hash 2E44B0BA mark 2 (137/1000000)
PEER: got request sid 09A3 hash CDA1620B
PEER: fresh key #138: 64 bit(s) from the previous one, groups 1-3 intact, group 4 BROKEN
PEER: replied CW for ch 1884:0000 sid 09A3 hash CDA1620B mark 2 (138/1000000)
PEER: got request sid 09B4 hash A701F15C
PEER: fresh key #139: 62 bit(s) from the previous one, groups 1-3 intact, group 4 BROKEN
PEER: replied CW for ch 1884:0000 sid 09B4 hash A701F15C mark 2 (139/1000000)
PEER: got request sid 09C5 hash 361E80AD
PEER: fresh key #140: 60 bit(s) from the previous one, groups 1-3 intact, group 4 BROKEN
PEER: replied CW for ch 1884:0000 sid 09C5 hash 361E80AD mark 2 (140/1000000)
PEER: got MultiCS ping (peer id 0006)
PEER: sent TYPE_HELLO_ACK -- recvport and ping are now set server-side
PEER: got request sid 09D6 hash 28F1F1FE
PEER: fresh key #141: 78 bit(s) from the previous one, groups 1-3 intact, group 4 BROKEN
PEER: replied CW for ch 1884:0000 sid 09D6 hash 28F1F1FE mark 2 (141/1000000)
PEER: got request sid 09E7 hash 9B89634F
PEER: fresh key #142: 58 bit(s) from the previous one, groups 1-3 intact, group 4 BROKEN
PEER: replied CW for ch 1884:0000 sid 09E7 hash 9B89634F mark 2 (142/1000000)
PEER: got request sid 09F8 hash 015B12A0
PEER: fresh key #143: 71 bit(s) from the previous one, groups 1-3 intact, group 4 BROKEN
PEER: replied CW for ch 1884:0000 sid 09F8 hash 015B12A0 mark 2 (143/1000000)
PEER: got request sid 0A09 hash C45542F1
PEER: fresh key #144: 63 bit(s) from the previous one, groups 1-3 intact, group 4 BROKEN
PEER: replied CW for ch 1884:0000 sid 0A09 hash C45542F1 mark 2 (144/1000000)
PEER: got request sid 0A1A hash C40F3242
PEER: fresh key #145: 62 bit(s) from the previous one, groups 1-3 intact, group 4 BROKEN
PEER: replied CW for ch 1884:0000 sid 0A1A hash C40F3242 mark 2 (145/1000000)
PEER: got request sid 0A2B hash A125A293
PEER: fresh key #146: 69 bit(s) from the previous one, groups 1-3 intact, group 4 BROKEN
PEER: replied CW for ch 1884:0000 sid 0A2B hash A125A293 mark 2 (146/1000000)
PEER: got request sid 0A3C hash 4E7BB3E4
PEER: fresh key #147: 65 bit(s) from the previous one, groups 1-3 intact, group 4 BROKEN
PEER: replied CW for ch 1884:0000 sid 0A3C hash 4E7BB3E4 mark 2 (147/1000000)
PEER: got request sid 0A4D hash 391DC435
PEER: fresh key #148: 63 bit(s) from the previous one, groups 1-3 intact, group 4 BROKEN
PEER: replied CW for ch 1884:0000 sid 0A4D hash 391DC435 mark 2 (148/1000000)
PEER: got request sid 0A5E hash 5EA4D386
PEER: fresh key #149: 67 bit(s) from the previous one, groups 1-3 intact, group 4 BROKEN
PEER: replied CW for ch 1884:0000 sid 0A5E hash 5EA4D386 mark 2 (149/1000000)
PEER: got request sid 0A6F hash DA2323D7
PEER: fresh key #150: 63 bit(s) from the previous one, groups 1-3 intact, group 4 BROKEN
PEER: replied CW for ch 1884:0000 sid 0A6F hash DA2323D7 mark 2 (150/1000000)
PEER: got request sid 0A80 hash 26327328
PEER: fresh key #151: 73 bit(s) from the previous one, groups 1-3 intact, group 4 BROKEN
PEER: replied CW for ch 1884:0000 sid 0A80 hash 26327328 mark 2 (151/1000000)
PEER: got request sid 0A91 hash 20CB2479
PEER: fresh key #152: 62 bit(s) from the previous one, groups 1-3 intact, group 4 BROKEN
PEER: replied CW for ch 1884:0000 sid 0A91 hash 20CB2479 mark 2 (152/1000000)
PEER: got request sid 0AA2 hash C027D5CA
PEER: fresh key #153: 64 bit(s) from the previous one, groups 1-3 intact, group 4 BROKEN
PEER: replied CW for ch 1884:0000 sid 0AA2 hash C027D5CA mark 2 (153/1000000)
PEER: got request sid 0AB3 hash 9988651B
PEER: fresh key #154: 61 bit(s) from the previous one, groups 1-3 intact, group 4 BROKEN
PEER: replied CW for ch 1884:0000 sid 0AB3 hash 9988651B mark 2 (154/1000000)
PEER: got request sid 0AC4 hash 28A4F46C
PEER: fresh key #155: 68 bit(s) from the previous one, groups 1-3 intact, group 4 BROKEN
PEER: replied CW for ch 1884:0000 sid 0AC4 hash 28A4F46C mark 2 (155/1000000)
PEER: got request sid 0AD5 hash 1B7865BD
PEER: fresh key #156: 59 bit(s) from the previous one, groups 1-3 intact, group 4 BROKEN
PEER: replied CW for ch 1884:0000 sid 0AD5 hash 1B7865BD mark 2 (156/1000000)
PEER: got request sid 0AE6 hash 8F9EB60E
PEER: fresh key #157: 72 bit(s) from the previous one, groups 1-3 intact, group 4 BROKEN
PEER: replied CW for ch 1884:0000 sid 0AE6 hash 8F9EB60E mark 2 (157/1000000)
PEER: got request sid 0AF7 hash F3E1865F
PEER: fresh key #158: 66 bit(s) from the previous one, groups 1-3 intact, group 4 BROKEN
PEER: replied CW for ch 1884:0000 sid 0AF7 hash F3E1865F mark 2 (158/1000000)
PEER: got request sid 0B08 hash B6DBB6B0
PEER: fresh key #159: 64 bit(s) from the previous one, groups 1-3 intact, group 4 BROKEN
PEER: replied CW for ch 1884:0000 sid 0B08 hash B6DBB6B0 mark 2 (159/1000000)
PEER: got request sid 0B19 hash B695A601
PEER: fresh key #160: 56 bit(s) from the previous one, groups 1-3 intact, group 4 BROKEN
PEER: replied CW for ch 1884:0000 sid 0B19 hash B695A601 mark 2 (160/1000000)
PEER: got MultiCS ping (peer id 0006)
PEER: sent TYPE_HELLO_ACK -- recvport and ping are now set server-side
PEER: got request sid 0B2A hash 93AC1652
PEER: fresh key #161: 69 bit(s) from the previous one, groups 1-3 intact, group 4 BROKEN
PEER: replied CW for ch 1884:0000 sid 0B2A hash 93AC1652 mark 2 (161/1000000)
PEER: got request sid 0B3B hash 410227A3
PEER: fresh key #162: 63 bit(s) from the previous one, groups 1-3 intact, group 4 BROKEN
PEER: replied CW for ch 1884:0000 sid 0B3B hash 410227A3 mark 2 (162/1000000)
PEER: got request sid 0B4C hash 2BA456F4
PEER: fresh key #163: 61 bit(s) from the previous one, groups 1-3 intact, group 4 BROKEN
PEER: replied CW for ch 1884:0000 sid 0B4C hash 2BA456F4 mark 2 (163/1000000)
PEER: got request sid 0B5D hash F1564845
PEER: fresh key #164: 70 bit(s) from the previous one, groups 1-3 intact, group 4 BROKEN
PEER: replied CW for ch 1884:0000 sid 0B5D hash F1564845 mark 2 (164/1000000)
PEER: got request sid 0B6E hash CCA99796
PEER: fresh key #165: 60 bit(s) from the previous one, groups 1-3 intact, group 4 BROKEN
PEER: replied CW for ch 1884:0000 sid 0B6E hash CCA99796 mark 2 (165/1000000)
PEER: got request sid 0B7F hash 18B8E6E7
PEER: fresh key #166: 73 bit(s) from the previous one, groups 1-3 intact, group 4 BROKEN
PEER: replied CW for ch 1884:0000 sid 0B7F hash 18B8E6E7 mark 2 (166/1000000)
PEER: got request sid 0B90 hash 13519838
PEER: fresh key #167: 59 bit(s) from the previous one, groups 1-3 intact, group 4 BROKEN
PEER: replied CW for ch 1884:0000 sid 0B90 hash 13519838 mark 2 (167/1000000)
PEER: got request sid 0BA1 hash B2AE4989
PEER: fresh key #168: 66 bit(s) from the previous one, groups 1-3 intact, group 4 BROKEN
PEER: replied CW for ch 1884:0000 sid 0BA1 hash B2AE4989 mark 2 (168/1000000)
PEER: got request sid 0BB2 hash 8C0ED8DA
PEER: fresh key #169: 65 bit(s) from the previous one, groups 1-3 intact, group 4 BROKEN
PEER: replied CW for ch 1884:0000 sid 0BB2 hash 8C0ED8DA mark 2 (169/1000000)
PEER: got request sid 0BC3 hash C58D292B
PEER: fresh key #170: 72 bit(s) from the previous one, groups 1-3 intact, group 4 BROKEN
PEER: replied CW for ch 1884:0000 sid 0BC3 hash C58D292B mark 2 (170/1000000)
PEER: got request sid 0BD4 hash FB15F87C
PEER: fresh key #171: 57 bit(s) from the previous one, groups 1-3 intact, group 4 BROKEN
PEER: replied CW for ch 1884:0000 sid 0BD4 hash FB15F87C mark 2 (171/1000000)
PEER: got request sid 0BE5 hash 822529CD
PEER: fresh key #172: 61 bit(s) from the previous one, groups 1-3 intact, group 4 BROKEN
PEER: replied CW for ch 1884:0000 sid 0BE5 hash 822529CD mark 2 (172/1000000)
PEER: got request sid 0BF6 hash E667FA1E
PEER: fresh key #173: 69 bit(s) from the previous one, groups 1-3 intact, group 4 BROKEN
PEER: replied CW for ch 1884:0000 sid 0BF6 hash E667FA1E mark 2 (173/1000000)
PEER: got request sid 0C07 hash A9622A6F
PEER: fresh key #174: 66 bit(s) from the previous one, groups 1-3 intact, group 4 BROKEN
PEER: replied CW for ch 1884:0000 sid 0C07 hash A9622A6F mark 2 (174/1000000)
PEER: got request sid 0C18 hash A91C19C0
PEER: fresh key #175: 58 bit(s) from the previous one, groups 1-3 intact, group 4 BROKEN
PEER: replied CW for ch 1884:0000 sid 0C18 hash A91C19C0 mark 2 (175/1000000)
PEER: got request sid 0C29 hash 86328A11
PEER: fresh key #176: 74 bit(s) from the previous one, groups 1-3 intact, group 4 BROKEN
PEER: replied CW for ch 1884:0000 sid 0C29 hash 86328A11 mark 2 (176/1000000)
PEER: got request sid 0C3A hash 72C0FA62
PEER: fresh key #177: 66 bit(s) from the previous one, groups 1-3 intact, group 4 BROKEN
PEER: replied CW for ch 1884:0000 sid 0C3A hash 72C0FA62 mark 2 (177/1000000)
PEER: got request sid 0C4B hash 1E2ACAB3
PEER: fresh key #178: 63 bit(s) from the previous one, groups 1-3 intact, group 4 BROKEN
PEER: replied CW for ch 1884:0000 sid 0C4B hash 1E2ACAB3 mark 2 (178/1000000)
PEER: got request sid 0C5C hash E3DCBC04
PEER: fresh key #179: 60 bit(s) from the previous one, groups 1-3 intact, group 4 BROKEN
PEER: replied CW for ch 1884:0000 sid 0C5C hash E3DCBC04 mark 2 (179/1000000)
PEER: got request sid 0C6D hash BF300B55
PEER: fresh key #180: 65 bit(s) from the previous one, groups 1-3 intact, group 4 BROKEN
PEER: replied CW for ch 1884:0000 sid 0C6D hash BF300B55 mark 2 (180/1000000)
PEER: got MultiCS ping (peer id 0006)
PEER: sent TYPE_HELLO_ACK -- recvport and ping are now set server-side
PEER: got request sid 0C7E hash 0B3F5AA6
PEER: fresh key #181: 67 bit(s) from the previous one, groups 1-3 intact, group 4 BROKEN
PEER: replied CW for ch 1884:0000 sid 0C7E hash 0B3F5AA6 mark 2 (181/1000000)
PEER: got request sid 0C8F hash 05D80BF7
PEER: fresh key #182: 77 bit(s) from the previous one, groups 1-3 intact, group 4 BROKEN
PEER: replied CW for ch 1884:0000 sid 0C8F hash 05D80BF7 mark 2 (182/1000000)
PEER: got request sid 0CA0 hash 82FE5C48
PEER: fresh key #183: 57 bit(s) from the previous one, groups 1-3 intact, group 4 BROKEN
PEER: replied CW for ch 1884:0000 sid 0CA0 hash 82FE5C48 mark 2 (183/1000000)
PEER: got request sid 0CB1 hash B946CD99
PEER: fresh key #184: 70 bit(s) from the previous one, groups 1-3 intact, group 4 BROKEN
PEER: replied CW for ch 1884:0000 sid 0CB1 hash B946CD99 mark 2 (184/1000000)
PEER: got request sid 0CC2 hash B8139CEA
PEER: fresh key #185: 62 bit(s) from the previous one, groups 1-3 intact, group 4 BROKEN
PEER: replied CW for ch 1884:0000 sid 0CC2 hash B8139CEA mark 2 (185/1000000)
PEER: got request sid 0CD3 hash ED9C6C3B
PEER: fresh key #186: 70 bit(s) from the previous one, groups 1-3 intact, group 4 BROKEN
PEER: replied CW for ch 1884:0000 sid 0CD3 hash ED9C6C3B mark 2 (186/1000000)
PEER: got request sid 0CE4 hash 74AB9D8C
PEER: fresh key #187: 63 bit(s) from the previous one, groups 1-3 intact, group 4 BROKEN
PEER: replied CW for ch 1884:0000 sid 0CE4 hash 74AB9D8C mark 2 (187/1000000)
PEER: got request sid 0CF5 hash D8EE6DDD
PEER: fresh key #188: 59 bit(s) from the previous one, groups 1-3 intact, group 4 BROKEN
PEER: replied CW for ch 1884:0000 sid 0CF5 hash D8EE6DDD mark 2 (188/1000000)
PEER: got request sid 0D06 hash 9BE89E2E
PEER: fresh key #189: 69 bit(s) from the previous one, groups 1-3 intact, group 4 BROKEN
PEER: replied CW for ch 1884:0000 sid 0D06 hash 9BE89E2E mark 2 (189/1000000)
PEER: got request sid 0D17 hash 846ACE7F
PEER: fresh key #190: 63 bit(s) from the previous one, groups 1-3 intact, group 4 BROKEN
PEER: replied CW for ch 1884:0000 sid 0D17 hash 846ACE7F mark 2 (190/1000000)
PEER: got request sid 0D28 hash 78B8FDD0
PEER: fresh key #191: 62 bit(s) from the previous one, groups 1-3 intact, group 4 BROKEN
PEER: replied CW for ch 1884:0000 sid 0D28 hash 78B8FDD0 mark 2 (191/1000000)
PEER: got request sid 0D39 hash 65476E21
PEER: fresh key #192: 65 bit(s) from the previous one, groups 1-3 intact, group 4 BROKEN
PEER: replied CW for ch 1884:0000 sid 0D39 hash 65476E21 mark 2 (192/1000000)
PEER: got request sid 0D4A hash 10B13E72
PEER: fresh key #193: 66 bit(s) from the previous one, groups 1-3 intact, group 4 BROKEN
PEER: replied CW for ch 1884:0000 sid 0D4A hash 10B13E72 mark 2 (193/1000000)
PEER: got request sid 0D5B hash D6632FC3
PEER: fresh key #194: 66 bit(s) from the previous one, groups 1-3 intact, group 4 BROKEN
PEER: replied CW for ch 1884:0000 sid 0D5B hash D6632FC3 mark 2 (194/1000000)
PEER: got request sid 0D6C hash B1B67F14
PEER: fresh key #195: 67 bit(s) from the previous one, groups 1-3 intact, group 4 BROKEN
PEER: replied CW for ch 1884:0000 sid 0D6C hash B1B67F14 mark 2 (195/1000000)
PEER: got request sid 0D7D hash 4234CF65
PEER: fresh key #196: 60 bit(s) from the previous one, groups 1-3 intact, group 4 BROKEN
PEER: replied CW for ch 1884:0000 sid 0D7D hash 4234CF65 mark 2 (196/1000000)
PEER: got request sid 0D8E hash C3005EB6
PEER: fresh key #197: 64 bit(s) from the previous one, groups 1-3 intact, group 4 BROKEN
PEER: replied CW for ch 1884:0000 sid 0D8E hash C3005EB6 mark 2 (197/1000000)
PEER: got request sid 0D9F hash 7584D007
PEER: fresh key #198: 73 bit(s) from the previous one, groups 1-3 intact, group 4 BROKEN
PEER: replied CW for ch 1884:0000 sid 0D9F hash 7584D007 mark 2 (198/1000000)
PEER: got request sid 0DB0 hash ABCD4158
PEER: fresh key #199: 61 bit(s) from the previous one, groups 1-3 intact, group 4 BROKEN
PEER: replied CW for ch 1884:0000 sid 0DB0 hash ABCD4158 mark 2 (199/1000000)
PEER: got request sid 0DC1 hash AA9A10A9
PEER: fresh key #200: 69 bit(s) from the previous one, groups 1-3 intact, group 4 BROKEN
PEER: replied CW for ch 1884:0000 sid 0DC1 hash AA9A10A9 mark 2 (200/1000000)
PEER: got MultiCS ping (peer id 0006)
PEER: sent TYPE_HELLO_ACK -- recvport and ping are now set server-side
PEER: got request sid 0DD2 hash E022DFFA
PEER: fresh key #201: 58 bit(s) from the previous one, groups 1-3 intact, group 4 BROKEN
PEER: replied CW for ch 1884:0000 sid 0DD2 hash E022DFFA mark 2 (201/1000000)
PEER: got request sid 0DE3 hash 6732114B
PEER: fresh key #202: 71 bit(s) from the previous one, groups 1-3 intact, group 4 BROKEN
PEER: replied CW for ch 1884:0000 sid 0DE3 hash 6732114B mark 2 (202/1000000)
PEER: got request sid 0DF4 hash A4C8009C
PEER: fresh key #203: 64 bit(s) from the previous one, groups 1-3 intact, group 4 BROKEN
PEER: replied CW for ch 1884:0000 sid 0DF4 hash A4C8009C mark 2 (203/1000000)
PEER: got request sid 0E05 hash 8E6F11ED
PEER: fresh key #204: 60 bit(s) from the previous one, groups 1-3 intact, group 4 BROKEN
PEER: replied CW for ch 1884:0000 sid 0E05 hash 8E6F11ED mark 2 (204/1000000)
PEER: got request sid 0E16 hash 76F1423E
PEER: fresh key #205: 65 bit(s) from the previous one, groups 1-3 intact, group 4 BROKEN
PEER: replied CW for ch 1884:0000 sid 0E16 hash 76F1423E mark 2 (205/1000000)
PEER: got request sid 0E27 hash 6B3F718F
PEER: fresh key #206: 66 bit(s) from the previous one, groups 1-3 intact, group 4 BROKEN
PEER: replied CW for ch 1884:0000 sid 0E27 hash 6B3F718F mark 2 (206/1000000)
PEER: got request sid 0E38 hash 57CDE1E0
PEER: fresh key #207: 66 bit(s) from the previous one, groups 1-3 intact, group 4 BROKEN
PEER: replied CW for ch 1884:0000 sid 0E38 hash 57CDE1E0 mark 2 (207/1000000)
PEER: got request sid 0E49 hash 0337B231
PEER: fresh key #208: 58 bit(s) from the previous one, groups 1-3 intact, group 4 BROKEN
PEER: replied CW for ch 1884:0000 sid 0E49 hash 0337B231 mark 2 (208/1000000)
PEER: got request sid 0E5A hash C95E0282
PEER: fresh key #209: 74 bit(s) from the previous one, groups 1-3 intact, group 4 BROKEN
PEER: replied CW for ch 1884:0000 sid 0E5A hash C95E0282 mark 2 (209/1000000)
PEER: got request sid 0E6B hash E5ABB3D3
PEER: fresh key #210: 64 bit(s) from the previous one, groups 1-3 intact, group 4 BROKEN
PEER: replied CW for ch 1884:0000 sid 0E6B hash E5ABB3D3 mark 2 (210/1000000)
PEER: got request sid 0E7C hash 34BB4324
PEER: fresh key #211: 62 bit(s) from the previous one, groups 1-3 intact, group 4 BROKEN
PEER: replied CW for ch 1884:0000 sid 0E7C hash 34BB4324 mark 2 (211/1000000)
PEER: got request sid 0E8D hash B586D275
PEER: fresh key #212: 62 bit(s) from the previous one, groups 1-3 intact, group 4 BROKEN
PEER: replied CW for ch 1884:0000 sid 0E8D hash B586D275 mark 2 (212/1000000)
PEER: got request sid 0E9E hash 680B43C6
PEER: fresh key #213: 66 bit(s) from the previous one, groups 1-3 intact, group 4 BROKEN
PEER: replied CW for ch 1884:0000 sid 0E9E hash 680B43C6 mark 2 (213/1000000)
PEER: got request sid 0EAF hash 9E53B517
PEER: fresh key #214: 61 bit(s) from the previous one, groups 1-3 intact, group 4 BROKEN
PEER: replied CW for ch 1884:0000 sid 0EAF hash 9E53B517 mark 2 (214/1000000)
PEER: got request sid 0EC0 hash 9D208468
PEER: fresh key #215: 64 bit(s) from the previous one, groups 1-3 intact, group 4 BROKEN
PEER: replied CW for ch 1884:0000 sid 0EC0 hash 9D208468 mark 2 (215/1000000)
PEER: got request sid 0ED1 hash 6B9ED4B9
PEER: fresh key #216: 71 bit(s) from the previous one, groups 1-3 intact, group 4 BROKEN
PEER: replied CW for ch 1884:0000 sid 0ED1 hash 6B9ED4B9 mark 2 (216/1000000)
PEER: got request sid 0EE2 hash 5D83E40A
PEER: fresh key #217: 67 bit(s) from the previous one, groups 1-3 intact, group 4 BROKEN
PEER: replied CW for ch 1884:0000 sid 0EE2 hash 5D83E40A mark 2 (217/1000000)
PEER: got request sid 0EF3 hash 974E745B
PEER: fresh key #218: 67 bit(s) from the previous one, groups 1-3 intact, group 4 BROKEN
PEER: replied CW for ch 1884:0000 sid 0EF3 hash 974E745B mark 2 (218/1000000)
PEER: got request sid 0F04 hash 80F585AC
PEER: fresh key #219: 58 bit(s) from the previous one, groups 1-3 intact, group 4 BROKEN
PEER: replied CW for ch 1884:0000 sid 0F04 hash 80F585AC mark 2 (219/1000000)
PEER: got request sid 0F15 hash 6977B5FD
PEER: fresh key #220: 68 bit(s) from the previous one, groups 1-3 intact, group 4 BROKEN
PEER: replied CW for ch 1884:0000 sid 0F15 hash 6977B5FD mark 2 (220/1000000)
PEER: got MultiCS ping (peer id 0006)
PEER: sent TYPE_HELLO_ACK -- recvport and ping are now set server-side
PEER: got request sid 0F26 hash 5DC5E54E
PEER: fresh key #221: 60 bit(s) from the previous one, groups 1-3 intact, group 4 BROKEN
PEER: replied CW for ch 1884:0000 sid 0F26 hash 5DC5E54E mark 2 (221/1000000)
PEER: got request sid 0F37 hash 4A54559F
PEER: fresh key #222: 71 bit(s) from the previous one, groups 1-3 intact, group 4 BROKEN
PEER: replied CW for ch 1884:0000 sid 0F37 hash 4A54559F mark 2 (222/1000000)
PEER: got request sid 0F48 hash 485AC4F0
PEER: fresh key #223: 66 bit(s) from the previous one, groups 1-3 intact, group 4 BROKEN
PEER: replied CW for ch 1884:0000 sid 0F48 hash 485AC4F0 mark 2 (223/1000000)
PEER: got request sid 0F59 hash BBE47641
PEER: fresh key #224: 56 bit(s) from the previous one, groups 1-3 intact, group 4 BROKEN
PEER: replied CW for ch 1884:0000 sid 0F59 hash BBE47641 mark 2 (224/1000000)
PEER: got request sid 0F6A hash D8322792
PEER: fresh key #225: 72 bit(s) from the previous one, groups 1-3 intact, group 4 BROKEN
PEER: replied CW for ch 1884:0000 sid 0F6A hash D8322792 mark 2 (225/1000000)
PEER: got request sid 0F7B hash 2741B6E3
PEER: fresh key #226: 63 bit(s) from the previous one, groups 1-3 intact, group 4 BROKEN
PEER: replied CW for ch 1884:0000 sid 0F7B hash 2741B6E3 mark 2 (226/1000000)
PEER: got request sid 0F8C hash A80D4634
PEER: fresh key #227: 63 bit(s) from the previous one, groups 1-3 intact, group 4 BROKEN
PEER: replied CW for ch 1884:0000 sid 0F8C hash A80D4634 mark 2 (227/1000000)
PEER: got request sid 0F9D hash 5A91B785
PEER: fresh key #228: 63 bit(s) from the previous one, groups 1-3 intact, group 4 BROKEN
PEER: replied CW for ch 1884:0000 sid 0F9D hash 5A91B785 mark 2 (228/1000000)
PEER: got request sid 0FAE hash 22B807D6
PEER: fresh key #229: 68 bit(s) from the previous one, groups 1-3 intact, group 4 BROKEN
PEER: replied CW for ch 1884:0000 sid 0FAE hash 22B807D6 mark 2 (229/1000000)
PEER: got request sid 0FBF hash E3FC3927
PEER: fresh key #230: 64 bit(s) from the previous one, groups 1-3 intact, group 4 BROKEN
PEER: replied CW for ch 1884:0000 sid 0FBF hash E3FC3927 mark 2 (230/1000000)
PEER: got request sid 0FD0 hash 5E254878
PEER: fresh key #231: 60 bit(s) from the previous one, groups 1-3 intact, group 4 BROKEN
PEER: replied CW for ch 1884:0000 sid 0FD0 hash 5E254878 mark 2 (231/1000000)
PEER: got request sid 0FE1 hash 500A57C9
PEER: fresh key #232: 66 bit(s) from the previous one, groups 1-3 intact, group 4 BROKEN
PEER: replied CW for ch 1884:0000 sid 0FE1 hash 500A57C9 mark 2 (232/1000000)
PEER: got request sid 0FF2 hash 89D4E81A
PEER: fresh key #233: 67 bit(s) from the previous one, groups 1-3 intact, group 4 BROKEN
PEER: replied CW for ch 1884:0000 sid 0FF2 hash 89D4E81A mark 2 (233/1000000)
PEER: got request sid 1003 hash 737BF96B
PEER: fresh key #234: 58 bit(s) from the previous one, groups 1-3 intact, group 4 BROKEN
PEER: replied CW for ch 1884:0000 sid 1003 hash 737BF96B mark 2 (234/1000000)
PEER: got request sid 1014 hash 5BFE29BC
PEER: fresh key #235: 72 bit(s) from the previous one, groups 1-3 intact, group 4 BROKEN
PEER: replied CW for ch 1884:0000 sid 1014 hash 5BFE29BC mark 2 (235/1000000)
PEER: got request sid 1025 hash 28085A0D
PEER: fresh key #236: 68 bit(s) from the previous one, groups 1-3 intact, group 4 BROKEN
PEER: replied CW for ch 1884:0000 sid 1025 hash 28085A0D mark 2 (236/1000000)
PEER: got request sid 1036 hash 3CDAC95E
PEER: fresh key #237: 59 bit(s) from the previous one, groups 1-3 intact, group 4 BROKEN
PEER: replied CW for ch 1884:0000 sid 1036 hash 3CDAC95E mark 2 (237/1000000)
PEER: got request sid 1047 hash 3AE138AF
PEER: fresh key #238: 68 bit(s) from the previous one, groups 1-3 intact, group 4 BROKEN
PEER: replied CW for ch 1884:0000 sid 1047 hash 3AE138AF mark 2 (238/1000000)
PEER: got request sid 1058 hash AE6AEA00
PEER: fresh key #239: 66 bit(s) from the previous one, groups 1-3 intact, group 4 BROKEN
PEER: replied CW for ch 1884:0000 sid 1058 hash AE6AEA00 mark 2 (239/1000000)
PEER: got request sid 1069 hash CAB89B51
PEER: fresh key #240: 58 bit(s) from the previous one, groups 1-3 intact, group 4 BROKEN
PEER: replied CW for ch 1884:0000 sid 1069 hash CAB89B51 mark 2 (240/1000000)
PEER: got MultiCS ping (peer id 0006)
PEER: sent TYPE_HELLO_ACK -- recvport and ping are now set server-side
PEER: got request sid 107A hash 19C82AA2
PEER: fresh key #241: 69 bit(s) from the previous one, groups 1-3 intact, group 4 BROKEN
PEER: replied CW for ch 1884:0000 sid 107A hash 19C82AA2 mark 2 (241/1000000)
PEER: got request sid 108B hash 7F467AF3
PEER: fresh key #242: 68 bit(s) from the previous one, groups 1-3 intact, group 4 BROKEN
PEER: replied CW for ch 1884:0000 sid 108B hash 7F467AF3 mark 2 (242/1000000)
PEER: got request sid 109C hash F6BE4A44
PEER: fresh key #243: 61 bit(s) from the previous one, groups 1-3 intact, group 4 BROKEN
PEER: replied CW for ch 1884:0000 sid 109C hash F6BE4A44 mark 2 (243/1000000)
PEER: got request sid 10AD hash 153E7B95
PEER: fresh key #244: 72 bit(s) from the previous one, groups 1-3 intact, group 4 BROKEN
PEER: replied CW for ch 1884:0000 sid 10AD hash 153E7B95 mark 2 (244/1000000)
PEER: got request sid 10BE hash D682ACE6
PEER: fresh key #245: 59 bit(s) from the previous one, groups 1-3 intact, group 4 BROKEN
PEER: replied CW for ch 1884:0000 sid 10BE hash D682ACE6 mark 2 (245/1000000)
PEER: got request sid 10CF hash 50ABBC37
PEER: fresh key #246: 68 bit(s) from the previous one, groups 1-3 intact, group 4 BROKEN
PEER: replied CW for ch 1884:0000 sid 10CF hash 50ABBC37 mark 2 (246/1000000)
PEER: got request sid 10E0 hash 4290CB88
PEER: fresh key #247: 59 bit(s) from the previous one, groups 1-3 intact, group 4 BROKEN
PEER: replied CW for ch 1884:0000 sid 10E0 hash 4290CB88 mark 2 (247/1000000)
PEER: got request sid 10F1 hash 7C5B5BD9
PEER: fresh key #248: 78 bit(s) from the previous one, groups 1-3 intact, group 4 BROKEN
PEER: replied CW for ch 1884:0000 sid 10F1 hash 7C5B5BD9 mark 2 (248/1000000)
PEER: got request sid 1102 hash 3709CC2A
PEER: fresh key #249: 62 bit(s) from the previous one, groups 1-3 intact, group 4 BROKEN
PEER: replied CW for ch 1884:0000 sid 1102 hash 3709CC2A mark 2 (249/1000000)
PEER: got request sid 1113 hash 4E849D7B
PEER: fresh key #250: 65 bit(s) from the previous one, groups 1-3 intact, group 4 BROKEN
PEER: replied CW for ch 1884:0000 sid 1113 hash 4E849D7B mark 2 (250/1000000)
PEER: got request sid 1124 hash 1A8ECDCC
PEER: fresh key #251: 60 bit(s) from the previous one, groups 1-3 intact, group 4 BROKEN
PEER: replied CW for ch 1884:0000 sid 1124 hash 1A8ECDCC mark 2 (251/1000000)
PEER: got request sid 1135 hash 2F613D1D
PEER: fresh key #252: 67 bit(s) from the previous one, groups 1-3 intact, group 4 BROKEN
PEER: replied CW for ch 1884:0000 sid 1135 hash 2F613D1D mark 2 (252/1000000)
PEER: got request sid 1146 hash 2D67AC6E
PEER: fresh key #253: 63 bit(s) from the previous one, groups 1-3 intact, group 4 BROKEN
PEER: replied CW for ch 1884:0000 sid 1146 hash 2D67AC6E mark 2 (253/1000000)
PEER: got request sid 1157 hash A0F15DBF
PEER: fresh key #254: 68 bit(s) from the previous one, groups 1-3 intact, group 4 BROKEN
PEER: replied CW for ch 1884:0000 sid 1157 hash A0F15DBF mark 2 (254/1000000)
PEER: got request sid 1168 hash 7217AE10
PEER: fresh key #255: 63 bit(s) from the previous one, groups 1-3 intact, group 4 BROKEN
PEER: replied CW for ch 1884:0000 sid 1168 hash 7217AE10 mark 2 (255/1000000)
PEER: got request sid 1179 hash AD111F61
PEER: fresh key #256: 62 bit(s) from the previous one, groups 1-3 intact, group 4 BROKEN
PEER: replied CW for ch 1884:0000 sid 1179 hash AD111F61 mark 2 (256/1000000)
PEER: got request sid 118A hash 71CCEEB2
PEER: fresh key #257: 62 bit(s) from the previous one, groups 1-3 intact, group 4 BROKEN
PEER: replied CW for ch 1884:0000 sid 118A hash 71CCEEB2 mark 2 (257/1000000)
PEER: got request sid 119B hash E944BE03
PEER: fresh key #258: 69 bit(s) from the previous one, groups 1-3 intact, group 4 BROKEN
PEER: replied CW for ch 1884:0000 sid 119B hash E944BE03 mark 2 (258/1000000)
PEER: got request sid 11AC hash 07C4EF54
PEER: fresh key #259: 61 bit(s) from the previous one, groups 1-3 intact, group 4 BROKEN
PEER: replied CW for ch 1884:0000 sid 11AC hash 07C4EF54 mark 2 (259/1000000)
PEER: got request sid 11BD hash C90920A5
PEER: fresh key #260: 62 bit(s) from the previous one, groups 1-3 intact, group 4 BROKEN
PEER: replied CW for ch 1884:0000 sid 11BD hash C90920A5 mark 2 (260/1000000)
PEER: got MultiCS ping (peer id 0006)
PEER: sent TYPE_HELLO_ACK -- recvport and ping are now set server-side
PEER: got request sid 11CE hash 43322FF6
PEER: fresh key #261: 66 bit(s) from the previous one, groups 1-3 intact, group 4 BROKEN
PEER: replied CW for ch 1884:0000 sid 11CE hash 43322FF6 mark 2 (261/1000000)
PEER: got request sid 11DF hash 66B08047
PEER: fresh key #262: 70 bit(s) from the previous one, groups 1-3 intact, group 4 BROKEN
PEER: replied CW for ch 1884:0000 sid 11DF hash 66B08047 mark 2 (262/1000000)
PEER: got request sid 11F0 hash 6EE1CF98
PEER: fresh key #263: 65 bit(s) from the previous one, groups 1-3 intact, group 4 BROKEN
PEER: replied CW for ch 1884:0000 sid 11F0 hash 6EE1CF98 mark 2 (263/1000000)
PEER: got request sid 1201 hash 29903FE9
PEER: fresh key #264: 63 bit(s) from the previous one, groups 1-3 intact, group 4 BROKEN
PEER: replied CW for ch 1884:0000 sid 1201 hash 29903FE9 mark 2 (264/1000000)
PEER: got request sid 1212 hash 410B113A
PEER: fresh key #265: 59 bit(s) from the previous one, groups 1-3 intact, group 4 BROKEN
PEER: replied CW for ch 1884:0000 sid 1212 hash 410B113A mark 2 (265/1000000)
PEER: got request sid 1223 hash 0D15418B
PEER: fresh key #266: 62 bit(s) from the previous one, groups 1-3 intact, group 4 BROKEN
PEER: replied CW for ch 1884:0000 sid 1223 hash 0D15418B mark 2 (266/1000000)
PEER: got request sid 1234 hash 21E7B0DC
PEER: fresh key #267: 69 bit(s) from the previous one, groups 1-3 intact, group 4 BROKEN
PEER: replied CW for ch 1884:0000 sid 1234 hash 21E7B0DC mark 2 (267/1000000)
PEER: got request sid 1245 hash 1FEE212D
PEER: fresh key #268: 66 bit(s) from the previous one, groups 1-3 intact, group 4 BROKEN
PEER: replied CW for ch 1884:0000 sid 1245 hash 1FEE212D mark 2 (268/1000000)
PEER: got request sid 1256 hash B168B07E
PEER: fresh key #269: 63 bit(s) from the previous one, groups 1-3 intact, group 4 BROKEN
PEER: replied CW for ch 1884:0000 sid 1256 hash B168B07E mark 2 (269/1000000)
PEER: got request sid 1267 hash 649E21CF
PEER: fresh key #270: 72 bit(s) from the previous one, groups 1-3 intact, group 4 BROKEN
PEER: replied CW for ch 1884:0000 sid 1267 hash 649E21CF mark 2 (270/1000000)
PEER: got request sid 1278 hash 9F979320
PEER: fresh key #271: 66 bit(s) from the previous one, groups 1-3 intact, group 4 BROKEN
PEER: replied CW for ch 1884:0000 sid 1278 hash 9F979320 mark 2 (271/1000000)
PEER: got request sid 1289 hash 64536271
PEER: fresh key #272: 58 bit(s) from the previous one, groups 1-3 intact, group 4 BROKEN
PEER: replied CW for ch 1884:0000 sid 1289 hash 64536271 mark 2 (272/1000000)
PEER: got request sid 129A hash DBCB31C2
PEER: fresh key #273: 64 bit(s) from the previous one, groups 1-3 intact, group 4 BROKEN
PEER: replied CW for ch 1884:0000 sid 129A hash DBCB31C2 mark 2 (273/1000000)
PEER: got request sid 12AB hash FA4B6313
PEER: fresh key #274: 72 bit(s) from the previous one, groups 1-3 intact, group 4 BROKEN
PEER: replied CW for ch 1884:0000 sid 12AB hash FA4B6313 mark 2 (274/1000000)
PEER: got request sid 12BC hash 4D71B364
PEER: fresh key #275: 57 bit(s) from the previous one, groups 1-3 intact, group 4 BROKEN
PEER: replied CW for ch 1884:0000 sid 12BC hash 4D71B364 mark 2 (275/1000000)
PEER: got request sid 12CD hash C9C1A4B5
PEER: fresh key #276: 67 bit(s) from the previous one, groups 1-3 intact, group 4 BROKEN
PEER: replied CW for ch 1884:0000 sid 12CD hash C9C1A4B5 mark 2 (276/1000000)
PEER: got request sid 12DE hash 5936F406
PEER: fresh key #277: 66 bit(s) from the previous one, groups 1-3 intact, group 4 BROKEN
PEER: replied CW for ch 1884:0000 sid 12DE hash 5936F406 mark 2 (277/1000000)
PEER: got request sid 12EF hash 61684357
PEER: fresh key #278: 69 bit(s) from the previous one, groups 1-3 intact, group 4 BROKEN
PEER: replied CW for ch 1884:0000 sid 12EF hash 61684357 mark 2 (278/1000000)
PEER: got request sid 1300 hash 1C16B3A8
PEER: fresh key #279: 63 bit(s) from the previous one, groups 1-3 intact, group 4 BROKEN
PEER: replied CW for ch 1884:0000 sid 1300 hash 1C16B3A8 mark 2 (279/1000000)
PEER: got request sid 1311 hash 339184F9
PEER: fresh key #280: 68 bit(s) from the previous one, groups 1-3 intact, group 4 BROKEN
PEER: replied CW for ch 1884:0000 sid 1311 hash 339184F9 mark 2 (280/1000000)
PEER: got MultiCS ping (peer id 0006)
PEER: sent TYPE_HELLO_ACK -- recvport and ping are now set server-side
PEER: got request sid 1322 hash FF9BB54A
PEER: fresh key #281: 64 bit(s) from the previous one, groups 1-3 intact, group 4 BROKEN
PEER: replied CW for ch 1884:0000 sid 1322 hash FF9BB54A mark 2 (281/1000000)
PEER: got request sid 1333 hash ED2DE59B
PEER: fresh key #282: 64 bit(s) from the previous one, groups 1-3 intact, group 4 BROKEN
PEER: replied CW for ch 1884:0000 sid 1333 hash ED2DE59B mark 2 (282/1000000)
PEER: got request sid 1344 hash 127494EC
PEER: fresh key #283: 63 bit(s) from the previous one, groups 1-3 intact, group 4 BROKEN
PEER: replied CW for ch 1884:0000 sid 1344 hash 127494EC mark 2 (283/1000000)
PEER: got request sid 1355 hash A3EF243D
PEER: fresh key #284: 58 bit(s) from the previous one, groups 1-3 intact, group 4 BROKEN
PEER: replied CW for ch 1884:0000 sid 1355 hash A3EF243D mark 2 (284/1000000)
PEER: got request sid 1366 hash 5724958E
PEER: fresh key #285: 74 bit(s) from the previous one, groups 1-3 intact, group 4 BROKEN
PEER: replied CW for ch 1884:0000 sid 1366 hash 5724958E mark 2 (285/1000000)
PEER: got request sid 1377 hash 921E06DF
PEER: fresh key #286: 62 bit(s) from the previous one, groups 1-3 intact, group 4 BROKEN
PEER: replied CW for ch 1884:0000 sid 1377 hash 921E06DF mark 2 (286/1000000)
PEER: got request sid 1388 hash 56D9D630
PEER: fresh key #287: 63 bit(s) from the previous one, groups 1-3 intact, group 4 BROKEN
PEER: replied CW for ch 1884:0000 sid 1388 hash 56D9D630 mark 2 (287/1000000)
PEER: got request sid 1399 hash 51582681
PEER: fresh key #288: 68 bit(s) from the previous one, groups 1-3 intact, group 4 BROKEN
PEER: replied CW for ch 1884:0000 sid 1399 hash 51582681 mark 2 (288/1000000)
PEER: got request sid 13AA hash C56C35D2
PEER: fresh key #289: 72 bit(s) from the previous one, groups 1-3 intact, group 4 BROKEN
PEER: replied CW for ch 1884:0000 sid 13AA hash C56C35D2 mark 2 (289/1000000)
PEER: got request sid 13BB hash 3FF82723
PEER: fresh key #290: 66 bit(s) from the previous one, groups 1-3 intact, group 4 BROKEN
PEER: replied CW for ch 1884:0000 sid 13BB hash 3FF82723 mark 2 (290/1000000)
PEER: got request sid 13CC hash BC481874
PEER: fresh key #291: 55 bit(s) from the previous one, groups 1-3 intact, group 4 BROKEN
PEER: replied CW for ch 1884:0000 sid 13CC hash BC481874 mark 2 (291/1000000)
PEER: got request sid 13DD hash 4BBD67C5
PEER: fresh key #292: 66 bit(s) from the previous one, groups 1-3 intact, group 4 BROKEN
PEER: replied CW for ch 1884:0000 sid 13DD hash 4BBD67C5 mark 2 (292/1000000)
PEER: got request sid 13EE hash 53EEB716
PEER: fresh key #293: 66 bit(s) from the previous one, groups 1-3 intact, group 4 BROKEN
PEER: replied CW for ch 1884:0000 sid 13EE hash 53EEB716 mark 2 (293/1000000)
PEER: got request sid 13FF hash 0E9D2767
PEER: fresh key #294: 71 bit(s) from the previous one, groups 1-3 intact, group 4 BROKEN
PEER: replied CW for ch 1884:0000 sid 13FF hash 0E9D2767 mark 2 (294/1000000)
PEER: got request sid 1410 hash D2C397B8
PEER: fresh key #295: 63 bit(s) from the previous one, groups 1-3 intact, group 4 BROKEN
PEER: replied CW for ch 1884:0000 sid 1410 hash D2C397B8 mark 2 (295/1000000)
PEER: got request sid 1421 hash F2222909
PEER: fresh key #296: 69 bit(s) from the previous one, groups 1-3 intact, group 4 BROKEN
PEER: replied CW for ch 1884:0000 sid 1421 hash F2222909 mark 2 (296/1000000)
PEER: got request sid 1432 hash DFB4595A
PEER: fresh key #297: 63 bit(s) from the previous one, groups 1-3 intact, group 4 BROKEN
PEER: replied CW for ch 1884:0000 sid 1432 hash DFB4595A mark 2 (297/1000000)
PEER: got request sid 1443 hash 04FB08AB
PEER: fresh key #298: 64 bit(s) from the previous one, groups 1-3 intact, group 4 BROKEN
PEER: replied CW for ch 1884:0000 sid 1443 hash 04FB08AB mark 2 (298/1000000)
PEER: got request sid 1454 hash 967597FC
PEER: fresh key #299: 67 bit(s) from the previous one, groups 1-3 intact, group 4 BROKEN
PEER: replied CW for ch 1884:0000 sid 1454 hash 967597FC mark 2 (299/1000000)
PEER: got request sid 1465 hash 49AB094D
PEER: fresh key #300: 61 bit(s) from the previous one, groups 1-3 intact, group 4 BROKEN
PEER: replied CW for ch 1884:0000 sid 1465 hash 49AB094D mark 2 (300/1000000)
PEER: got MultiCS ping (peer id 0006)
PEER: sent TYPE_HELLO_ACK -- recvport and ping are now set server-side
PEER: got request sid 1476 hash 65D1599E
PEER: fresh key #301: 68 bit(s) from the previous one, groups 1-3 intact, group 4 BROKEN
PEER: replied CW for ch 1884:0000 sid 1476 hash 65D1599E mark 2 (301/1000000)
PEER: got request sid 1487 hash C3868AEF
PEER: fresh key #302: 67 bit(s) from the previous one, groups 1-3 intact, group 4 BROKEN
PEER: replied CW for ch 1884:0000 sid 1487 hash C3868AEF mark 2 (302/1000000)
PEER: got request sid 1498 hash 43DE9A40
PEER: fresh key #303: 57 bit(s) from the previous one, groups 1-3 intact, group 4 BROKEN
PEER: replied CW for ch 1884:0000 sid 1498 hash 43DE9A40 mark 2 (303/1000000)
PEER: got request sid 14A9 hash B7F2A991
PEER: fresh key #304: 69 bit(s) from the previous one, groups 1-3 intact, group 4 BROKEN
PEER: replied CW for ch 1884:0000 sid 14A9 hash B7F2A991 mark 2 (304/1000000)
PEER: got request sid 14BA hash 327E9AE2
PEER: fresh key #305: 66 bit(s) from the previous one, groups 1-3 intact, group 4 BROKEN
PEER: replied CW for ch 1884:0000 sid 14BA hash 327E9AE2 mark 2 (305/1000000)
PEER: got request sid 14CB hash AECE8C33
PEER: fresh key #306: 62 bit(s) from the previous one, groups 1-3 intact, group 4 BROKEN
PEER: replied CW for ch 1884:0000 sid 14CB hash AECE8C33 mark 2 (306/1000000)
PEER: got request sid 14DC hash 3E43DB84
PEER: fresh key #307: 59 bit(s) from the previous one, groups 1-3 intact, group 4 BROKEN
PEER: replied CW for ch 1884:0000 sid 14DC hash 3E43DB84 mark 2 (307/1000000)
PEER: got request sid 14ED hash 76C22BD5
PEER: fresh key #308: 71 bit(s) from the previous one, groups 1-3 intact, group 4 BROKEN
PEER: replied CW for ch 1884:0000 sid 14ED hash 76C22BD5 mark 2 (308/1000000)
PEER: got request sid 14FE hash 01239B26
PEER: fresh key #309: 60 bit(s) from the previous one, groups 1-3 intact, group 4 BROKEN
PEER: replied CW for ch 1884:0000 sid 14FE hash 01239B26 mark 2 (309/1000000)
PEER: got request sid 150F hash C54A0B77
PEER: fresh key #310: 66 bit(s) from the previous one, groups 1-3 intact, group 4 BROKEN
PEER: replied CW for ch 1884:0000 sid 150F hash C54A0B77 mark 2 (310/1000000)
PEER: got request sid 1520 hash E4A89CC8
PEER: fresh key #311: 73 bit(s) from the previous one, groups 1-3 intact, group 4 BROKEN
PEER: replied CW for ch 1884:0000 sid 1520 hash E4A89CC8 mark 2 (311/1000000)
PEER: got request sid 1531 hash D23ACD19
PEER: fresh key #312: 61 bit(s) from the previous one, groups 1-3 intact, group 4 BROKEN
PEER: replied CW for ch 1884:0000 sid 1531 hash D23ACD19 mark 2 (312/1000000)
PEER: got request sid 1542 hash F7817C6A
PEER: fresh key #313: 66 bit(s) from the previous one, groups 1-3 intact, group 4 BROKEN
PEER: replied CW for ch 1884:0000 sid 1542 hash F7817C6A mark 2 (313/1000000)
PEER: got request sid 1553 hash 88FFCCBB
PEER: fresh key #314: 74 bit(s) from the previous one, groups 1-3 intact, group 4 BROKEN
PEER: replied CW for ch 1884:0000 sid 1553 hash 88FFCCBB mark 2 (314/1000000)
PEER: got request sid 1564 hash A1669C0C
PEER: fresh key #315: 59 bit(s) from the previous one, groups 1-3 intact, group 4 BROKEN
PEER: replied CW for ch 1884:0000 sid 1564 hash A1669C0C mark 2 (315/1000000)
PEER: got request sid 1575 hash 5857CD5D
PEER: fresh key #316: 58 bit(s) from the previous one, groups 1-3 intact, group 4 BROKEN
PEER: replied CW for ch 1884:0000 sid 1575 hash 5857CD5D mark 2 (316/1000000)
PEER: got request sid 1586 hash B60CFEAE
PEER: fresh key #317: 73 bit(s) from the previous one, groups 1-3 intact, group 4 BROKEN
PEER: replied CW for ch 1884:0000 sid 1586 hash B60CFEAE mark 2 (317/1000000)
PEER: got request sid 1597 hash 36650DFF
PEER: fresh key #318: 64 bit(s) from the previous one, groups 1-3 intact, group 4 BROKEN
PEER: replied CW for ch 1884:0000 sid 1597 hash 36650DFF mark 2 (318/1000000)
PEER: got request sid 15A8 hash AA791D50
PEER: fresh key #319: 66 bit(s) from the previous one, groups 1-3 intact, group 4 BROKEN
PEER: replied CW for ch 1884:0000 sid 15A8 hash AA791D50 mark 2 (319/1000000)
PEER: got request sid 15B9 hash 25050EA1
PEER: fresh key #320: 66 bit(s) from the previous one, groups 1-3 intact, group 4 BROKEN
PEER: replied CW for ch 1884:0000 sid 15B9 hash 25050EA1 mark 2 (320/1000000)
PEER: got MultiCS ping (peer id 0006)
PEER: sent TYPE_HELLO_ACK -- recvport and ping are now set server-side
PEER: got request sid 15CA hash 432B5EF2
PEER: fresh key #321: 64 bit(s) from the previous one, groups 1-3 intact, group 4 BROKEN
PEER: replied CW for ch 1884:0000 sid 15CA hash 432B5EF2 mark 2 (321/1000000)
PEER: got request sid 15DB hash E6971043
PEER: fresh key #322: 71 bit(s) from the previous one, groups 1-3 intact, group 4 BROKEN
PEER: replied CW for ch 1884:0000 sid 15DB hash E6971043 mark 2 (322/1000000)
PEER: got request sid 15EC hash 69489F94
PEER: fresh key #323: 57 bit(s) from the previous one, groups 1-3 intact, group 4 BROKEN
PEER: replied CW for ch 1884:0000 sid 15EC hash 69489F94 mark 2 (323/1000000)
PEER: got request sid 15FD hash F3AA0EE5
PEER: fresh key #324: 67 bit(s) from the previous one, groups 1-3 intact, group 4 BROKEN
PEER: replied CW for ch 1884:0000 sid 15FD hash F3AA0EE5 mark 2 (324/1000000)
PEER: got request sid 160E hash B7D07F36
PEER: fresh key #325: 70 bit(s) from the previous one, groups 1-3 intact, group 4 BROKEN
PEER: replied CW for ch 1884:0000 sid 160E hash B7D07F36 mark 2 (325/1000000)
PEER: got request sid 161F hash D72F1087
PEER: fresh key #326: 65 bit(s) from the previous one, groups 1-3 intact, group 4 BROKEN
PEER: replied CW for ch 1884:0000 sid 161F hash D72F1087 mark 2 (326/1000000)
PEER: got request sid 1630 hash C4C140D8
PEER: fresh key #327: 68 bit(s) from the previous one, groups 1-3 intact, group 4 BROKEN
PEER: replied CW for ch 1884:0000 sid 1630 hash C4C140D8 mark 2 (327/1000000)
PEER: got request sid 1641 hash 91DB7129
PEER: fresh key #328: 63 bit(s) from the previous one, groups 1-3 intact, group 4 BROKEN
PEER: replied CW for ch 1884:0000 sid 1641 hash 91DB7129 mark 2 (328/1000000)
PEER: got request sid 1652 hash 7B86407A
PEER: fresh key #329: 60 bit(s) from the previous one, groups 1-3 intact, group 4 BROKEN
PEER: replied CW for ch 1884:0000 sid 1652 hash 7B86407A mark 2 (329/1000000)
PEER: got request sid 1663 hash 93ED0FCB
PEER: fresh key #330: 68 bit(s) from the previous one, groups 1-3 intact, group 4 BROKEN
PEER: replied CW for ch 1884:0000 sid 1663 hash 93ED0FCB mark 2 (330/1000000)
PEER: got request sid 1674 hash 4ADE411C
PEER: fresh key #331: 63 bit(s) from the previous one, groups 1-3 intact, group 4 BROKEN
PEER: replied CW for ch 1884:0000 sid 1674 hash 4ADE411C mark 2 (331/1000000)
PEER: got request sid 1685 hash A893726D
PEER: fresh key #332: 60 bit(s) from the previous one, groups 1-3 intact, group 4 BROKEN
PEER: replied CW for ch 1884:0000 sid 1685 hash A893726D mark 2 (332/1000000)
PEER: got request sid 1696 hash 28EB81BE
PEER: fresh key #333: 71 bit(s) from the previous one, groups 1-3 intact, group 4 BROKEN
PEER: replied CW for ch 1884:0000 sid 1696 hash 28EB81BE mark 2 (333/1000000)
PEER: got request sid 16A7 hash 7869D20F
PEER: fresh key #334: 58 bit(s) from the previous one, groups 1-3 intact, group 4 BROKEN
PEER: replied CW for ch 1884:0000 sid 16A7 hash 7869D20F mark 2 (334/1000000)
PEER: got request sid 16B8 hash 330A2160
PEER: fresh key #335: 69 bit(s) from the previous one, groups 1-3 intact, group 4 BROKEN
PEER: replied CW for ch 1884:0000 sid 16B8 hash 330A2160 mark 2 (335/1000000)
PEER: got request sid 16C9 hash 35B1D2B1
PEER: fresh key #336: 59 bit(s) from the previous one, groups 1-3 intact, group 4 BROKEN
PEER: replied CW for ch 1884:0000 sid 16C9 hash 35B1D2B1 mark 2 (336/1000000)
PEER: got request sid 16DA hash D91D8402
PEER: fresh key #337: 68 bit(s) from the previous one, groups 1-3 intact, group 4 BROKEN
PEER: replied CW for ch 1884:0000 sid 16DA hash D91D8402 mark 2 (337/1000000)
PEER: got request sid 16EB hash 5BCF1353
PEER: fresh key #338: 66 bit(s) from the previous one, groups 1-3 intact, group 4 BROKEN
PEER: replied CW for ch 1884:0000 sid 16EB hash 5BCF1353 mark 2 (338/1000000)
PEER: got request sid 16FC hash E63082A4
PEER: fresh key #339: 56 bit(s) from the previous one, groups 1-3 intact, group 4 BROKEN
PEER: replied CW for ch 1884:0000 sid 16FC hash E63082A4 mark 2 (339/1000000)
PEER: got request sid 170D hash AA56F2F5
PEER: fresh key #340: 72 bit(s) from the previous one, groups 1-3 intact, group 4 BROKEN
PEER: replied CW for ch 1884:0000 sid 170D hash AA56F2F5 mark 2 (340/1000000)
PEER: got MultiCS ping (peer id 0006)
PEER: sent TYPE_HELLO_ACK -- recvport and ping are now set server-side
PEER: got request sid 171E hash F9F56346
PEER: fresh key #341: 69 bit(s) from the previous one, groups 1-3 intact, group 4 BROKEN
PEER: replied CW for ch 1884:0000 sid 171E hash F9F56346 mark 2 (341/1000000)
PEER: got request sid 172F hash B747B497
PEER: fresh key #342: 60 bit(s) from the previous one, groups 1-3 intact, group 4 BROKEN
PEER: replied CW for ch 1884:0000 sid 172F hash B747B497 mark 2 (342/1000000)
PEER: got request sid 1740 hash 8461E4E8
PEER: fresh key #343: 67 bit(s) from the previous one, groups 1-3 intact, group 4 BROKEN
PEER: replied CW for ch 1884:0000 sid 1740 hash 8461E4E8 mark 2 (343/1000000)
PEER: got request sid 1751 hash 6E0CB439
PEER: fresh key #344: 63 bit(s) from the previous one, groups 1-3 intact, group 4 BROKEN
PEER: replied CW for ch 1884:0000 sid 1751 hash 6E0CB439 mark 2 (344/1000000)
PEER: got request sid 1762 hash 8673838A
PEER: fresh key #345: 68 bit(s) from the previous one, groups 1-3 intact, group 4 BROKEN
PEER: replied CW for ch 1884:0000 sid 1762 hash 8673838A mark 2 (345/1000000)
PEER: got request sid 1773 hash 3D64B4DB
PEER: fresh key #346: 64 bit(s) from the previous one, groups 1-3 intact, group 4 BROKEN
PEER: replied CW for ch 1884:0000 sid 1773 hash 3D64B4DB mark 2 (346/1000000)
PEER: got request sid 1784 hash E48B052C
PEER: fresh key #347: 62 bit(s) from the previous one, groups 1-3 intact, group 4 BROKEN
PEER: replied CW for ch 1884:0000 sid 1784 hash E48B052C mark 2 (347/1000000)
PEER: got request sid 1795 hash A50BF67D
PEER: fresh key #348: 69 bit(s) from the previous one, groups 1-3 intact, group 4 BROKEN
PEER: replied CW for ch 1884:0000 sid 1795 hash A50BF67D mark 2 (348/1000000)
PEER: got request sid 17A6 hash 6AF045CE
PEER: fresh key #349: 64 bit(s) from the previous one, groups 1-3 intact, group 4 BROKEN
PEER: replied CW for ch 1884:0000 sid 17A6 hash 6AF045CE mark 2 (349/1000000)
PEER: got request sid 17B7 hash 2590951F
PEER: fresh key #350: 67 bit(s) from the previous one, groups 1-3 intact, group 4 BROKEN
PEER: replied CW for ch 1884:0000 sid 17B7 hash 2590951F mark 2 (350/1000000)
PEER: got request sid 17C8 hash 28384670
PEER: fresh key #351: 63 bit(s) from the previous one, groups 1-3 intact, group 4 BROKEN
PEER: replied CW for ch 1884:0000 sid 17C8 hash 28384670 mark 2 (351/1000000)
PEER: got request sid 17D9 hash CBA3F7C1
PEER: fresh key #352: 63 bit(s) from the previous one, groups 1-3 intact, group 4 BROKEN
PEER: replied CW for ch 1884:0000 sid 17D9 hash CBA3F7C1 mark 2 (352/1000000)
PEER: got request sid 17EA hash 4E558712
PEER: fresh key #353: 68 bit(s) from the previous one, groups 1-3 intact, group 4 BROKEN
PEER: replied CW for ch 1884:0000 sid 17EA hash 4E558712 mark 2 (353/1000000)
PEER: got request sid 17FB hash 29C7B763
PEER: fresh key #354: 67 bit(s) from the previous one, groups 1-3 intact, group 4 BROKEN
PEER: replied CW for ch 1884:0000 sid 17FB hash 29C7B763 mark 2 (354/1000000)
PEER: got request sid 180C hash 9CDD66B4
PEER: fresh key #355: 57 bit(s) from the previous one, groups 1-3 intact, group 4 BROKEN
PEER: replied CW for ch 1884:0000 sid 180C hash 9CDD66B4 mark 2 (355/1000000)
PEER: got request sid 181D hash EC7BD705
PEER: fresh key #356: 68 bit(s) from the previous one, groups 1-3 intact, group 4 BROKEN
PEER: replied CW for ch 1884:0000 sid 181D hash EC7BD705 mark 2 (356/1000000)
PEER: got request sid 182E hash A9CE2856
PEER: fresh key #357: 65 bit(s) from the previous one, groups 1-3 intact, group 4 BROKEN
PEER: replied CW for ch 1884:0000 sid 182E hash A9CE2856 mark 2 (357/1000000)
PEER: got request sid 183F hash 76E858A7
PEER: fresh key #358: 68 bit(s) from the previous one, groups 1-3 intact, group 4 BROKEN
PEER: replied CW for ch 1884:0000 sid 183F hash 76E858A7 mark 2 (358/1000000)
PEER: got request sid 1850 hash 609327F8
PEER: fresh key #359: 62 bit(s) from the previous one, groups 1-3 intact, group 4 BROKEN
PEER: replied CW for ch 1884:0000 sid 1850 hash 609327F8 mark 2 (359/1000000)
PEER: got request sid 1861 hash 87117849
PEER: fresh key #360: 68 bit(s) from the previous one, groups 1-3 intact, group 4 BROKEN
PEER: replied CW for ch 1884:0000 sid 1861 hash 87117849 mark 2 (360/1000000)
PEER: got MultiCS ping (peer id 0006)
PEER: sent TYPE_HELLO_ACK -- recvport and ping are now set server-side
PEER: got request sid 1872 hash 1C54879A
PEER: fresh key #361: 64 bit(s) from the previous one, groups 1-3 intact, group 4 BROKEN
PEER: replied CW for ch 1884:0000 sid 1872 hash 1C54879A mark 2 (361/1000000)
PEER: got request sid 1883 hash D71178EB
PEER: fresh key #362: 59 bit(s) from the previous one, groups 1-3 intact, group 4 BROKEN
PEER: replied CW for ch 1884:0000 sid 1883 hash D71178EB mark 2 (362/1000000)
PEER: got request sid 1894 hash 97926A3C
PEER: fresh key #363: 71 bit(s) from the previous one, groups 1-3 intact, group 4 BROKEN
PEER: replied CW for ch 1884:0000 sid 1894 hash 97926A3C mark 2 (363/1000000)
PEER: got request sid 18A5 hash 5D76B98D
PEER: fresh key #364: 64 bit(s) from the previous one, groups 1-3 intact, group 4 BROKEN
PEER: replied CW for ch 1884:0000 sid 18A5 hash 5D76B98D mark 2 (364/1000000)
PEER: got request sid 18B6 hash 181708DE
PEER: fresh key #365: 73 bit(s) from the previous one, groups 1-3 intact, group 4 BROKEN
PEER: replied CW for ch 1884:0000 sid 18B6 hash 181708DE mark 2 (365/1000000)
PEER: got request sid 18C7 hash 1ABEBA2F
PEER: fresh key #366: 59 bit(s) from the previous one, groups 1-3 intact, group 4 BROKEN
PEER: replied CW for ch 1884:0000 sid 18C7 hash 1ABEBA2F mark 2 (366/1000000)
PEER: got request sid 18D8 hash 43E50A80
PEER: fresh key #367: 71 bit(s) from the previous one, groups 1-3 intact, group 4 BROKEN
PEER: replied CW for ch 1884:0000 sid 18D8 hash 43E50A80 mark 2 (367/1000000)
PEER: got request sid 18E9 hash B67C7BD1
PEER: fresh key #368: 62 bit(s) from the previous one, groups 1-3 intact, group 4 BROKEN
PEER: replied CW for ch 1884:0000 sid 18E9 hash B67C7BD1 mark 2 (368/1000000)
PEER: got request sid 18FA hash 1C4E2B22
PEER: fresh key #369: 62 bit(s) from the previous one, groups 1-3 intact, group 4 BROKEN
PEER: replied CW for ch 1884:0000 sid 18FA hash 1C4E2B22 mark 2 (369/1000000)
PEER: got request sid 190B hash 8F63DA73
PEER: fresh key #370: 64 bit(s) from the previous one, groups 1-3 intact, group 4 BROKEN
PEER: replied CW for ch 1884:0000 sid 190B hash 8F63DA73 mark 2 (370/1000000)
PEER: got request sid 191C hash DF024AC4
PEER: fresh key #371: 68 bit(s) from the previous one, groups 1-3 intact, group 4 BROKEN
PEER: replied CW for ch 1884:0000 sid 191C hash DF024AC4 mark 2 (371/1000000)
PEER: got request sid 192D hash 9C549C15
PEER: fresh key #372: 63 bit(s) from the previous one, groups 1-3 intact, group 4 BROKEN
PEER: replied CW for ch 1884:0000 sid 192D hash 9C549C15 mark 2 (372/1000000)
PEER: got request sid 193E hash 696ECC66
PEER: fresh key #373: 71 bit(s) from the previous one, groups 1-3 intact, group 4 BROKEN
PEER: replied CW for ch 1884:0000 sid 193E hash 696ECC66 mark 2 (373/1000000)
PEER: got request sid 194F hash 5410DCB7
PEER: fresh key #374: 61 bit(s) from the previous one, groups 1-3 intact, group 4 BROKEN
PEER: replied CW for ch 1884:0000 sid 194F hash 5410DCB7 mark 2 (374/1000000)
PEER: got request sid 1960 hash 7997EC08
PEER: fresh key #375: 56 bit(s) from the previous one, groups 1-3 intact, group 4 BROKEN
PEER: replied CW for ch 1884:0000 sid 1960 hash 7997EC08 mark 2 (375/1000000)
PEER: got request sid 1971 hash 0EDAFB59
PEER: fresh key #376: 73 bit(s) from the previous one, groups 1-3 intact, group 4 BROKEN
PEER: replied CW for ch 1884:0000 sid 1971 hash 0EDAFB59 mark 2 (376/1000000)
PEER: got request sid 1982 hash C997ECAA
PEER: fresh key #377: 66 bit(s) from the previous one, groups 1-3 intact, group 4 BROKEN
PEER: replied CW for ch 1884:0000 sid 1982 hash C997ECAA mark 2 (377/1000000)
PEER: got request sid 1993 hash 8A18DDFB
PEER: fresh key #378: 61 bit(s) from the previous one, groups 1-3 intact, group 4 BROKEN
PEER: replied CW for ch 1884:0000 sid 1993 hash 8A18DDFB mark 2 (378/1000000)
PEER: got request sid 19A4 hash 4FFD2D4C
PEER: fresh key #379: 65 bit(s) from the previous one, groups 1-3 intact, group 4 BROKEN
PEER: replied CW for ch 1884:0000 sid 19A4 hash 4FFD2D4C mark 2 (379/1000000)
PEER: got request sid 19B5 hash B47B7D9D
PEER: fresh key #380: 65 bit(s) from the previous one, groups 1-3 intact, group 4 BROKEN
PEER: replied CW for ch 1884:0000 sid 19B5 hash B47B7D9D mark 2 (380/1000000)
PEER: got MultiCS ping (peer id 0006)
PEER: sent TYPE_HELLO_ACK -- recvport and ping are now set server-side
PEER: got request sid 19C6 hash 43980CEE
PEER: fresh key #381: 68 bit(s) from the previous one, groups 1-3 intact, group 4 BROKEN
PEER: replied CW for ch 1884:0000 sid 19C6 hash 43980CEE mark 2 (381/1000000)
PEER: got request sid 19D7 hash 366B7E3F
PEER: fresh key #382: 61 bit(s) from the previous one, groups 1-3 intact, group 4 BROKEN
PEER: replied CW for ch 1884:0000 sid 19D7 hash 366B7E3F mark 2 (382/1000000)
PEER: got request sid 19E8 hash A902EF90
PEER: fresh key #383: 67 bit(s) from the previous one, groups 1-3 intact, group 4 BROKEN
PEER: replied CW for ch 1884:0000 sid 19E8 hash A902EF90 mark 2 (383/1000000)
PEER: got request sid 19F9 hash 0ED49EE1
PEER: fresh key #384: 68 bit(s) from the previous one, groups 1-3 intact, group 4 BROKEN
PEER: replied CW for ch 1884:0000 sid 19F9 hash 0ED49EE1 mark 2 (384/1000000)
PEER: got request sid 1A0A hash 81EA4E32
PEER: fresh key #385: 60 bit(s) from the previous one, groups 1-3 intact, group 4 BROKEN
PEER: replied CW for ch 1884:0000 sid 1A0A hash 81EA4E32 mark 2 (385/1000000)
PEER: got request sid 1A1B hash D188BE83
PEER: fresh key #386: 65 bit(s) from the previous one, groups 1-3 intact, group 4 BROKEN
PEER: replied CW for ch 1884:0000 sid 1A1B hash D188BE83 mark 2 (386/1000000)
PEER: got request sid 1A2C hash AE9F2ED4
PEER: fresh key #387: 69 bit(s) from the previous one, groups 1-3 intact, group 4 BROKEN
PEER: replied CW for ch 1884:0000 sid 1A2C hash AE9F2ED4 mark 2 (387/1000000)
PEER: got request sid 1A3D hash 5BF54025
PEER: fresh key #388: 60 bit(s) from the previous one, groups 1-3 intact, group 4 BROKEN
PEER: replied CW for ch 1884:0000 sid 1A3D hash 5BF54025 mark 2 (388/1000000)
PEER: got request sid 1A4E hash 46975076
PEER: fresh key #389: 76 bit(s) from the previous one, groups 1-3 intact, group 4 BROKEN
PEER: replied CW for ch 1884:0000 sid 1A4E hash 46975076 mark 2 (389/1000000)
PEER: got request sid 1A5F hash 6C1E5FC7
PEER: fresh key #390: 64 bit(s) from the previous one, groups 1-3 intact, group 4 BROKEN
PEER: replied CW for ch 1884:0000 sid 1A5F hash 6C1E5FC7 mark 2 (390/1000000)
PEER: got request sid 1A70 hash 01616F18
PEER: fresh key #391: 59 bit(s) from the previous one, groups 1-3 intact, group 4 BROKEN
PEER: replied CW for ch 1884:0000 sid 1A70 hash 01616F18 mark 2 (391/1000000)
PEER: got request sid 1A81 hash BC1E6069
PEER: fresh key #392: 72 bit(s) from the previous one, groups 1-3 intact, group 4 BROKEN
PEER: replied CW for ch 1884:0000 sid 1A81 hash BC1E6069 mark 2 (392/1000000)
PEER: got request sid 1A92 hash 2E44B0BA
PEER: fresh key #393: 67 bit(s) from the previous one, groups 1-3 intact, group 4 BROKEN
PEER: replied CW for ch 1884:0000 sid 1A92 hash 2E44B0BA mark 2 (393/1000000)
