PEER: bound 127.0.0.1:17108, target 127.0.0.1:17101, cw=11223366445566FF77889998AABBCC31
PEER: got MultiCS ping (peer id 0007)
PEER: sent TYPE_HELLO_ACK -- recvport and ping are now set server-side
PEER: advertised card 18840000
PEER: got request sid 008A hash 71CCEEB2
PEER: sent a SHORT reply (8 bytes) for ch 1884:0000
PEER: got request sid 009B hash E944BE03
PEER: replied CW for ch 1884:0000 sid 009B hash E944BE03 mark 0 (1/1000000)
PEER: got request sid 00AC hash 07C4EF54
PEER: replied CW for ch 1884:0000 sid 00AC hash 07C4EF54 mark 0 (2/1000000)
PEER: got request sid 00BD hash C90920A5
PEER: replied CW for ch 1884:0000 sid 00BD hash C90920A5 mark 0 (3/1000000)
PEER: got request sid 00CE hash 43322FF6
PEER: replied CW for ch 1884:0000 sid 00CE hash 43322FF6 mark 0 (4/1000000)
PEER: got request sid 00DF hash 66B08047
PEER: replied CW for ch 1884:0000 sid 00DF hash 66B08047 mark 0 (5/1000000)
PEER: got request sid 00F0 hash 6EE1CF98
PEER: replied CW for ch 1884:0000 sid 00F0 hash 6EE1CF98 mark 0 (6/1000000)
PEER: got request sid 0101 hash 29903FE9
PEER: replied CW for ch 1884:0000 sid 0101 hash 29903FE9 mark 0 (7/1000000)
PEER: got request sid 0112 hash 410B113A
PEER: replied CW for ch 1884:0000 sid 0112 hash 410B113A mark 0 (8/1000000)
PEER: got request sid 0123 hash 0D15418B
PEER: replied CW for ch 1884:0000 sid 0123 hash 0D15418B mark 0 (9/1000000)
PEER: got request sid 0134 hash 21E7B0DC
PEER: replied CW for ch 1884:0000 sid 0134 hash 21E7B0DC mark 0 (10/1000000)
PEER: got request sid 0145 hash 1FEE212D
PEER: replied CW for ch 1884:0000 sid 0145 hash 1FEE212D mark 0 (11/1000000)
PEER: got request sid 0156 hash B168B07E
PEER: replied CW for ch 1884:0000 sid 0156 hash B168B07E mark 0 (12/1000000)
PEER: got request sid 0167 hash 649E21CF
PEER: replied CW for ch 1884:0000 sid 0167 hash 649E21CF mark 0 (13/1000000)
PEER: got request sid 0178 hash 9F979320
PEER: replied CW for ch 1884:0000 sid 0178 hash 9F979320 mark 0 (14/1000000)
PEER: got request sid 0189 hash 64536271
PEER: replied CW for ch 1884:0000 sid 0189 hash 64536271 mark 0 (15/1000000)
PEER: got request sid 019A hash DBCB31C2
PEER: replied CW for ch 1884:0000 sid 019A hash DBCB31C2 mark 0 (16/1000000)
PEER: got request sid 01AB hash FA4B6313
PEER: replied CW for ch 1884:0000 sid 01AB hash FA4B6313 mark 0 (17/1000000)
PEER: got request sid 01BC hash 4D71B364
PEER: replied CW for ch 1884:0000 sid 01BC hash 4D71B364 mark 0 (18/1000000)
PEER: got request sid 01CD hash C9C1A4B5
PEER: replied CW for ch 1884:0000 sid 01CD hash C9C1A4B5 mark 0 (19/1000000)
PEER: got MultiCS ping (peer id 0007)
PEER: sent TYPE_HELLO_ACK -- recvport and ping are now set server-side
PEER: got request sid 01DE hash 5936F406
PEER: replied CW for ch 1884:0000 sid 01DE hash 5936F406 mark 0 (20/1000000)
PEER: got request sid 01EF hash 61684357
PEER: replied CW for ch 1884:0000 sid 01EF hash 61684357 mark 0 (21/1000000)
PEER: got request sid 0200 hash 1C16B3A8
PEER: replied CW for ch 1884:0000 sid 0200 hash 1C16B3A8 mark 0 (22/1000000)
PEER: got request sid 0211 hash 339184F9
PEER: replied CW for ch 1884:0000 sid 0211 hash 339184F9 mark 0 (23/1000000)
PEER: got request sid 0222 hash FF9BB54A
PEER: replied CW for ch 1884:0000 sid 0222 hash FF9BB54A mark 0 (24/1000000)
PEER: got request sid 0233 hash ED2DE59B
PEER: replied CW for ch 1884:0000 sid 0233 hash ED2DE59B mark 0 (25/1000000)
PEER: got request sid 0244 hash 127494EC
PEER: replied CW for ch 1884:0000 sid 0244 hash 127494EC mark 0 (26/1000000)
PEER: got request sid 0255 hash A3EF243D
PEER: replied CW for ch 1884:0000 sid 0255 hash A3EF243D mark 0 (27/1000000)
PEER: got request sid 0266 hash 5724958E
PEER: replied CW for ch 1884:0000 sid 0266 hash 5724958E mark 0 (28/1000000)
PEER: got request sid 0277 hash 921E06DF
PEER: replied CW for ch 1884:0000 sid 0277 hash 921E06DF mark 0 (29/1000000)
PEER: got request sid 0288 hash 56D9D630
PEER: replied CW for ch 1884:0000 sid 0288 hash 56D9D630 mark 0 (30/1000000)
PEER: got request sid 0299 hash 51582681
PEER: replied CW for ch 1884:0000 sid 0299 hash 51582681 mark 0 (31/1000000)
PEER: got request sid 02AA hash C56C35D2
PEER: replied CW for ch 1884:0000 sid 02AA hash C56C35D2 mark 0 (32/1000000)
PEER: got request sid 02BB hash 3FF82723
PEER: replied CW for ch 1884:0000 sid 02BB hash 3FF82723 mark 0 (33/1000000)
PEER: got request sid 02CC hash BC481874
PEER: replied CW for ch 1884:0000 sid 02CC hash BC481874 mark 0 (34/1000000)
PEER: got request sid 02DD hash 4BBD67C5
PEER: replied CW for ch 1884:0000 sid 02DD hash 4BBD67C5 mark 0 (35/1000000)
PEER: got request sid 02EE hash 53EEB716
PEER: replied CW for ch 1884:0000 sid 02EE hash 53EEB716 mark 0 (36/1000000)
PEER: got request sid 02FF hash 0E9D2767
PEER: replied CW for ch 1884:0000 sid 02FF hash 0E9D2767 mark 0 (37/1000000)
PEER: got request sid 0310 hash D2C397B8
PEER: replied CW for ch 1884:0000 sid 0310 hash D2C397B8 mark 0 (38/1000000)
PEER: got request sid 0321 hash F2222909
PEER: replied CW for ch 1884:0000 sid 0321 hash F2222909 mark 0 (39/1000000)
PEER: got MultiCS ping (peer id 0007)
PEER: sent TYPE_HELLO_ACK -- recvport and ping are now set server-side
PEER: got request sid 0332 hash DFB4595A
PEER: replied CW for ch 1884:0000 sid 0332 hash DFB4595A mark 0 (40/1000000)
PEER: got request sid 0343 hash 04FB08AB
PEER: replied CW for ch 1884:0000 sid 0343 hash 04FB08AB mark 0 (41/1000000)
PEER: got request sid 0354 hash 967597FC
PEER: replied CW for ch 1884:0000 sid 0354 hash 967597FC mark 0 (42/1000000)
PEER: got request sid 0365 hash 49AB094D
PEER: replied CW for ch 1884:0000 sid 0365 hash 49AB094D mark 0 (43/1000000)
PEER: got request sid 0376 hash 65D1599E
PEER: replied CW for ch 1884:0000 sid 0376 hash 65D1599E mark 0 (44/1000000)
PEER: got request sid 0387 hash C3868AEF
PEER: replied CW for ch 1884:0000 sid 0387 hash C3868AEF mark 0 (45/1000000)
PEER: got request sid 0398 hash 43DE9A40
PEER: replied CW for ch 1884:0000 sid 0398 hash 43DE9A40 mark 0 (46/1000000)
PEER: got request sid 03A9 hash B7F2A991
PEER: replied CW for ch 1884:0000 sid 03A9 hash B7F2A991 mark 0 (47/1000000)
PEER: got request sid 03BA hash 327E9AE2
PEER: replied CW for ch 1884:0000 sid 03BA hash 327E9AE2 mark 0 (48/1000000)
PEER: got request sid 03CB hash AECE8C33
PEER: replied CW for ch 1884:0000 sid 03CB hash AECE8C33 mark 0 (49/1000000)
PEER: got request sid 03DC hash 3E43DB84
PEER: replied CW for ch 1884:0000 sid 03DC hash 3E43DB84 mark 0 (50/1000000)
PEER: got request sid 03ED hash 76C22BD5
PEER: replied CW for ch 1884:0000 sid 03ED hash 76C22BD5 mark 0 (51/1000000)
PEER: got request sid 03FE hash 01239B26
PEER: replied CW for ch 1884:0000 sid 03FE hash 01239B26 mark 0 (52/1000000)
PEER: got request sid 040F hash C54A0B77
PEER: replied CW for ch 1884:0000 sid 040F hash C54A0B77 mark 0 (53/1000000)
PEER: got request sid 0420 hash E4A89CC8
PEER: replied CW for ch 1884:0000 sid 0420 hash E4A89CC8 mark 0 (54/1000000)
PEER: got request sid 0431 hash D23ACD19
PEER: replied CW for ch 1884:0000 sid 0431 hash D23ACD19 mark 0 (55/1000000)
PEER: got request sid 0442 hash F7817C6A
PEER: replied CW for ch 1884:0000 sid 0442 hash F7817C6A mark 0 (56/1000000)
PEER: got request sid 0453 hash 88FFCCBB
PEER: replied CW for ch 1884:0000 sid 0453 hash 88FFCCBB mark 0 (57/1000000)
PEER: got request sid 0464 hash A1669C0C
PEER: replied CW for ch 1884:0000 sid 0464 hash A1669C0C mark 0 (58/1000000)
PEER: got request sid 0475 hash 5857CD5D
PEER: replied CW for ch 1884:0000 sid 0475 hash 5857CD5D mark 0 (59/1000000)
PEER: got MultiCS ping (peer id 0007)
PEER: sent TYPE_HELLO_ACK -- recvport and ping are now set server-side
PEER: got request sid 0486 hash B60CFEAE
PEER: replied CW for ch 1884:0000 sid 0486 hash B60CFEAE mark 0 (60/1000000)
PEER: got request sid 0497 hash 36650DFF
PEER: replied CW for ch 1884:0000 sid 0497 hash 36650DFF mark 0 (61/1000000)
PEER: got request sid 04A8 hash AA791D50
PEER: replied CW for ch 1884:0000 sid 04A8 hash AA791D50 mark 0 (62/1000000)
PEER: got request sid 04B9 hash 25050EA1
PEER: replied CW for ch 1884:0000 sid 04B9 hash 25050EA1 mark 0 (63/1000000)
PEER: got request sid 04CA hash 432B5EF2
PEER: replied CW for ch 1884:0000 sid 04CA hash 432B5EF2 mark 0 (64/1000000)
PEER: got request sid 04DB hash E6971043
PEER: replied CW for ch 1884:0000 sid 04DB hash E6971043 mark 0 (65/1000000)
PEER: got request sid 04EC hash 69489F94
PEER: replied CW for ch 1884:0000 sid 04EC hash 69489F94 mark 0 (66/1000000)
PEER: got request sid 04FD hash F3AA0EE5
PEER: replied CW for ch 1884:0000 sid 04FD hash F3AA0EE5 mark 0 (67/1000000)
PEER: got request sid 050E hash B7D07F36
PEER: replied CW for ch 1884:0000 sid 050E hash B7D07F36 mark 0 (68/1000000)
PEER: got request sid 051F hash D72F1087
PEER: replied CW for ch 1884:0000 sid 051F hash D72F1087 mark 0 (69/1000000)
PEER: got request sid 0530 hash C4C140D8
PEER: replied CW for ch 1884:0000 sid 0530 hash C4C140D8 mark 0 (70/1000000)
PEER: got request sid 0541 hash 91DB7129
PEER: replied CW for ch 1884:0000 sid 0541 hash 91DB7129 mark 0 (71/1000000)
PEER: got request sid 0552 hash 7B86407A
PEER: replied CW for ch 1884:0000 sid 0552 hash 7B86407A mark 0 (72/1000000)
PEER: got request sid 0563 hash 93ED0FCB
PEER: replied CW for ch 1884:0000 sid 0563 hash 93ED0FCB mark 0 (73/1000000)
PEER: got request sid 0574 hash 4ADE411C
PEER: replied CW for ch 1884:0000 sid 0574 hash 4ADE411C mark 0 (74/1000000)
PEER: got request sid 0585 hash A893726D
PEER: replied CW for ch 1884:0000 sid 0585 hash A893726D mark 0 (75/1000000)
PEER: got request sid 0596 hash 28EB81BE
PEER: replied CW for ch 1884:0000 sid 0596 hash 28EB81BE mark 0 (76/1000000)
PEER: got request sid 05A7 hash 7869D20F
PEER: replied CW for ch 1884:0000 sid 05A7 hash 7869D20F mark 0 (77/1000000)
PEER: got request sid 05B8 hash 330A2160
PEER: replied CW for ch 1884:0000 sid 05B8 hash 330A2160 mark 0 (78/1000000)
PEER: got request sid 05C9 hash 35B1D2B1
PEER: replied CW for ch 1884:0000 sid 05C9 hash 35B1D2B1 mark 0 (79/1000000)
PEER: got MultiCS ping (peer id 0007)
PEER: sent TYPE_HELLO_ACK -- recvport and ping are now set server-side
PEER: got request sid 05DA hash D91D8402
PEER: replied CW for ch 1884:0000 sid 05DA hash D91D8402 mark 0 (80/1000000)
PEER: got request sid 05EB hash 5BCF1353
PEER: replied CW for ch 1884:0000 sid 05EB hash 5BCF1353 mark 0 (81/1000000)
PEER: got request sid 05FC hash E63082A4
PEER: replied CW for ch 1884:0000 sid 05FC hash E63082A4 mark 0 (82/1000000)
PEER: got request sid 060D hash AA56F2F5
PEER: replied CW for ch 1884:0000 sid 060D hash AA56F2F5 mark 0 (83/1000000)
PEER: got request sid 061E hash F9F56346
PEER: replied CW for ch 1884:0000 sid 061E hash F9F56346 mark 0 (84/1000000)
PEER: got request sid 062F hash B747B497
PEER: replied CW for ch 1884:0000 sid 062F hash B747B497 mark 0 (85/1000000)
PEER: got request sid 0640 hash 8461E4E8
PEER: replied CW for ch 1884:0000 sid 0640 hash 8461E4E8 mark 0 (86/1000000)
PEER: got request sid 0651 hash 6E0CB439
PEER: replied CW for ch 1884:0000 sid 0651 hash 6E0CB439 mark 0 (87/1000000)
PEER: got request sid 0662 hash 8673838A
PEER: replied CW for ch 1884:0000 sid 0662 hash 8673838A mark 0 (88/1000000)
PEER: got request sid 0673 hash 3D64B4DB
PEER: replied CW for ch 1884:0000 sid 0673 hash 3D64B4DB mark 0 (89/1000000)
PEER: got request sid 0684 hash E48B052C
PEER: replied CW for ch 1884:0000 sid 0684 hash E48B052C mark 0 (90/1000000)
PEER: got request sid 0695 hash A50BF67D
PEER: replied CW for ch 1884:0000 sid 0695 hash A50BF67D mark 0 (91/1000000)
PEER: got request sid 06A6 hash 6AF045CE
PEER: replied CW for ch 1884:0000 sid 06A6 hash 6AF045CE mark 0 (92/1000000)
PEER: got request sid 06B7 hash 2590951F
PEER: replied CW for ch 1884:0000 sid 06B7 hash 2590951F mark 0 (93/1000000)
PEER: got request sid 06C8 hash 28384670
PEER: replied CW for ch 1884:0000 sid 06C8 hash 28384670 mark 0 (94/1000000)
PEER: got request sid 06D9 hash CBA3F7C1
PEER: replied CW for ch 1884:0000 sid 06D9 hash CBA3F7C1 mark 0 (95/1000000)
PEER: got request sid 06EA hash 4E558712
PEER: replied CW for ch 1884:0000 sid 06EA hash 4E558712 mark 0 (96/1000000)
PEER: got request sid 06FB hash 29C7B763
PEER: replied CW for ch 1884:0000 sid 06FB hash 29C7B763 mark 0 (97/1000000)
PEER: got request sid 070C hash 9CDD66B4
PEER: replied CW for ch 1884:0000 sid 070C hash 9CDD66B4 mark 0 (98/1000000)
PEER: got request sid 071D hash EC7BD705
PEER: replied CW for ch 1884:0000 sid 071D hash EC7BD705 mark 0 (99/1000000)
PEER: got MultiCS ping (peer id 0007)
PEER: sent TYPE_HELLO_ACK -- recvport and ping are now set server-side
PEER: got request sid 072E hash A9CE2856
PEER: replied CW for ch 1884:0000 sid 072E hash A9CE2856 mark 0 (100/1000000)
PEER: got request sid 073F hash 76E858A7
PEER: replied CW for ch 1884:0000 sid 073F hash 76E858A7 mark 0 (101/1000000)
PEER: got request sid 0750 hash 609327F8
PEER: replied CW for ch 1884:0000 sid 0750 hash 609327F8 mark 0 (102/1000000)
PEER: got request sid 0761 hash 87117849
PEER: replied CW for ch 1884:0000 sid 0761 hash 87117849 mark 0 (103/1000000)
PEER: got request sid 0772 hash 1C54879A
PEER: replied CW for ch 1884:0000 sid 0772 hash 1C54879A mark 0 (104/1000000)
PEER: got request sid 0783 hash D71178EB
PEER: replied CW for ch 1884:0000 sid 0783 hash D71178EB mark 0 (105/1000000)
PEER: got request sid 0794 hash 97926A3C
PEER: replied CW for ch 1884:0000 sid 0794 hash 97926A3C mark 0 (106/1000000)
PEER: got request sid 07A5 hash 5D76B98D
PEER: replied CW for ch 1884:0000 sid 07A5 hash 5D76B98D mark 0 (107/1000000)
PEER: got request sid 07B6 hash 181708DE
PEER: replied CW for ch 1884:0000 sid 07B6 hash 181708DE mark 0 (108/1000000)
PEER: got request sid 07C7 hash 1ABEBA2F
PEER: replied CW for ch 1884:0000 sid 07C7 hash 1ABEBA2F mark 0 (109/1000000)
PEER: got request sid 07D8 hash 43E50A80
PEER: replied CW for ch 1884:0000 sid 07D8 hash 43E50A80 mark 0 (110/1000000)
PEER: got request sid 07E9 hash B67C7BD1
PEER: replied CW for ch 1884:0000 sid 07E9 hash B67C7BD1 mark 0 (111/1000000)
PEER: got request sid 07FA hash 1C4E2B22
PEER: replied CW for ch 1884:0000 sid 07FA hash 1C4E2B22 mark 0 (112/1000000)
PEER: got request sid 080B hash 8F63DA73
PEER: replied CW for ch 1884:0000 sid 080B hash 8F63DA73 mark 0 (113/1000000)
PEER: got request sid 081C hash DF024AC4
PEER: replied CW for ch 1884:0000 sid 081C hash DF024AC4 mark 0 (114/1000000)
PEER: got request sid 082D hash 9C549C15
PEER: replied CW for ch 1884:0000 sid 082D hash 9C549C15 mark 0 (115/1000000)
PEER: got request sid 083E hash 696ECC66
PEER: replied CW for ch 1884:0000 sid 083E hash 696ECC66 mark 0 (116/1000000)
PEER: got request sid 084F hash 5410DCB7
PEER: replied CW for ch 1884:0000 sid 084F hash 5410DCB7 mark 0 (117/1000000)
PEER: got request sid 0860 hash 7997EC08
PEER: replied CW for ch 1884:0000 sid 0860 hash 7997EC08 mark 0 (118/1000000)
PEER: got request sid 0871 hash 0EDAFB59
PEER: replied CW for ch 1884:0000 sid 0871 hash 0EDAFB59 mark 0 (119/1000000)
PEER: got MultiCS ping (peer id 0007)
PEER: sent TYPE_HELLO_ACK -- recvport and ping are now set server-side
PEER: got request sid 0882 hash C997ECAA
PEER: replied CW for ch 1884:0000 sid 0882 hash C997ECAA mark 0 (120/1000000)
PEER: got request sid 0893 hash 8A18DDFB
PEER: replied CW for ch 1884:0000 sid 0893 hash 8A18DDFB mark 0 (121/1000000)
PEER: got request sid 08A4 hash 4FFD2D4C
PEER: replied CW for ch 1884:0000 sid 08A4 hash 4FFD2D4C mark 0 (122/1000000)
PEER: got request sid 08B5 hash B47B7D9D
PEER: replied CW for ch 1884:0000 sid 08B5 hash B47B7D9D mark 0 (123/1000000)
PEER: got request sid 08C6 hash 43980CEE
PEER: replied CW for ch 1884:0000 sid 08C6 hash 43980CEE mark 0 (124/1000000)
PEER: got request sid 08D7 hash 366B7E3F
PEER: replied CW for ch 1884:0000 sid 08D7 hash 366B7E3F mark 0 (125/1000000)
PEER: got request sid 08E8 hash A902EF90
PEER: replied CW for ch 1884:0000 sid 08E8 hash A902EF90 mark 0 (126/1000000)
PEER: got request sid 08F9 hash 0ED49EE1
PEER: replied CW for ch 1884:0000 sid 08F9 hash 0ED49EE1 mark 0 (127/1000000)
PEER: got request sid 090A hash 81EA4E32
PEER: replied CW for ch 1884:0000 sid 090A hash 81EA4E32 mark 0 (128/1000000)
PEER: got request sid 091B hash D188BE83
PEER: replied CW for ch 1884:0000 sid 091B hash D188BE83 mark 0 (129/1000000)
PEER: got request sid 092C hash AE9F2ED4
PEER: replied CW for ch 1884:0000 sid 092C hash AE9F2ED4 mark 0 (130/1000000)
PEER: got request sid 093D hash 5BF54025
PEER: replied CW for ch 1884:0000 sid 093D hash 5BF54025 mark 0 (131/1000000)
PEER: got request sid 094E hash 46975076
PEER: replied CW for ch 1884:0000 sid 094E hash 46975076 mark 0 (132/1000000)
PEER: got request sid 095F hash 6C1E5FC7
PEER: replied CW for ch 1884:0000 sid 095F hash 6C1E5FC7 mark 0 (133/1000000)
PEER: got request sid 0970 hash 01616F18
PEER: replied CW for ch 1884:0000 sid 0970 hash 01616F18 mark 0 (134/1000000)
PEER: got request sid 0981 hash BC1E6069
PEER: replied CW for ch 1884:0000 sid 0981 hash BC1E6069 mark 0 (135/1000000)
PEER: got request sid 0992 hash 2E44B0BA
PEER: replied CW for ch 1884:0000 sid 0992 hash 2E44B0BA mark 0 (136/1000000)
PEER: got request sid 09A3 hash CDA1620B
PEER: replied CW for ch 1884:0000 sid 09A3 hash CDA1620B mark 0 (137/1000000)
PEER: got request sid 09B4 hash A701F15C
PEER: replied CW for ch 1884:0000 sid 09B4 hash A701F15C mark 0 (138/1000000)
PEER: got request sid 09C5 hash 361E80AD
PEER: replied CW for ch 1884:0000 sid 09C5 hash 361E80AD mark 0 (139/1000000)
PEER: got MultiCS ping (peer id 0007)
PEER: sent TYPE_HELLO_ACK -- recvport and ping are now set server-side
PEER: got request sid 09D6 hash 28F1F1FE
PEER: replied CW for ch 1884:0000 sid 09D6 hash 28F1F1FE mark 0 (140/1000000)
PEER: got request sid 09E7 hash 9B89634F
PEER: replied CW for ch 1884:0000 sid 09E7 hash 9B89634F mark 0 (141/1000000)
PEER: got request sid 09F8 hash 015B12A0
PEER: replied CW for ch 1884:0000 sid 09F8 hash 015B12A0 mark 0 (142/1000000)
PEER: got request sid 0A09 hash C45542F1
PEER: replied CW for ch 1884:0000 sid 0A09 hash C45542F1 mark 0 (143/1000000)
PEER: got request sid 0A1A hash C40F3242
PEER: replied CW for ch 1884:0000 sid 0A1A hash C40F3242 mark 0 (144/1000000)
PEER: got request sid 0A2B hash A125A293
PEER: replied CW for ch 1884:0000 sid 0A2B hash A125A293 mark 0 (145/1000000)
PEER: got request sid 0A3C hash 4E7BB3E4
PEER: replied CW for ch 1884:0000 sid 0A3C hash 4E7BB3E4 mark 0 (146/1000000)
PEER: got request sid 0A4D hash 391DC435
PEER: replied CW for ch 1884:0000 sid 0A4D hash 391DC435 mark 0 (147/1000000)
PEER: got request sid 0A5E hash 5EA4D386
PEER: replied CW for ch 1884:0000 sid 0A5E hash 5EA4D386 mark 0 (148/1000000)
PEER: got request sid 0A6F hash DA2323D7
PEER: replied CW for ch 1884:0000 sid 0A6F hash DA2323D7 mark 0 (149/1000000)
PEER: got request sid 0A80 hash 26327328
PEER: replied CW for ch 1884:0000 sid 0A80 hash 26327328 mark 0 (150/1000000)
PEER: got request sid 0A91 hash 20CB2479
PEER: replied CW for ch 1884:0000 sid 0A91 hash 20CB2479 mark 0 (151/1000000)
PEER: got request sid 0AA2 hash C027D5CA
PEER: replied CW for ch 1884:0000 sid 0AA2 hash C027D5CA mark 0 (152/1000000)
PEER: got request sid 0AB3 hash 9988651B
PEER: replied CW for ch 1884:0000 sid 0AB3 hash 9988651B mark 0 (153/1000000)
PEER: got request sid 0AC4 hash 28A4F46C
PEER: replied CW for ch 1884:0000 sid 0AC4 hash 28A4F46C mark 0 (154/1000000)
PEER: got request sid 0AD5 hash 1B7865BD
PEER: replied CW for ch 1884:0000 sid 0AD5 hash 1B7865BD mark 0 (155/1000000)
PEER: got request sid 0AE6 hash 8F9EB60E
PEER: replied CW for ch 1884:0000 sid 0AE6 hash 8F9EB60E mark 0 (156/1000000)
PEER: got request sid 0AF7 hash F3E1865F
PEER: replied CW for ch 1884:0000 sid 0AF7 hash F3E1865F mark 0 (157/1000000)
PEER: got request sid 0B08 hash B6DBB6B0
PEER: replied CW for ch 1884:0000 sid 0B08 hash B6DBB6B0 mark 0 (158/1000000)
PEER: got request sid 0B19 hash B695A601
PEER: replied CW for ch 1884:0000 sid 0B19 hash B695A601 mark 0 (159/1000000)
PEER: got MultiCS ping (peer id 0007)
PEER: sent TYPE_HELLO_ACK -- recvport and ping are now set server-side
PEER: got request sid 0B2A hash 93AC1652
PEER: replied CW for ch 1884:0000 sid 0B2A hash 93AC1652 mark 0 (160/1000000)
PEER: got request sid 0B3B hash 410227A3
PEER: replied CW for ch 1884:0000 sid 0B3B hash 410227A3 mark 0 (161/1000000)
PEER: got request sid 0B4C hash 2BA456F4
PEER: replied CW for ch 1884:0000 sid 0B4C hash 2BA456F4 mark 0 (162/1000000)
PEER: got request sid 0B5D hash F1564845
PEER: replied CW for ch 1884:0000 sid 0B5D hash F1564845 mark 0 (163/1000000)
PEER: got request sid 0B6E hash CCA99796
PEER: replied CW for ch 1884:0000 sid 0B6E hash CCA99796 mark 0 (164/1000000)
PEER: got request sid 0B7F hash 18B8E6E7
PEER: replied CW for ch 1884:0000 sid 0B7F hash 18B8E6E7 mark 0 (165/1000000)
PEER: got request sid 0B90 hash 13519838
PEER: replied CW for ch 1884:0000 sid 0B90 hash 13519838 mark 0 (166/1000000)
PEER: got request sid 0BA1 hash B2AE4989
PEER: replied CW for ch 1884:0000 sid 0BA1 hash B2AE4989 mark 0 (167/1000000)
PEER: got request sid 0BB2 hash 8C0ED8DA
PEER: replied CW for ch 1884:0000 sid 0BB2 hash 8C0ED8DA mark 0 (168/1000000)
PEER: got request sid 0BC3 hash C58D292B
PEER: replied CW for ch 1884:0000 sid 0BC3 hash C58D292B mark 0 (169/1000000)
PEER: got request sid 0BD4 hash FB15F87C
PEER: replied CW for ch 1884:0000 sid 0BD4 hash FB15F87C mark 0 (170/1000000)
PEER: got request sid 0BE5 hash 822529CD
PEER: replied CW for ch 1884:0000 sid 0BE5 hash 822529CD mark 0 (171/1000000)
PEER: got request sid 0BF6 hash E667FA1E
PEER: replied CW for ch 1884:0000 sid 0BF6 hash E667FA1E mark 0 (172/1000000)
PEER: got request sid 0C07 hash A9622A6F
PEER: replied CW for ch 1884:0000 sid 0C07 hash A9622A6F mark 0 (173/1000000)
PEER: got request sid 0C18 hash A91C19C0
PEER: replied CW for ch 1884:0000 sid 0C18 hash A91C19C0 mark 0 (174/1000000)
PEER: got request sid 0C29 hash 86328A11
PEER: replied CW for ch 1884:0000 sid 0C29 hash 86328A11 mark 0 (175/1000000)
PEER: got request sid 0C3A hash 72C0FA62
PEER: replied CW for ch 1884:0000 sid 0C3A hash 72C0FA62 mark 0 (176/1000000)
PEER: got request sid 0C4B hash 1E2ACAB3
PEER: replied CW for ch 1884:0000 sid 0C4B hash 1E2ACAB3 mark 0 (177/1000000)
PEER: got request sid 0C5C hash E3DCBC04
PEER: replied CW for ch 1884:0000 sid 0C5C hash E3DCBC04 mark 0 (178/1000000)
PEER: got request sid 0C6D hash BF300B55
PEER: replied CW for ch 1884:0000 sid 0C6D hash BF300B55 mark 0 (179/1000000)
PEER: got MultiCS ping (peer id 0007)
PEER: sent TYPE_HELLO_ACK -- recvport and ping are now set server-side
PEER: got request sid 0C7E hash 0B3F5AA6
PEER: replied CW for ch 1884:0000 sid 0C7E hash 0B3F5AA6 mark 0 (180/1000000)
PEER: got request sid 0C8F hash 05D80BF7
PEER: replied CW for ch 1884:0000 sid 0C8F hash 05D80BF7 mark 0 (181/1000000)
PEER: got request sid 0CA0 hash 82FE5C48
PEER: replied CW for ch 1884:0000 sid 0CA0 hash 82FE5C48 mark 0 (182/1000000)
PEER: got request sid 0CB1 hash B946CD99
PEER: replied CW for ch 1884:0000 sid 0CB1 hash B946CD99 mark 0 (183/1000000)
PEER: got request sid 0CC2 hash B8139CEA
PEER: replied CW for ch 1884:0000 sid 0CC2 hash B8139CEA mark 0 (184/1000000)
PEER: got request sid 0CD3 hash ED9C6C3B
PEER: replied CW for ch 1884:0000 sid 0CD3 hash ED9C6C3B mark 0 (185/1000000)
PEER: got request sid 0CE4 hash 74AB9D8C
PEER: replied CW for ch 1884:0000 sid 0CE4 hash 74AB9D8C mark 0 (186/1000000)
PEER: got request sid 0CF5 hash D8EE6DDD
PEER: replied CW for ch 1884:0000 sid 0CF5 hash D8EE6DDD mark 0 (187/1000000)
PEER: got request sid 0D06 hash 9BE89E2E
PEER: replied CW for ch 1884:0000 sid 0D06 hash 9BE89E2E mark 0 (188/1000000)
PEER: got request sid 0D17 hash 846ACE7F
PEER: replied CW for ch 1884:0000 sid 0D17 hash 846ACE7F mark 0 (189/1000000)
PEER: got request sid 0D28 hash 78B8FDD0
PEER: replied CW for ch 1884:0000 sid 0D28 hash 78B8FDD0 mark 0 (190/1000000)
PEER: got request sid 0D39 hash 65476E21
PEER: replied CW for ch 1884:0000 sid 0D39 hash 65476E21 mark 0 (191/1000000)
PEER: got request sid 0D4A hash 10B13E72
PEER: replied CW for ch 1884:0000 sid 0D4A hash 10B13E72 mark 0 (192/1000000)
PEER: got request sid 0D5B hash D6632FC3
PEER: replied CW for ch 1884:0000 sid 0D5B hash D6632FC3 mark 0 (193/1000000)
PEER: got request sid 0D6C hash B1B67F14
PEER: replied CW for ch 1884:0000 sid 0D6C hash B1B67F14 mark 0 (194/1000000)
PEER: got request sid 0D7D hash 4234CF65
PEER: replied CW for ch 1884:0000 sid 0D7D hash 4234CF65 mark 0 (195/1000000)
PEER: got request sid 0D8E hash C3005EB6
PEER: replied CW for ch 1884:0000 sid 0D8E hash C3005EB6 mark 0 (196/1000000)
PEER: got request sid 0D9F hash 7584D007
PEER: replied CW for ch 1884:0000 sid 0D9F hash 7584D007 mark 0 (197/1000000)
PEER: got request sid 0DB0 hash ABCD4158
PEER: replied CW for ch 1884:0000 sid 0DB0 hash ABCD4158 mark 0 (198/1000000)
PEER: got request sid 0DC1 hash AA9A10A9
PEER: replied CW for ch 1884:0000 sid 0DC1 hash AA9A10A9 mark 0 (199/1000000)
PEER: got MultiCS ping (peer id 0007)
PEER: sent TYPE_HELLO_ACK -- recvport and ping are now set server-side
PEER: got request sid 0DD2 hash E022DFFA
PEER: replied CW for ch 1884:0000 sid 0DD2 hash E022DFFA mark 0 (200/1000000)
PEER: got request sid 0DE3 hash 6732114B
PEER: replied CW for ch 1884:0000 sid 0DE3 hash 6732114B mark 0 (201/1000000)
PEER: got request sid 0DF4 hash A4C8009C
PEER: replied CW for ch 1884:0000 sid 0DF4 hash A4C8009C mark 0 (202/1000000)
PEER: got request sid 0E05 hash 8E6F11ED
PEER: replied CW for ch 1884:0000 sid 0E05 hash 8E6F11ED mark 0 (203/1000000)
PEER: got request sid 0E16 hash 76F1423E
PEER: replied CW for ch 1884:0000 sid 0E16 hash 76F1423E mark 0 (204/1000000)
PEER: got request sid 0E27 hash 6B3F718F
PEER: replied CW for ch 1884:0000 sid 0E27 hash 6B3F718F mark 0 (205/1000000)
PEER: got request sid 0E38 hash 57CDE1E0
PEER: replied CW for ch 1884:0000 sid 0E38 hash 57CDE1E0 mark 0 (206/1000000)
PEER: got request sid 0E49 hash 0337B231
PEER: replied CW for ch 1884:0000 sid 0E49 hash 0337B231 mark 0 (207/1000000)
PEER: got request sid 0E5A hash C95E0282
PEER: replied CW for ch 1884:0000 sid 0E5A hash C95E0282 mark 0 (208/1000000)
PEER: got request sid 0E6B hash E5ABB3D3
PEER: replied CW for ch 1884:0000 sid 0E6B hash E5ABB3D3 mark 0 (209/1000000)
PEER: got request sid 0E7C hash 34BB4324
PEER: replied CW for ch 1884:0000 sid 0E7C hash 34BB4324 mark 0 (210/1000000)
PEER: got request sid 0E8D hash B586D275
PEER: replied CW for ch 1884:0000 sid 0E8D hash B586D275 mark 0 (211/1000000)
PEER: got request sid 0E9E hash 680B43C6
PEER: replied CW for ch 1884:0000 sid 0E9E hash 680B43C6 mark 0 (212/1000000)
PEER: got request sid 0EAF hash 9E53B517
PEER: replied CW for ch 1884:0000 sid 0EAF hash 9E53B517 mark 0 (213/1000000)
PEER: got request sid 0EC0 hash 9D208468
PEER: replied CW for ch 1884:0000 sid 0EC0 hash 9D208468 mark 0 (214/1000000)
PEER: got request sid 0ED1 hash 6B9ED4B9
PEER: replied CW for ch 1884:0000 sid 0ED1 hash 6B9ED4B9 mark 0 (215/1000000)
PEER: got request sid 0EE2 hash 5D83E40A
PEER: replied CW for ch 1884:0000 sid 0EE2 hash 5D83E40A mark 0 (216/1000000)
PEER: got request sid 0EF3 hash 974E745B
PEER: replied CW for ch 1884:0000 sid 0EF3 hash 974E745B mark 0 (217/1000000)
PEER: got request sid 0F04 hash 80F585AC
PEER: replied CW for ch 1884:0000 sid 0F04 hash 80F585AC mark 0 (218/1000000)
PEER: got request sid 0F15 hash 6977B5FD
PEER: replied CW for ch 1884:0000 sid 0F15 hash 6977B5FD mark 0 (219/1000000)
PEER: got MultiCS ping (peer id 0007)
PEER: sent TYPE_HELLO_ACK -- recvport and ping are now set server-side
PEER: got request sid 0F26 hash 5DC5E54E
PEER: replied CW for ch 1884:0000 sid 0F26 hash 5DC5E54E mark 0 (220/1000000)
PEER: got request sid 0F37 hash 4A54559F
PEER: replied CW for ch 1884:0000 sid 0F37 hash 4A54559F mark 0 (221/1000000)
PEER: got request sid 0F48 hash 485AC4F0
PEER: replied CW for ch 1884:0000 sid 0F48 hash 485AC4F0 mark 0 (222/1000000)
PEER: got request sid 0F59 hash BBE47641
PEER: replied CW for ch 1884:0000 sid 0F59 hash BBE47641 mark 0 (223/1000000)
PEER: got request sid 0F6A hash D8322792
PEER: replied CW for ch 1884:0000 sid 0F6A hash D8322792 mark 0 (224/1000000)
PEER: got request sid 0F7B hash 2741B6E3
PEER: replied CW for ch 1884:0000 sid 0F7B hash 2741B6E3 mark 0 (225/1000000)
PEER: got request sid 0F8C hash A80D4634
PEER: replied CW for ch 1884:0000 sid 0F8C hash A80D4634 mark 0 (226/1000000)
PEER: got request sid 0F9D hash 5A91B785
PEER: replied CW for ch 1884:0000 sid 0F9D hash 5A91B785 mark 0 (227/1000000)
PEER: got request sid 0FAE hash 22B807D6
PEER: replied CW for ch 1884:0000 sid 0FAE hash 22B807D6 mark 0 (228/1000000)
PEER: got request sid 0FBF hash E3FC3927
PEER: replied CW for ch 1884:0000 sid 0FBF hash E3FC3927 mark 0 (229/1000000)
PEER: got request sid 0FD0 hash 5E254878
PEER: replied CW for ch 1884:0000 sid 0FD0 hash 5E254878 mark 0 (230/1000000)
PEER: got request sid 0FE1 hash 500A57C9
PEER: replied CW for ch 1884:0000 sid 0FE1 hash 500A57C9 mark 0 (231/1000000)
PEER: got request sid 0FF2 hash 89D4E81A
PEER: replied CW for ch 1884:0000 sid 0FF2 hash 89D4E81A mark 0 (232/1000000)
PEER: got request sid 1003 hash 737BF96B
PEER: replied CW for ch 1884:0000 sid 1003 hash 737BF96B mark 0 (233/1000000)
PEER: got request sid 1014 hash 5BFE29BC
PEER: replied CW for ch 1884:0000 sid 1014 hash 5BFE29BC mark 0 (234/1000000)
PEER: got request sid 1025 hash 28085A0D
PEER: replied CW for ch 1884:0000 sid 1025 hash 28085A0D mark 0 (235/1000000)
PEER: got request sid 1036 hash 3CDAC95E
PEER: replied CW for ch 1884:0000 sid 1036 hash 3CDAC95E mark 0 (236/1000000)
PEER: got request sid 1047 hash 3AE138AF
PEER: replied CW for ch 1884:0000 sid 1047 hash 3AE138AF mark 0 (237/1000000)
PEER: got request sid 1058 hash AE6AEA00
PEER: replied CW for ch 1884:0000 sid 1058 hash AE6AEA00 mark 0 (238/1000000)
PEER: got request sid 1069 hash CAB89B51
PEER: replied CW for ch 1884:0000 sid 1069 hash CAB89B51 mark 0 (239/1000000)
PEER: got MultiCS ping (peer id 0007)
PEER: sent TYPE_HELLO_ACK -- recvport and ping are now set server-side
PEER: got request sid 107A hash 19C82AA2
PEER: replied CW for ch 1884:0000 sid 107A hash 19C82AA2 mark 0 (240/1000000)
PEER: got request sid 108B hash 7F467AF3
PEER: replied CW for ch 1884:0000 sid 108B hash 7F467AF3 mark 0 (241/1000000)
PEER: got request sid 109C hash F6BE4A44
PEER: replied CW for ch 1884:0000 sid 109C hash F6BE4A44 mark 0 (242/1000000)
PEER: got request sid 10AD hash 153E7B95
PEER: replied CW for ch 1884:0000 sid 10AD hash 153E7B95 mark 0 (243/1000000)
PEER: got request sid 10BE hash D682ACE6
PEER: replied CW for ch 1884:0000 sid 10BE hash D682ACE6 mark 0 (244/1000000)
PEER: got request sid 10CF hash 50ABBC37
PEER: replied CW for ch 1884:0000 sid 10CF hash 50ABBC37 mark 0 (245/1000000)
PEER: got request sid 10E0 hash 4290CB88
PEER: replied CW for ch 1884:0000 sid 10E0 hash 4290CB88 mark 0 (246/1000000)
PEER: got request sid 10F1 hash 7C5B5BD9
PEER: replied CW for ch 1884:0000 sid 10F1 hash 7C5B5BD9 mark 0 (247/1000000)
PEER: got request sid 1102 hash 3709CC2A
PEER: replied CW for ch 1884:0000 sid 1102 hash 3709CC2A mark 0 (248/1000000)
PEER: got request sid 1113 hash 4E849D7B
PEER: replied CW for ch 1884:0000 sid 1113 hash 4E849D7B mark 0 (249/1000000)
PEER: got request sid 1124 hash 1A8ECDCC
PEER: replied CW for ch 1884:0000 sid 1124 hash 1A8ECDCC mark 0 (250/1000000)
PEER: got request sid 1135 hash 2F613D1D
PEER: replied CW for ch 1884:0000 sid 1135 hash 2F613D1D mark 0 (251/1000000)
PEER: got request sid 1146 hash 2D67AC6E
PEER: replied CW for ch 1884:0000 sid 1146 hash 2D67AC6E mark 0 (252/1000000)
PEER: got request sid 1157 hash A0F15DBF
PEER: replied CW for ch 1884:0000 sid 1157 hash A0F15DBF mark 0 (253/1000000)
PEER: got request sid 1168 hash 7217AE10
PEER: replied CW for ch 1884:0000 sid 1168 hash 7217AE10 mark 0 (254/1000000)
PEER: got request sid 1179 hash AD111F61
PEER: replied CW for ch 1884:0000 sid 1179 hash AD111F61 mark 0 (255/1000000)
PEER: got request sid 118A hash 71CCEEB2
PEER: replied CW for ch 1884:0000 sid 118A hash 71CCEEB2 mark 0 (256/1000000)
PEER: got request sid 119B hash E944BE03
PEER: replied CW for ch 1884:0000 sid 119B hash E944BE03 mark 0 (257/1000000)
PEER: got request sid 11AC hash 07C4EF54
PEER: replied CW for ch 1884:0000 sid 11AC hash 07C4EF54 mark 0 (258/1000000)
PEER: got request sid 11BD hash C90920A5
PEER: replied CW for ch 1884:0000 sid 11BD hash C90920A5 mark 0 (259/1000000)
PEER: got MultiCS ping (peer id 0007)
PEER: sent TYPE_HELLO_ACK -- recvport and ping are now set server-side
PEER: got request sid 11CE hash 43322FF6
PEER: replied CW for ch 1884:0000 sid 11CE hash 43322FF6 mark 0 (260/1000000)
PEER: got request sid 11DF hash 66B08047
PEER: replied CW for ch 1884:0000 sid 11DF hash 66B08047 mark 0 (261/1000000)
PEER: got request sid 11F0 hash 6EE1CF98
PEER: replied CW for ch 1884:0000 sid 11F0 hash 6EE1CF98 mark 0 (262/1000000)
PEER: got request sid 1201 hash 29903FE9
PEER: replied CW for ch 1884:0000 sid 1201 hash 29903FE9 mark 0 (263/1000000)
PEER: got request sid 1212 hash 410B113A
PEER: replied CW for ch 1884:0000 sid 1212 hash 410B113A mark 0 (264/1000000)
PEER: got request sid 1223 hash 0D15418B
PEER: replied CW for ch 1884:0000 sid 1223 hash 0D15418B mark 0 (265/1000000)
PEER: got request sid 1234 hash 21E7B0DC
PEER: replied CW for ch 1884:0000 sid 1234 hash 21E7B0DC mark 0 (266/1000000)
PEER: got request sid 1245 hash 1FEE212D
PEER: replied CW for ch 1884:0000 sid 1245 hash 1FEE212D mark 0 (267/1000000)
PEER: got request sid 1256 hash B168B07E
PEER: replied CW for ch 1884:0000 sid 1256 hash B168B07E mark 0 (268/1000000)
PEER: got request sid 1267 hash 649E21CF
PEER: replied CW for ch 1884:0000 sid 1267 hash 649E21CF mark 0 (269/1000000)
PEER: got request sid 1278 hash 9F979320
PEER: replied CW for ch 1884:0000 sid 1278 hash 9F979320 mark 0 (270/1000000)
PEER: got request sid 1289 hash 64536271
PEER: replied CW for ch 1884:0000 sid 1289 hash 64536271 mark 0 (271/1000000)
PEER: got request sid 129A hash DBCB31C2
PEER: replied CW for ch 1884:0000 sid 129A hash DBCB31C2 mark 0 (272/1000000)
PEER: got request sid 12AB hash FA4B6313
PEER: replied CW for ch 1884:0000 sid 12AB hash FA4B6313 mark 0 (273/1000000)
PEER: got request sid 12BC hash 4D71B364
PEER: replied CW for ch 1884:0000 sid 12BC hash 4D71B364 mark 0 (274/1000000)
PEER: got request sid 12CD hash C9C1A4B5
PEER: replied CW for ch 1884:0000 sid 12CD hash C9C1A4B5 mark 0 (275/1000000)
PEER: got request sid 12DE hash 5936F406
PEER: replied CW for ch 1884:0000 sid 12DE hash 5936F406 mark 0 (276/1000000)
PEER: got request sid 12EF hash 61684357
PEER: replied CW for ch 1884:0000 sid 12EF hash 61684357 mark 0 (277/1000000)
PEER: got request sid 1300 hash 1C16B3A8
PEER: replied CW for ch 1884:0000 sid 1300 hash 1C16B3A8 mark 0 (278/1000000)
PEER: got request sid 1311 hash 339184F9
PEER: replied CW for ch 1884:0000 sid 1311 hash 339184F9 mark 0 (279/1000000)
PEER: got MultiCS ping (peer id 0007)
PEER: sent TYPE_HELLO_ACK -- recvport and ping are now set server-side
PEER: got request sid 1322 hash FF9BB54A
PEER: replied CW for ch 1884:0000 sid 1322 hash FF9BB54A mark 0 (280/1000000)
PEER: got request sid 1333 hash ED2DE59B
PEER: replied CW for ch 1884:0000 sid 1333 hash ED2DE59B mark 0 (281/1000000)
PEER: got request sid 1344 hash 127494EC
PEER: replied CW for ch 1884:0000 sid 1344 hash 127494EC mark 0 (282/1000000)
PEER: got request sid 1355 hash A3EF243D
PEER: replied CW for ch 1884:0000 sid 1355 hash A3EF243D mark 0 (283/1000000)
PEER: got request sid 1366 hash 5724958E
PEER: replied CW for ch 1884:0000 sid 1366 hash 5724958E mark 0 (284/1000000)
PEER: got request sid 1377 hash 921E06DF
PEER: replied CW for ch 1884:0000 sid 1377 hash 921E06DF mark 0 (285/1000000)
PEER: got request sid 1388 hash 56D9D630
PEER: replied CW for ch 1884:0000 sid 1388 hash 56D9D630 mark 0 (286/1000000)
PEER: got request sid 1399 hash 51582681
PEER: replied CW for ch 1884:0000 sid 1399 hash 51582681 mark 0 (287/1000000)
PEER: got request sid 13AA hash C56C35D2
PEER: replied CW for ch 1884:0000 sid 13AA hash C56C35D2 mark 0 (288/1000000)
PEER: got request sid 13BB hash 3FF82723
PEER: replied CW for ch 1884:0000 sid 13BB hash 3FF82723 mark 0 (289/1000000)
PEER: got request sid 13CC hash BC481874
PEER: replied CW for ch 1884:0000 sid 13CC hash BC481874 mark 0 (290/1000000)
PEER: got request sid 13DD hash 4BBD67C5
PEER: replied CW for ch 1884:0000 sid 13DD hash 4BBD67C5 mark 0 (291/1000000)
PEER: got request sid 13EE hash 53EEB716
PEER: replied CW for ch 1884:0000 sid 13EE hash 53EEB716 mark 0 (292/1000000)
PEER: got request sid 13FF hash 0E9D2767
PEER: replied CW for ch 1884:0000 sid 13FF hash 0E9D2767 mark 0 (293/1000000)
PEER: got request sid 1410 hash D2C397B8
PEER: replied CW for ch 1884:0000 sid 1410 hash D2C397B8 mark 0 (294/1000000)
PEER: got request sid 1421 hash F2222909
PEER: replied CW for ch 1884:0000 sid 1421 hash F2222909 mark 0 (295/1000000)
PEER: got request sid 1432 hash DFB4595A
PEER: replied CW for ch 1884:0000 sid 1432 hash DFB4595A mark 0 (296/1000000)
PEER: got request sid 1443 hash 04FB08AB
PEER: replied CW for ch 1884:0000 sid 1443 hash 04FB08AB mark 0 (297/1000000)
PEER: got request sid 1454 hash 967597FC
PEER: replied CW for ch 1884:0000 sid 1454 hash 967597FC mark 0 (298/1000000)
PEER: got request sid 1465 hash 49AB094D
PEER: replied CW for ch 1884:0000 sid 1465 hash 49AB094D mark 0 (299/1000000)
PEER: got MultiCS ping (peer id 0007)
PEER: sent TYPE_HELLO_ACK -- recvport and ping are now set server-side
PEER: got request sid 1476 hash 65D1599E
PEER: replied CW for ch 1884:0000 sid 1476 hash 65D1599E mark 0 (300/1000000)
PEER: got request sid 1487 hash C3868AEF
PEER: replied CW for ch 1884:0000 sid 1487 hash C3868AEF mark 0 (301/1000000)
PEER: got request sid 1498 hash 43DE9A40
PEER: replied CW for ch 1884:0000 sid 1498 hash 43DE9A40 mark 0 (302/1000000)
PEER: got request sid 14A9 hash B7F2A991
PEER: replied CW for ch 1884:0000 sid 14A9 hash B7F2A991 mark 0 (303/1000000)
PEER: got request sid 14BA hash 327E9AE2
PEER: replied CW for ch 1884:0000 sid 14BA hash 327E9AE2 mark 0 (304/1000000)
PEER: got request sid 14CB hash AECE8C33
PEER: replied CW for ch 1884:0000 sid 14CB hash AECE8C33 mark 0 (305/1000000)
PEER: got request sid 14DC hash 3E43DB84
PEER: replied CW for ch 1884:0000 sid 14DC hash 3E43DB84 mark 0 (306/1000000)
PEER: got request sid 14ED hash 76C22BD5
PEER: replied CW for ch 1884:0000 sid 14ED hash 76C22BD5 mark 0 (307/1000000)
PEER: got request sid 14FE hash 01239B26
PEER: replied CW for ch 1884:0000 sid 14FE hash 01239B26 mark 0 (308/1000000)
PEER: got request sid 150F hash C54A0B77
PEER: replied CW for ch 1884:0000 sid 150F hash C54A0B77 mark 0 (309/1000000)
PEER: got request sid 1520 hash E4A89CC8
PEER: replied CW for ch 1884:0000 sid 1520 hash E4A89CC8 mark 0 (310/1000000)
PEER: got request sid 1531 hash D23ACD19
PEER: replied CW for ch 1884:0000 sid 1531 hash D23ACD19 mark 0 (311/1000000)
PEER: got request sid 1542 hash F7817C6A
PEER: replied CW for ch 1884:0000 sid 1542 hash F7817C6A mark 0 (312/1000000)
PEER: got request sid 1553 hash 88FFCCBB
PEER: replied CW for ch 1884:0000 sid 1553 hash 88FFCCBB mark 0 (313/1000000)
PEER: got request sid 1564 hash A1669C0C
PEER: replied CW for ch 1884:0000 sid 1564 hash A1669C0C mark 0 (314/1000000)
PEER: got request sid 1575 hash 5857CD5D
PEER: replied CW for ch 1884:0000 sid 1575 hash 5857CD5D mark 0 (315/1000000)
PEER: got request sid 1586 hash B60CFEAE
PEER: replied CW for ch 1884:0000 sid 1586 hash B60CFEAE mark 0 (316/1000000)
PEER: got request sid 1597 hash 36650DFF
PEER: replied CW for ch 1884:0000 sid 1597 hash 36650DFF mark 0 (317/1000000)
PEER: got request sid 15A8 hash AA791D50
PEER: replied CW for ch 1884:0000 sid 15A8 hash AA791D50 mark 0 (318/1000000)
PEER: got request sid 15B9 hash 25050EA1
PEER: replied CW for ch 1884:0000 sid 15B9 hash 25050EA1 mark 0 (319/1000000)
PEER: got MultiCS ping (peer id 0007)
PEER: sent TYPE_HELLO_ACK -- recvport and ping are now set server-side
PEER: got request sid 15CA hash 432B5EF2
PEER: replied CW for ch 1884:0000 sid 15CA hash 432B5EF2 mark 0 (320/1000000)
PEER: got request sid 15DB hash E6971043
PEER: replied CW for ch 1884:0000 sid 15DB hash E6971043 mark 0 (321/1000000)
PEER: got request sid 15EC hash 69489F94
PEER: replied CW for ch 1884:0000 sid 15EC hash 69489F94 mark 0 (322/1000000)
PEER: got request sid 15FD hash F3AA0EE5
PEER: replied CW for ch 1884:0000 sid 15FD hash F3AA0EE5 mark 0 (323/1000000)
PEER: got request sid 160E hash B7D07F36
PEER: replied CW for ch 1884:0000 sid 160E hash B7D07F36 mark 0 (324/1000000)
PEER: got request sid 161F hash D72F1087
PEER: replied CW for ch 1884:0000 sid 161F hash D72F1087 mark 0 (325/1000000)
PEER: got request sid 1630 hash C4C140D8
PEER: replied CW for ch 1884:0000 sid 1630 hash C4C140D8 mark 0 (326/1000000)
PEER: got request sid 1641 hash 91DB7129
PEER: replied CW for ch 1884:0000 sid 1641 hash 91DB7129 mark 0 (327/1000000)
PEER: got request sid 1652 hash 7B86407A
PEER: replied CW for ch 1884:0000 sid 1652 hash 7B86407A mark 0 (328/1000000)
PEER: got request sid 1663 hash 93ED0FCB
PEER: replied CW for ch 1884:0000 sid 1663 hash 93ED0FCB mark 0 (329/1000000)
PEER: got request sid 1674 hash 4ADE411C
PEER: replied CW for ch 1884:0000 sid 1674 hash 4ADE411C mark 0 (330/1000000)
PEER: got request sid 1685 hash A893726D
PEER: replied CW for ch 1884:0000 sid 1685 hash A893726D mark 0 (331/1000000)
PEER: got request sid 1696 hash 28EB81BE
PEER: replied CW for ch 1884:0000 sid 1696 hash 28EB81BE mark 0 (332/1000000)
PEER: got request sid 16A7 hash 7869D20F
PEER: replied CW for ch 1884:0000 sid 16A7 hash 7869D20F mark 0 (333/1000000)
PEER: got request sid 16B8 hash 330A2160
PEER: replied CW for ch 1884:0000 sid 16B8 hash 330A2160 mark 0 (334/1000000)
PEER: got request sid 16C9 hash 35B1D2B1
PEER: replied CW for ch 1884:0000 sid 16C9 hash 35B1D2B1 mark 0 (335/1000000)
PEER: got request sid 16DA hash D91D8402
PEER: replied CW for ch 1884:0000 sid 16DA hash D91D8402 mark 0 (336/1000000)
PEER: got request sid 16EB hash 5BCF1353
PEER: replied CW for ch 1884:0000 sid 16EB hash 5BCF1353 mark 0 (337/1000000)
PEER: got request sid 16FC hash E63082A4
PEER: replied CW for ch 1884:0000 sid 16FC hash E63082A4 mark 0 (338/1000000)
PEER: got request sid 170D hash AA56F2F5
PEER: replied CW for ch 1884:0000 sid 170D hash AA56F2F5 mark 0 (339/1000000)
PEER: got MultiCS ping (peer id 0007)
PEER: sent TYPE_HELLO_ACK -- recvport and ping are now set server-side
PEER: got request sid 171E hash F9F56346
PEER: replied CW for ch 1884:0000 sid 171E hash F9F56346 mark 0 (340/1000000)
PEER: got request sid 172F hash B747B497
PEER: replied CW for ch 1884:0000 sid 172F hash B747B497 mark 0 (341/1000000)
PEER: got request sid 1740 hash 8461E4E8
PEER: replied CW for ch 1884:0000 sid 1740 hash 8461E4E8 mark 0 (342/1000000)
PEER: got request sid 1751 hash 6E0CB439
PEER: replied CW for ch 1884:0000 sid 1751 hash 6E0CB439 mark 0 (343/1000000)
PEER: got request sid 1762 hash 8673838A
PEER: replied CW for ch 1884:0000 sid 1762 hash 8673838A mark 0 (344/1000000)
PEER: got request sid 1773 hash 3D64B4DB
PEER: replied CW for ch 1884:0000 sid 1773 hash 3D64B4DB mark 0 (345/1000000)
PEER: got request sid 1784 hash E48B052C
PEER: replied CW for ch 1884:0000 sid 1784 hash E48B052C mark 0 (346/1000000)
PEER: got request sid 1795 hash A50BF67D
PEER: replied CW for ch 1884:0000 sid 1795 hash A50BF67D mark 0 (347/1000000)
PEER: got request sid 17A6 hash 6AF045CE
PEER: replied CW for ch 1884:0000 sid 17A6 hash 6AF045CE mark 0 (348/1000000)
PEER: got request sid 17B7 hash 2590951F
PEER: replied CW for ch 1884:0000 sid 17B7 hash 2590951F mark 0 (349/1000000)
PEER: got request sid 17C8 hash 28384670
PEER: replied CW for ch 1884:0000 sid 17C8 hash 28384670 mark 0 (350/1000000)
PEER: got request sid 17D9 hash CBA3F7C1
PEER: replied CW for ch 1884:0000 sid 17D9 hash CBA3F7C1 mark 0 (351/1000000)
PEER: got request sid 17EA hash 4E558712
PEER: replied CW for ch 1884:0000 sid 17EA hash 4E558712 mark 0 (352/1000000)
PEER: got request sid 17FB hash 29C7B763
PEER: replied CW for ch 1884:0000 sid 17FB hash 29C7B763 mark 0 (353/1000000)
PEER: got request sid 180C hash 9CDD66B4
PEER: replied CW for ch 1884:0000 sid 180C hash 9CDD66B4 mark 0 (354/1000000)
PEER: got request sid 181D hash EC7BD705
PEER: replied CW for ch 1884:0000 sid 181D hash EC7BD705 mark 0 (355/1000000)
PEER: got request sid 182E hash A9CE2856
PEER: replied CW for ch 1884:0000 sid 182E hash A9CE2856 mark 0 (356/1000000)
PEER: got request sid 183F hash 76E858A7
PEER: replied CW for ch 1884:0000 sid 183F hash 76E858A7 mark 0 (357/1000000)
PEER: got request sid 1850 hash 609327F8
PEER: replied CW for ch 1884:0000 sid 1850 hash 609327F8 mark 0 (358/1000000)
PEER: got request sid 1861 hash 87117849
PEER: replied CW for ch 1884:0000 sid 1861 hash 87117849 mark 0 (359/1000000)
PEER: got MultiCS ping (peer id 0007)
PEER: sent TYPE_HELLO_ACK -- recvport and ping are now set server-side
PEER: got request sid 1872 hash 1C54879A
PEER: replied CW for ch 1884:0000 sid 1872 hash 1C54879A mark 0 (360/1000000)
PEER: got request sid 1883 hash D71178EB
PEER: replied CW for ch 1884:0000 sid 1883 hash D71178EB mark 0 (361/1000000)
PEER: got request sid 1894 hash 97926A3C
PEER: replied CW for ch 1884:0000 sid 1894 hash 97926A3C mark 0 (362/1000000)
PEER: got request sid 18A5 hash 5D76B98D
PEER: replied CW for ch 1884:0000 sid 18A5 hash 5D76B98D mark 0 (363/1000000)
PEER: got request sid 18B6 hash 181708DE
PEER: replied CW for ch 1884:0000 sid 18B6 hash 181708DE mark 0 (364/1000000)
PEER: got request sid 18C7 hash 1ABEBA2F
PEER: replied CW for ch 1884:0000 sid 18C7 hash 1ABEBA2F mark 0 (365/1000000)
PEER: got request sid 18D8 hash 43E50A80
PEER: replied CW for ch 1884:0000 sid 18D8 hash 43E50A80 mark 0 (366/1000000)
PEER: got request sid 18E9 hash B67C7BD1
PEER: replied CW for ch 1884:0000 sid 18E9 hash B67C7BD1 mark 0 (367/1000000)
PEER: got request sid 18FA hash 1C4E2B22
PEER: replied CW for ch 1884:0000 sid 18FA hash 1C4E2B22 mark 0 (368/1000000)
PEER: got request sid 190B hash 8F63DA73
PEER: replied CW for ch 1884:0000 sid 190B hash 8F63DA73 mark 0 (369/1000000)
PEER: got request sid 191C hash DF024AC4
PEER: replied CW for ch 1884:0000 sid 191C hash DF024AC4 mark 0 (370/1000000)
PEER: got request sid 192D hash 9C549C15
PEER: replied CW for ch 1884:0000 sid 192D hash 9C549C15 mark 0 (371/1000000)
PEER: got request sid 193E hash 696ECC66
PEER: replied CW for ch 1884:0000 sid 193E hash 696ECC66 mark 0 (372/1000000)
PEER: got request sid 194F hash 5410DCB7
PEER: replied CW for ch 1884:0000 sid 194F hash 5410DCB7 mark 0 (373/1000000)
PEER: got request sid 1960 hash 7997EC08
PEER: replied CW for ch 1884:0000 sid 1960 hash 7997EC08 mark 0 (374/1000000)
PEER: got request sid 1971 hash 0EDAFB59
PEER: replied CW for ch 1884:0000 sid 1971 hash 0EDAFB59 mark 0 (375/1000000)
PEER: got request sid 1982 hash C997ECAA
PEER: replied CW for ch 1884:0000 sid 1982 hash C997ECAA mark 0 (376/1000000)
PEER: got request sid 1993 hash 8A18DDFB
PEER: replied CW for ch 1884:0000 sid 1993 hash 8A18DDFB mark 0 (377/1000000)
PEER: got request sid 19A4 hash 4FFD2D4C
PEER: replied CW for ch 1884:0000 sid 19A4 hash 4FFD2D4C mark 0 (378/1000000)
PEER: got request sid 19B5 hash B47B7D9D
PEER: replied CW for ch 1884:0000 sid 19B5 hash B47B7D9D mark 0 (379/1000000)
PEER: got MultiCS ping (peer id 0007)
PEER: sent TYPE_HELLO_ACK -- recvport and ping are now set server-side
PEER: got request sid 19C6 hash 43980CEE
PEER: replied CW for ch 1884:0000 sid 19C6 hash 43980CEE mark 0 (380/1000000)
PEER: got request sid 19D7 hash 366B7E3F
PEER: replied CW for ch 1884:0000 sid 19D7 hash 366B7E3F mark 0 (381/1000000)
PEER: got request sid 19E8 hash A902EF90
PEER: replied CW for ch 1884:0000 sid 19E8 hash A902EF90 mark 0 (382/1000000)
PEER: got request sid 19F9 hash 0ED49EE1
PEER: replied CW for ch 1884:0000 sid 19F9 hash 0ED49EE1 mark 0 (383/1000000)
PEER: got request sid 1A0A hash 81EA4E32
PEER: replied CW for ch 1884:0000 sid 1A0A hash 81EA4E32 mark 0 (384/1000000)
PEER: got request sid 1A1B hash D188BE83
PEER: replied CW for ch 1884:0000 sid 1A1B hash D188BE83 mark 0 (385/1000000)
PEER: got request sid 1A2C hash AE9F2ED4
PEER: replied CW for ch 1884:0000 sid 1A2C hash AE9F2ED4 mark 0 (386/1000000)
PEER: got request sid 1A3D hash 5BF54025
PEER: replied CW for ch 1884:0000 sid 1A3D hash 5BF54025 mark 0 (387/1000000)
PEER: got request sid 1A4E hash 46975076
PEER: replied CW for ch 1884:0000 sid 1A4E hash 46975076 mark 0 (388/1000000)
PEER: got request sid 1A5F hash 6C1E5FC7
PEER: replied CW for ch 1884:0000 sid 1A5F hash 6C1E5FC7 mark 0 (389/1000000)
PEER: got request sid 1A70 hash 01616F18
PEER: replied CW for ch 1884:0000 sid 1A70 hash 01616F18 mark 0 (390/1000000)
PEER: got request sid 1A81 hash BC1E6069
PEER: replied CW for ch 1884:0000 sid 1A81 hash BC1E6069 mark 0 (391/1000000)
PEER: got request sid 1A92 hash 2E44B0BA
PEER: replied CW for ch 1884:0000 sid 1A92 hash 2E44B0BA mark 0 (392/1000000)
